bootstage.h:345:19:bootstage_relocate	0	static
board_r.c:106:12:initr_reloc	0	static
board_r.c:329:12:power_init_board	0	static
board_r.c:334:12:initr_announce	0	static
board_r.c:700:12:run_main_loop	8	static
board_r.c:611:12:initr_net	8	static
board_r.c:593:12:initr_scsi	8	static
board_r.c:546:12:initr_ethaddr	8	static
board_r.c:538:12:initr_enable_interrupts	8	static
board_r.c:521:12:initr_jumptable	8	static
board_r.c:475:12:initr_env	8	static
board_r.c:436:12:initr_mmc	8	static
board_r.c:179:12:initr_serial	8	static
board_r.c:321:12:initr_bootstage	8	static
board_r.c:298:12:initr_dm	0	static
board_r.c:265:12:initr_malloc	8	static
board_r.c:132:12:initr_reloc_global_data	8	static
board_r.c:119:12:initr_caches	8	static
board_r.c:280:12:initr_console_record	0	static
board_r.c:97:12:initr_trace	0	static
board_r.c:256:12:initr_barrier	0	static
board_r.c:69:12:board_flash_wp_on	0	static
board_r.c:79:13:cpu_secondary_init_r	0	static
board_r.c:83:12:initr_secondary_cpu	8	static
board_r.c:127:12:fixup_cpu	0	static
board_r.c:918:6:board_init_r	8	static
