console.c:171:12:console_tstc	32	static
console.c:193:13:console_putc	24	static
console.c:219:13:console_puts	24	static
console.c:421:13:pre_console_putc	0	static
console.c:23:12:on_console	24	static
console.c:272:5:serial_printf	1040	static
console.c:161:12:console_getc.isra.0	8	static
console.c:463:6:putc	8	static
console.c:391:5:tstc	0	static
console.c:363:5:getc	8	static
console.c:506:6:puts	8	static
console.c:434:13:print_pre_console_buffer	4128	static
console.c:290:5:fgetc	16	static
console.c:322:5:ftstc	0	static
console.c:330:6:fputc	0	static
console.c:336:6:fputs	0	static
console.c:342:5:fprintf	1044	static
console.c:580:5:ctrlc	8	static
console.c:601:5:confirm_yesno	16	static
console.c:628:5:disable_ctrlc	0	static
console.c:636:5:had_ctrlc	0	static
console.c:641:6:clear_ctrlc	0	static
console.c:648:19:search_device	8	static
console.c:664:5:console_assign	16	static
console.c:703:5:console_init_f	8	static
console.c:714:6:stdio_print_current_devices	8	static
console.c:741:5:console_init_r	32	static
