Archive member included to satisfy reference by file (symbol)

arch/arm/lib/lib.a(ashldi3.o)
                              lib/built-in.o (__aeabi_llsl)
arch/arm/lib/lib.a(lib1funcs.o)
                              arch/arm/mach-sunxi/built-in.o (__aeabi_uidiv)
arch/arm/lib/lib.a(lshrdi3.o)
                              lib/built-in.o (__aeabi_llsr)
arch/arm/lib/lib.a(div0.o)    arch/arm/lib/lib.a(lib1funcs.o) (__div0)

Discarded input sections

 .data          0x0000000000000000        0x0 arch/arm/cpu/armv7/start.o
 .bss           0x0000000000000000        0x0 arch/arm/cpu/armv7/start.o
 .text          0x0000000000000000        0x0 arch/arm/mach-sunxi/built-in.o
 .text.enable_caches
                0x0000000000000000        0x4 arch/arm/mach-sunxi/built-in.o
 .text.print_cpuinfo
                0x0000000000000000       0x10 arch/arm/mach-sunxi/built-in.o
 .text.sunxi_get_sid
                0x0000000000000000       0x24 arch/arm/mach-sunxi/built-in.o
 .text.mctl_mem_matches
                0x0000000000000000       0x34 arch/arm/mach-sunxi/built-in.o
 .text.sunxi_gpio_get_cfgbank
                0x0000000000000000       0x1a arch/arm/mach-sunxi/built-in.o
 .text.sunxi_gpio_get_cfgpin
                0x0000000000000000       0x24 arch/arm/mach-sunxi/built-in.o
 .text.usb_phy_write.isra.0
                0x0000000000000000       0x64 arch/arm/mach-sunxi/built-in.o
 .text.sunxi_usb_phy_enable_squelch_detect
                0x0000000000000000       0x24 arch/arm/mach-sunxi/built-in.o
 .text.sunxi_usb_phy_init
                0x0000000000000000       0x64 arch/arm/mach-sunxi/built-in.o
 .text.sunxi_usb_phy_exit
                0x0000000000000000       0x40 arch/arm/mach-sunxi/built-in.o
 .text.sunxi_usb_phy_power_on
                0x0000000000000000       0x48 arch/arm/mach-sunxi/built-in.o
 .text.sunxi_usb_phy_power_off
                0x0000000000000000       0x20 arch/arm/mach-sunxi/built-in.o
 .text.sunxi_usb_phy_vbus_detect
                0x0000000000000000       0x3c arch/arm/mach-sunxi/built-in.o
 .text.sunxi_usb_phy_id_detect
                0x0000000000000000       0x18 arch/arm/mach-sunxi/built-in.o
 .text.sunxi_usb_phy_probe
                0x0000000000000000       0xc0 arch/arm/mach-sunxi/built-in.o
 .text.sunxi_usb_phy_remove
                0x0000000000000000       0x44 arch/arm/mach-sunxi/built-in.o
 .text.clock_set_pll3
                0x0000000000000000       0x2c arch/arm/mach-sunxi/built-in.o
 .text.clock_get_pll3
                0x0000000000000000       0x1c arch/arm/mach-sunxi/built-in.o
 .text.clock_set_de_mod_clock
                0x0000000000000000       0x30 arch/arm/mach-sunxi/built-in.o
 .data.sunxi_usb_phy
                0x0000000000000000       0x60 arch/arm/mach-sunxi/built-in.o
 .bss           0x0000000000000000        0x0 arch/arm/mach-sunxi/built-in.o
 .bss.initial_usb_scan_delay
                0x0000000000000000        0x4 arch/arm/mach-sunxi/built-in.o
 .text.invalidate_icache_all
                0x0000000000000000       0x14 arch/arm/cpu/armv7/built-in.o
 .text.v7_outer_cache_enable
                0x0000000000000000        0x2 arch/arm/cpu/armv7/built-in.o
 .text.v7_outer_cache_disable
                0x0000000000000000        0x2 arch/arm/cpu/armv7/built-in.o
 .text.v7_outer_cache_flush_all
                0x0000000000000000        0x2 arch/arm/cpu/armv7/built-in.o
 .text.flush_dcache_all
                0x0000000000000000        0xe arch/arm/cpu/armv7/built-in.o
 .text.v7_outer_cache_inval_all
                0x0000000000000000        0x2 arch/arm/cpu/armv7/built-in.o
 .text.invalidate_dcache_all
                0x0000000000000000        0xe arch/arm/cpu/armv7/built-in.o
 .text.arm_init_before_mmu
                0x0000000000000000       0x22 arch/arm/cpu/armv7/built-in.o
 .text.v7_outer_cache_flush_range
                0x0000000000000000        0x2 arch/arm/cpu/armv7/built-in.o
 .text.flush_dcache_range
                0x0000000000000000       0x38 arch/arm/cpu/armv7/built-in.o
 .text.mmu_page_table_flush
                0x0000000000000000       0x1e arch/arm/cpu/armv7/built-in.o
 .text.v7_outer_cache_inval_range
                0x0000000000000000        0x2 arch/arm/cpu/armv7/built-in.o
 .text.invalidate_dcache_range
                0x0000000000000000       0x42 arch/arm/cpu/armv7/built-in.o
 .text.cpu_cache_initialization
                0x0000000000000000        0x2 arch/arm/cpu/armv7/built-in.o
 .text.cleanup_before_linux_select
                0x0000000000000000       0x38 arch/arm/cpu/armv7/built-in.o
 .text.cleanup_before_linux
                0x0000000000000000        0x6 arch/arm/cpu/armv7/built-in.o
 .text.v7_arch_cp15_set_l2aux_ctrl
                0x0000000000000000        0x6 arch/arm/cpu/armv7/built-in.o
 .text.v7_arch_cp15_set_acr
                0x0000000000000000        0x6 arch/arm/cpu/armv7/built-in.o
 .text.wait_on_value
                0x0000000000000000       0x1e arch/arm/cpu/armv7/built-in.o
 ._secure.text  0x0000000000000000      0x3ec arch/arm/cpu/armv7/built-in.o
 .text.get_gicd_base_address
                0x0000000000000000       0x2c arch/arm/cpu/armv7/built-in.o
 .text.protect_secure_section
                0x0000000000000000        0x2 arch/arm/cpu/armv7/built-in.o
 .text.smp_kick_all_cpus
                0x0000000000000000       0x18 arch/arm/cpu/armv7/built-in.o
 .text.psci_board_init
                0x0000000000000000        0x2 arch/arm/cpu/armv7/built-in.o
 .text.armv7_init_nonsec
                0x0000000000000000       0xa0 arch/arm/cpu/armv7/built-in.o
 .text.armv7_apply_memory_carveout
                0x0000000000000000        0x4 arch/arm/cpu/armv7/built-in.o
 .text.psci_update_dt
                0x0000000000000000       0x16 arch/arm/cpu/armv7/built-in.o
 .rodata.str1.1
                0x0000000000000000       0x5c arch/arm/cpu/armv7/built-in.o
 .data          0x0000000000000000        0x0 arch/arm/cpu/armv7/built-in.o
 ._secure.data  0x0000000000000000       0x10 arch/arm/cpu/armv7/built-in.o
 .bss           0x0000000000000000        0x0 arch/arm/cpu/armv7/built-in.o
 .text.board_init_f
                0x0000000000000000        0x2 arch/arm/lib/built-in.o
 .text.bootz_setup
                0x0000000000000000       0x6c arch/arm/lib/built-in.o
 .text.arch_reserve_stacks
                0x0000000000000000       0x16 arch/arm/lib/built-in.o
 .text.interrupt_init
                0x0000000000000000       0x14 arch/arm/lib/built-in.o
 .text.enable_interrupts
                0x0000000000000000        0x2 arch/arm/lib/built-in.o
 .text.bad_mode
                0x0000000000000000        0xc arch/arm/lib/built-in.o
 .text.show_regs
                0x0000000000000000      0x108 arch/arm/lib/built-in.o
 .text.do_undefined_instruction
                0x0000000000000000       0x18 arch/arm/lib/built-in.o
 .text.do_software_interrupt
                0x0000000000000000       0x18 arch/arm/lib/built-in.o
 .text.do_prefetch_abort
                0x0000000000000000       0x18 arch/arm/lib/built-in.o
 .text.do_data_abort
                0x0000000000000000       0x18 arch/arm/lib/built-in.o
 .text.do_not_used
                0x0000000000000000       0x18 arch/arm/lib/built-in.o
 .text.do_fiq   0x0000000000000000       0x18 arch/arm/lib/built-in.o
 .text.do_irq   0x0000000000000000       0x18 arch/arm/lib/built-in.o
 .text.enable_caches
                0x0000000000000000        0xc arch/arm/lib/built-in.o
 .text.invalidate_dcache_range
                0x0000000000000000        0x2 arch/arm/lib/built-in.o
 .text.flush_dcache_range
                0x0000000000000000        0x2 arch/arm/lib/built-in.o
 .text.flush_cache
                0x0000000000000000        0x6 arch/arm/lib/built-in.o
 .text.flush_dcache_all
                0x0000000000000000        0xa arch/arm/lib/built-in.o
 .text.check_cache_range
                0x0000000000000000       0x14 arch/arm/lib/built-in.o
 .text.invalidate_l2_cache
                0x0000000000000000        0xc arch/arm/lib/built-in.o
 .text.cp_delay
                0x0000000000000000       0x18 arch/arm/lib/built-in.o
 .text.cache_disable
                0x0000000000000000       0x34 arch/arm/lib/built-in.o
 .text.arm_init_before_mmu
                0x0000000000000000        0x2 arch/arm/lib/built-in.o
 .text.arm_init_domains
                0x0000000000000000        0x2 arch/arm/lib/built-in.o
 .text.set_section_dcache
                0x0000000000000000       0x12 arch/arm/lib/built-in.o
 .text.mmu_page_table_flush
                0x0000000000000000        0x2 arch/arm/lib/built-in.o
 .text.mmu_set_region_dcache_behaviour
                0x0000000000000000       0x40 arch/arm/lib/built-in.o
 .text.dram_bank_mmu_setup
                0x0000000000000000       0x2a arch/arm/lib/built-in.o
 .text.icache_enable
                0x0000000000000000       0x18 arch/arm/lib/built-in.o
 .text.icache_disable
                0x0000000000000000        0x8 arch/arm/lib/built-in.o
 .text.icache_status
                0x0000000000000000        0xa arch/arm/lib/built-in.o
 .text.dcache_enable
                0x0000000000000000       0x72 arch/arm/lib/built-in.o
 .text.dcache_disable
                0x0000000000000000        0x6 arch/arm/lib/built-in.o
 .text.dcache_status
                0x0000000000000000        0xa arch/arm/lib/built-in.o
 .text.fdt_psci
                0x0000000000000000      0x16c arch/arm/lib/built-in.o
 .rodata        0x0000000000000000       0x80 arch/arm/lib/built-in.o
 .__secure_end  0x0000000000000000        0x0 arch/arm/lib/built-in.o
 .__rel_dyn_end
                0x0000000000000000        0x0 arch/arm/lib/built-in.o
 .__image_copy_end
                0x0000000000000000        0x0 arch/arm/lib/built-in.o
 .__image_copy_start
                0x0000000000000000        0x0 arch/arm/lib/built-in.o
 .__efi_runtime_rel_start
                0x0000000000000000        0x0 arch/arm/lib/built-in.o
 .__secure_stack_start
                0x0000000000000000        0x0 arch/arm/lib/built-in.o
 .__secure_stack_end
                0x0000000000000000        0x0 arch/arm/lib/built-in.o
 .__efi_runtime_stop
                0x0000000000000000        0x0 arch/arm/lib/built-in.o
 .__end         0x0000000000000000        0x0 arch/arm/lib/built-in.o
 .__efi_runtime_rel_stop
                0x0000000000000000        0x0 arch/arm/lib/built-in.o
 .__efi_runtime_start
                0x0000000000000000        0x0 arch/arm/lib/built-in.o
 .__rel_dyn_start
                0x0000000000000000        0x0 arch/arm/lib/built-in.o
 .__secure_start
                0x0000000000000000        0x0 arch/arm/lib/built-in.o
 .bss           0x0000000000000000        0x0 arch/arm/lib/built-in.o
 .text          0x0000000000000000        0x0 board/sunxi/built-in.o
 .text.setup_environment
                0x0000000000000000       0xd0 board/sunxi/built-in.o
 .text.board_init
                0x0000000000000000       0x44 board/sunxi/built-in.o
 .text.dram_init
                0x0000000000000000       0x16 board/sunxi/built-in.o
 .text.get_board_serial
                0x0000000000000000       0x24 board/sunxi/built-in.o
 .text.misc_init_r
                0x0000000000000000       0x94 board/sunxi/built-in.o
 .text.ft_board_setup
                0x0000000000000000       0x12 board/sunxi/built-in.o
 .text.eth_init_board
                0x0000000000000000       0x34 board/sunxi/built-in.o
 .text.scsi_init
                0x0000000000000000      0x144 board/sunxi/built-in.o
 .data          0x0000000000000000        0x0 board/sunxi/built-in.o
 .bss           0x0000000000000000        0x0 board/sunxi/built-in.o
 .text          0x0000000000000000        0x0 common/spl/built-in.o
 .text.spl_board_prepare_for_linux
                0x0000000000000000        0x2 common/spl/built-in.o
 .text.spl_early_init
                0x0000000000000000       0x1c common/spl/built-in.o
 .text.spl_start_uboot
                0x0000000000000000        0x4 common/spl/built-in.o
 .bss           0x0000000000000000        0x0 common/spl/built-in.o
 .bss.boot_params_ptr
                0x0000000000000000        0x4 common/spl/built-in.o
 .text          0x0000000000000000        0x0 common/init/built-in.o
 .text.show_boot_progress
                0x0000000000000000        0x2 common/init/built-in.o
 .data          0x0000000000000000        0x0 common/init/built-in.o
 .bss           0x0000000000000000        0x0 common/init/built-in.o
 .text          0x0000000000000000        0x0 common/built-in.o
 .text.env_get_char_spec
                0x0000000000000000        0x8 common/built-in.o
 .text.env_get_addr
                0x0000000000000000       0x18 common/built-in.o
 .text.env_get_char_memory
                0x0000000000000000        0xa common/built-in.o
 .text.env_get_char
                0x0000000000000000       0x20 common/built-in.o
 .text.getenv_yesno
                0x0000000000000000       0x2a common/built-in.o
 .text.getenv_default
                0x0000000000000000       0x2a common/built-in.o
 .text.set_default_env
                0x0000000000000000       0x8c common/built-in.o
 .text.set_default_vars
                0x0000000000000000       0x28 common/built-in.o
 .text.env_import
                0x0000000000000000       0x94 common/built-in.o
 .text.env_export
                0x0000000000000000       0x68 common/built-in.o
 .text.env_relocate
                0x0000000000000000        0xe common/built-in.o
 .text.console_setfile
                0x0000000000000000       0x74 common/built-in.o
 .text.serial_printf
                0x0000000000000000       0x32 common/built-in.o
 .text.fgetc    0x0000000000000000       0x18 common/built-in.o
 .text.getc     0x0000000000000000       0x1a common/built-in.o
 .text.ftstc    0x0000000000000000       0x18 common/built-in.o
 .text.tstc     0x0000000000000000       0x1a common/built-in.o
 .text.fputc    0x0000000000000000       0x14 common/built-in.o
 .text.fputs    0x0000000000000000       0x14 common/built-in.o
 .text.fprintf  0x0000000000000000       0x36 common/built-in.o
 .text.ctrlc    0x0000000000000000       0x38 common/built-in.o
 .text.confirm_yesno
                0x0000000000000000       0x84 common/built-in.o
 .text.disable_ctrlc
                0x0000000000000000       0x10 common/built-in.o
 .text.had_ctrlc
                0x0000000000000000        0xc common/built-in.o
 .text.clear_ctrlc
                0x0000000000000000        0xc common/built-in.o
 .text.search_device
                0x0000000000000000       0x16 common/built-in.o
 .text.console_assign
                0x0000000000000000       0x2a common/built-in.o
 .text.console_init_f
                0x0000000000000000        0xa common/built-in.o
 .text.stdio_print_current_devices
                0x0000000000000000       0x78 common/built-in.o
 .text.console_init_r
                0x0000000000000000       0x8c common/built-in.o
 .text.sbrk     0x0000000000000000       0x44 common/built-in.o
 .text.mem_malloc_init
                0x0000000000000000       0x1c common/built-in.o
 .text.malloc_trim
                0x0000000000000000       0x80 common/built-in.o
 .text.fREe     0x0000000000000000      0x16c common/built-in.o
 .text.mALLOc   0x0000000000000000      0x41c common/built-in.o
 .text.cALLOc   0x0000000000000000       0x96 common/built-in.o
 .text.rEALLOc  0x0000000000000000      0x2e4 common/built-in.o
 .text.mEMALIGn
                0x0000000000000000      0x10c common/built-in.o
 .text.vALLOc   0x0000000000000000        0xa common/built-in.o
 .text.pvALLOc  0x0000000000000000       0x14 common/built-in.o
 .text.cfree    0x0000000000000000        0x4 common/built-in.o
 .text.malloc_usable_size
                0x0000000000000000       0x2a common/built-in.o
 .text.mALLOPt  0x0000000000000000       0x30 common/built-in.o
 .text.initf_malloc
                0x0000000000000000       0x14 common/built-in.o
 .text.memalign_simple
                0x0000000000000000       0x32 common/built-in.o
 .text.image_check_hcrc
                0x0000000000000000       0x2a common/built-in.o
 .text.image_check_dcrc
                0x0000000000000000       0x22 common/built-in.o
 .text.image_multi_count
                0x0000000000000000       0x12 common/built-in.o
 .text.image_multi_getimg
                0x0000000000000000       0x4c common/built-in.o
 .text.getenv_bootm_low
                0x0000000000000000       0x20 common/built-in.o
 .text.getenv_bootm_size
                0x0000000000000000       0x44 common/built-in.o
 .text.getenv_bootm_mapsize
                0x0000000000000000       0x20 common/built-in.o
 .text.memmove_wd
                0x0000000000000000        0xa common/built-in.o
 .text.genimg_print_size
                0x0000000000000000       0x24 common/built-in.o
 .text.get_table_entry
                0x0000000000000000       0x12 common/built-in.o
 .text.genimg_get_short_name
                0x0000000000000000       0x14 common/built-in.o
 .text.genimg_get_cat_name
                0x0000000000000000       0x38 common/built-in.o
 .text.genimg_get_cat_short_name
                0x0000000000000000       0x38 common/built-in.o
 .text.genimg_get_cat_count
                0x0000000000000000       0x10 common/built-in.o
 .text.genimg_get_cat_desc
                0x0000000000000000       0x10 common/built-in.o
 .text.get_table_entry_name
                0x0000000000000000       0x14 common/built-in.o
 .text.genimg_get_os_name
                0x0000000000000000       0x14 common/built-in.o
 .text.genimg_get_arch_name
                0x0000000000000000       0x14 common/built-in.o
 .text.genimg_get_type_name
                0x0000000000000000       0x14 common/built-in.o
 .text.genimg_get_type_short_name
                0x0000000000000000        0xc common/built-in.o
 .text.genimg_get_comp_name
                0x0000000000000000       0x14 common/built-in.o
 .text.image_print_contents
                0x0000000000000000      0x10c common/built-in.o
 .text.genimg_get_comp_short_name
                0x0000000000000000        0xc common/built-in.o
 .text.genimg_get_os_short_name
                0x0000000000000000        0xc common/built-in.o
 .text.genimg_get_arch_short_name
                0x0000000000000000        0xc common/built-in.o
 .text.get_table_entry_id
                0x0000000000000000       0x26 common/built-in.o
 .text.genimg_get_os_id
                0x0000000000000000       0x14 common/built-in.o
 .text.genimg_get_arch_id
                0x0000000000000000       0x14 common/built-in.o
 .text.genimg_get_type_id
                0x0000000000000000       0x14 common/built-in.o
 .text.genimg_get_comp_id
                0x0000000000000000       0x14 common/built-in.o
 .text.genimg_get_kernel_addr_fit
                0x0000000000000000       0x14 common/built-in.o
 .text.genimg_get_kernel_addr
                0x0000000000000000       0x18 common/built-in.o
 .text.genimg_get_format
                0x0000000000000000       0x10 common/built-in.o
 .text.genimg_get_image
                0x0000000000000000        0x2 common/built-in.o
 .text.genimg_has_config
                0x0000000000000000        0x4 common/built-in.o
 .text.boot_get_ramdisk
                0x0000000000000000      0x174 common/built-in.o
 .text.boot_ramdisk_high
                0x0000000000000000       0xcc common/built-in.o
 .text.boot_get_setup
                0x0000000000000000        0x6 common/built-in.o
 .text.image_setup_linux
                0x0000000000000000        0x4 common/built-in.o
 .text.get_effective_memsize
                0x0000000000000000        0x6 common/built-in.o
 .text.stdio_serial_tstc
                0x0000000000000000        0x4 common/built-in.o
 .text.stdio_serial_getc
                0x0000000000000000        0x4 common/built-in.o
 .text.stdio_serial_puts
                0x0000000000000000        0x6 common/built-in.o
 .text.stdio_serial_putc
                0x0000000000000000        0x6 common/built-in.o
 .text.stdio_get_list
                0x0000000000000000        0x8 common/built-in.o
 .text.stdio_get_by_name
                0x0000000000000000       0x30 common/built-in.o
 .text.stdio_clone
                0x0000000000000000       0x22 common/built-in.o
 .text.stdio_register_dev
                0x0000000000000000       0x30 common/built-in.o
 .text.stdio_register
                0x0000000000000000        0x6 common/built-in.o
 .text.stdio_init_tables
                0x0000000000000000       0x14 common/built-in.o
 .text.stdio_add_devices
                0x0000000000000000       0x8c common/built-in.o
 .text.stdio_init
                0x0000000000000000        0xe common/built-in.o
 .text.cli_simple_parse_line
                0x0000000000000000       0x54 common/built-in.o
 .text.cli_simple_process_macros
                0x0000000000000000      0x11c common/built-in.o
 .text.cli_simple_run_command
                0x0000000000000000       0xc8 common/built-in.o
 .text.cli_simple_loop
                0x0000000000000000       0x54 common/built-in.o
 .text.cli_simple_run_command_list
                0x0000000000000000       0x3a common/built-in.o
 .text.run_command
                0x0000000000000000        0xe common/built-in.o
 .text.run_command_repeatable
                0x0000000000000000       0x12 common/built-in.o
 .text.run_command_list
                0x0000000000000000       0x38 common/built-in.o
 .text.do_run   0x0000000000000000       0x50 common/built-in.o
 .text.cli_loop
                0x0000000000000000        0x8 common/built-in.o
 .text.cli_init
                0x0000000000000000        0x4 common/built-in.o
 .text.delete_char.part.0
                0x0000000000000000       0x84 common/built-in.o
 .text.cli_readline_into_buffer
                0x0000000000000000      0x128 common/built-in.o
 .text.cli_readline
                0x0000000000000000       0x10 common/built-in.o
 .text.find_cmd_tbl
                0x0000000000000000       0x64 common/built-in.o
 .text.find_cmd
                0x0000000000000000       0x1c common/built-in.o
 .text.cmd_usage
                0x0000000000000000       0x14 common/built-in.o
 .text._do_help
                0x0000000000000000       0xfc common/built-in.o
 .text.cmd_get_data_size
                0x0000000000000000       0x38 common/built-in.o
 .text.cmd_process
                0x0000000000000000       0x94 common/built-in.o
 .text.cmd_process_error
                0x0000000000000000       0x1c common/built-in.o
 .text.hex1_bin
                0x0000000000000000       0x2a common/built-in.o
 .text.hex2_bin
                0x0000000000000000       0x24 common/built-in.o
 .text.srec_decode
                0x0000000000000000      0x184 common/built-in.o
 .text.CYGACC_COMM_IF_GETC_TIMEOUT.isra.0
                0x0000000000000000       0x2e common/built-in.o
 .text.xyzModem_flush
                0x0000000000000000       0x14 common/built-in.o
 .text.xyzModem_get_hdr
                0x0000000000000000      0x174 common/built-in.o
 .text.xyzModem_stream_open
                0x0000000000000000      0x178 common/built-in.o
 .text.xyzModem_stream_read
                0x0000000000000000      0x1c0 common/built-in.o
 .text.xyzModem_stream_close
                0x0000000000000000       0x40 common/built-in.o
 .text.xyzModem_stream_terminate
                0x0000000000000000       0x68 common/built-in.o
 .text.xyzModem_error
                0x0000000000000000       0x18 common/built-in.o
 .rodata.__func__.7268
                0x0000000000000000        0xb common/built-in.o
 .rodata.default_environment
                0x0000000000000000       0x27 common/built-in.o
 .rodata.str1.1
                0x0000000000000000      0xce3 common/built-in.o
 .rodata.__func__.7245
                0x0000000000000000       0x10 common/built-in.o
 .rodata.__func__.7261
                0x0000000000000000        0xb common/built-in.o
 .rodata.uimage_comp
                0x0000000000000000       0x54 common/built-in.o
 .rodata.uimage_os
                0x0000000000000000       0x78 common/built-in.o
 .rodata.table_info
                0x0000000000000000       0x30 common/built-in.o
 .rodata.uimage_type
                0x0000000000000000      0x180 common/built-in.o
 .rodata.uimage_arch
                0x0000000000000000      0x138 common/built-in.o
 .rodata.unknown_str.7500
                0x0000000000000000        0x9 common/built-in.o
 .rodata.tab_seq
                0x0000000000000000        0x9 common/built-in.o
 .rodata.erase_seq
                0x0000000000000000        0x4 common/built-in.o
 .rodata.CSWTCH.23
                0x0000000000000000       0x16 common/built-in.o
 .rodata.CSWTCH.28
                0x0000000000000000       0x20 common/built-in.o
 .data          0x0000000000000000        0x0 common/built-in.o
 .data.env_htab
                0x0000000000000000       0x10 common/built-in.o
 .data.av_      0x0000000000000000      0x408 common/built-in.o
 .data.sbrk_base
                0x0000000000000000        0x4 common/built-in.o
 .data.trim_threshold
                0x0000000000000000        0x4 common/built-in.o
 .data.load_addr
                0x0000000000000000        0x4 common/built-in.o
 .data.stdio_names
                0x0000000000000000        0xc common/built-in.o
 .bss           0x0000000000000000        0x0 common/built-in.o
 .bss.ctrlc_was_pressed
                0x0000000000000000        0x4 common/built-in.o
 .bss.ctrlc_disabled
                0x0000000000000000        0x4 common/built-in.o
 .bss.max_total_mem
                0x0000000000000000        0x4 common/built-in.o
 .bss.mem_malloc_brk
                0x0000000000000000        0x4 common/built-in.o
 .bss.max_sbrked_mem
                0x0000000000000000        0x4 common/built-in.o
 .bss.current_mallinfo
                0x0000000000000000       0x28 common/built-in.o
 .bss.mem_malloc_end
                0x0000000000000000        0x4 common/built-in.o
 .bss.top_pad   0x0000000000000000        0x4 common/built-in.o
 .bss.mem_malloc_start
                0x0000000000000000        0x4 common/built-in.o
 .bss.save_addr
                0x0000000000000000        0x4 common/built-in.o
 .bss.msg.7501  0x0000000000000000       0x1e common/built-in.o
 .bss.save_size
                0x0000000000000000        0x4 common/built-in.o
 .bss.devs      0x0000000000000000       0x4c common/built-in.o
 .bss.lastcommand.6973
                0x0000000000000000      0x401 common/built-in.o
 .bss.console_buffer
                0x0000000000000000      0x401 common/built-in.o
 .bss.xyz       0x0000000000000000      0x434 common/built-in.o
 .text          0x0000000000000000        0x0 cmd/built-in.o
 .text._do_env_set.isra.0.constprop.2
                0x0000000000000000      0x120 cmd/built-in.o
 .text.get_env_id
                0x0000000000000000        0xc cmd/built-in.o
 .text.setenv   0x0000000000000000       0x38 cmd/built-in.o
 .text.setenv_ulong
                0x0000000000000000       0x16 cmd/built-in.o
 .text.setenv_hex
                0x0000000000000000       0x20 cmd/built-in.o
 .text.envmatch
                0x0000000000000000       0x3c cmd/built-in.o
 .text.getenv_f
                0x0000000000000000       0x84 cmd/built-in.o
 .text.getenv   0x0000000000000000       0x50 cmd/built-in.o
 .text.getenv_hex
                0x0000000000000000       0x22 cmd/built-in.o
 .text.getenv_ulong
                0x0000000000000000       0x1c cmd/built-in.o
 .rodata.str1.1
                0x0000000000000000       0xb7 cmd/built-in.o
 .data          0x0000000000000000        0x0 cmd/built-in.o
 .data.env_id   0x0000000000000000        0x4 cmd/built-in.o
 .bss           0x0000000000000000        0x0 cmd/built-in.o
 .comment       0x0000000000000000       0x20 cmd/built-in.o
 .note.GNU-stack
                0x0000000000000000        0x0 cmd/built-in.o
 .ARM.attributes
                0x0000000000000000       0x2d cmd/built-in.o
 .debug_aranges
                0x0000000000000000       0x68 cmd/built-in.o
 .debug_info    0x0000000000000000      0xd72 cmd/built-in.o
 .debug_abbrev  0x0000000000000000      0x32c cmd/built-in.o
 .debug_line    0x0000000000000000      0x28d cmd/built-in.o
 .debug_frame   0x0000000000000000      0x144 cmd/built-in.o
 .debug_str     0x0000000000000000      0x731 cmd/built-in.o
 .debug_loc     0x0000000000000000      0x67e cmd/built-in.o
 .debug_ranges  0x0000000000000000       0xa0 cmd/built-in.o
 .text          0x0000000000000000        0x0 lib/built-in.o
 .text.drop_var_from_set.part.2
                0x0000000000000000       0x2e lib/built-in.o
 .text.hcreate_r
                0x0000000000000000       0x60 lib/built-in.o
 .text.hdestroy_r
                0x0000000000000000       0x14 lib/built-in.o
 .text.hmatch_r
                0x0000000000000000       0x5c lib/built-in.o
 .text.hsearch_r
                0x0000000000000000      0x2ac lib/built-in.o
 .text.hdelete_r
                0x0000000000000000       0x94 lib/built-in.o
 .text.himport_r
                0x0000000000000000      0x22c lib/built-in.o
 .text.hwalk_r  0x0000000000000000       0x30 lib/built-in.o
 .text.display_options
                0x0000000000000000       0x18 lib/built-in.o
 .text.print_freq
                0x0000000000000000      0x11c lib/built-in.o
 .text.print_size
                0x0000000000000000       0xe0 lib/built-in.o
 .text.print_buffer
                0x0000000000000000      0x114 lib/built-in.o
 .text.crc32_no_comp
                0x0000000000000000       0x8c lib/built-in.o
 .text.crc32    0x0000000000000000        0xc lib/built-in.o
 .text.crc32_wd
                0x0000000000000000        0x4 lib/built-in.o
 .text.crc32_wd_buf
                0x0000000000000000       0x22 lib/built-in.o
 .text.div_s64_rem
                0x0000000000000000       0xae lib/built-in.o
 .text.div64_u64_rem
                0x0000000000000000      0x118 lib/built-in.o
 .text.div64_u64
                0x0000000000000000       0xf8 lib/built-in.o
 .text.div64_s64
                0x0000000000000000       0x34 lib/built-in.o
 .text.iter_div_u64_rem
                0x0000000000000000       0x28 lib/built-in.o
 .text.copy_from_user
                0x0000000000000000        0xa lib/built-in.o
 .text.kmalloc  0x0000000000000000       0x20 lib/built-in.o
 .text.get_mem  0x0000000000000000       0x10 lib/built-in.o
 .text.kmem_cache_alloc
                0x0000000000000000        0x8 lib/built-in.o
 .text.skip_spaces
                0x0000000000000000       0x18 lib/built-in.o
 .text.strim    0x0000000000000000       0x34 lib/built-in.o
 .text.membuff_purge
                0x0000000000000000        0x8 lib/built-in.o
 .text.membuff_putraw
                0x0000000000000000       0x6a lib/built-in.o
 .text.membuff_putbyte
                0x0000000000000000       0x1c lib/built-in.o
 .text.membuff_getraw
                0x0000000000000000       0x52 lib/built-in.o
 .text.membuff_getbyte
                0x0000000000000000       0x24 lib/built-in.o
 .text.membuff_peekbyte
                0x0000000000000000       0x22 lib/built-in.o
 .text.membuff_get
                0x0000000000000000       0x44 lib/built-in.o
 .text.membuff_put
                0x0000000000000000       0x3a lib/built-in.o
 .text.membuff_isempty
                0x0000000000000000        0xc lib/built-in.o
 .text.membuff_avail
                0x0000000000000000       0x34 lib/built-in.o
 .text.membuff_size
                0x0000000000000000        0x6 lib/built-in.o
 .text.membuff_makecontig
                0x0000000000000000       0x44 lib/built-in.o
 .text.membuff_free
                0x0000000000000000       0x1a lib/built-in.o
 .text.membuff_readline
                0x0000000000000000       0x6e lib/built-in.o
 .text.membuff_extend_by
                0x0000000000000000       0x78 lib/built-in.o
 .text.membuff_init
                0x0000000000000000        0xc lib/built-in.o
 .text.membuff_new
                0x0000000000000000       0x22 lib/built-in.o
 .text.membuff_uninit
                0x0000000000000000        0xc lib/built-in.o
 .text.membuff_dispose
                0x0000000000000000        0xc lib/built-in.o
 .text.emit     0x0000000000000000       0x20 lib/built-in.o
 .text.store_char_in_data
                0x0000000000000000       0x24 lib/built-in.o
 .text.get_escape_char
                0x0000000000000000       0x48 lib/built-in.o
 .text.relocate
                0x0000000000000000       0x2a lib/built-in.o
 .text.match    0x0000000000000000      0x264 lib/built-in.o
 .text.loop_greedy
                0x0000000000000000       0x56 lib/built-in.o
 .text.loop_non_greedy
                0x0000000000000000       0x4c lib/built-in.o
 .text.quantifier
                0x0000000000000000       0x5c lib/built-in.o
 .text.fixup_branch
                0x0000000000000000       0x28 lib/built-in.o
 .text.compile  0x0000000000000000      0x230 lib/built-in.o
 .text.slre_compile
                0x0000000000000000       0x90 lib/built-in.o
 .text.slre_match
                0x0000000000000000       0x58 lib/built-in.o
 .text.strncasecmp
                0x0000000000000000       0x54 lib/built-in.o
 .text.strcasecmp
                0x0000000000000000        0x8 lib/built-in.o
 .text.strcpy   0x0000000000000000       0x10 lib/built-in.o
 .text.strncpy  0x0000000000000000       0x18 lib/built-in.o
 .text.strcat   0x0000000000000000       0x1e lib/built-in.o
 .text.strncat  0x0000000000000000       0x2a lib/built-in.o
 .text.strcmp   0x0000000000000000       0x16 lib/built-in.o
 .text.strncmp  0x0000000000000000       0x22 lib/built-in.o
 .text.strchr   0x0000000000000000       0x18 lib/built-in.o
 .text.strlen   0x0000000000000000       0x10 lib/built-in.o
 .text.strlcpy  0x0000000000000000       0x2e lib/built-in.o
 .text.strrchr  0x0000000000000000       0x20 lib/built-in.o
 .text.strnlen  0x0000000000000000       0x18 lib/built-in.o
 .text.strdup   0x0000000000000000       0x22 lib/built-in.o
 .text.strspn   0x0000000000000000       0x1e lib/built-in.o
 .text.strpbrk  0x0000000000000000       0x20 lib/built-in.o
 .text.strtok   0x0000000000000000       0x44 lib/built-in.o
 .text.strsep   0x0000000000000000       0x1e lib/built-in.o
 .text.strswab  0x0000000000000000       0x26 lib/built-in.o
 .text.memmove  0x0000000000000000       0x32 lib/built-in.o
 .text.memscan  0x0000000000000000       0x16 lib/built-in.o
 .text.strstr   0x0000000000000000       0x48 lib/built-in.o
 .text.memchr   0x0000000000000000       0x1c lib/built-in.o
 .text.memchr_inv
                0x0000000000000000       0xac lib/built-in.o
 .text.table_compute_checksum
                0x0000000000000000       0x1a lib/built-in.o
 .text.get_ticks
                0x0000000000000000       0x32 lib/built-in.o
 .text.timer_init
                0x0000000000000000        0x4 lib/built-in.o
 .text.get_timer
                0x0000000000000000       0x10 lib/built-in.o
 .text.__udelay
                0x0000000000000000       0x88 lib/built-in.o
 .text.putc_outstr
                0x0000000000000000        0xa lib/built-in.o
 .text.sprintf  0x0000000000000000       0x2c lib/built-in.o
 .text.snprintf
                0x0000000000000000       0x2c lib/built-in.o
 .text.__assert_fail
                0x0000000000000000       0x14 lib/built-in.o
 .text.panic_str
                0x0000000000000000        0xa lib/built-in.o
 .text.strict_strtoul
                0x0000000000000000       0x42 lib/built-in.o
 .text.ustrtoul
                0x0000000000000000       0x3c lib/built-in.o
 .text.simple_strtoull
                0x0000000000000000       0x9c lib/built-in.o
 .text.ustrtoull
                0x0000000000000000       0x4e lib/built-in.o
 .text.trailing_strtoln
                0x0000000000000000       0x4c lib/built-in.o
 .text.trailing_strtol
                0x0000000000000000        0x6 lib/built-in.o
 .rodata.names.7055
                0x0000000000000000        0x3 lib/built-in.o
 .rodata.names.7089
                0x0000000000000000        0x6 lib/built-in.o
 .rodata.crc_table
                0x0000000000000000      0x400 lib/built-in.o
 .data          0x0000000000000000        0x0 lib/built-in.o
 .data.cur      0x0000000000000000        0x4 lib/built-in.o
 .data.current  0x0000000000000000        0x4 lib/built-in.o
 .bss           0x0000000000000000        0x0 lib/built-in.o
 .bss.errno     0x0000000000000000        0x4 lib/built-in.o
 .bss.___strtok
                0x0000000000000000        0x4 lib/built-in.o
 .text          0x0000000000000000        0x0 disk/built-in.o
 .text.blk_get_dev
                0x0000000000000000       0x1c disk/built-in.o
 .text.dev_print
                0x0000000000000000      0x194 disk/built-in.o
 .text.part_print
                0x0000000000000000       0x38 disk/built-in.o
 .text.part_get_info
                0x0000000000000000       0x3c disk/built-in.o
 .text.blk_get_device_by_str
                0x0000000000000000       0xc0 disk/built-in.o
 .text.blk_get_device_part_str
                0x0000000000000000      0x250 disk/built-in.o
 .text.part_get_info_by_name
                0x0000000000000000       0x5c disk/built-in.o
 .text.part_set_generic_name
                0x0000000000000000       0x34 disk/built-in.o
 .rodata.CSWTCH.47
                0x0000000000000000       0x20 disk/built-in.o
 .rodata.str1.1
                0x0000000000000000      0x328 disk/built-in.o
 .data          0x0000000000000000        0x0 disk/built-in.o
 .bss           0x0000000000000000        0x0 disk/built-in.o
 .text          0x0000000000000000        0x0 drivers/built-in.o
 .text.i2c_init_board
                0x0000000000000000        0x2 drivers/built-in.o
 .text.i2c_early_init_f
                0x0000000000000000        0x2 drivers/built-in.o
 .text.i2c_get_bus_num
                0x0000000000000000        0x6 drivers/built-in.o
 .text.i2c_set_bus_num
                0x0000000000000000       0x80 drivers/built-in.o
 .text.i2c_init_all
                0x0000000000000000       0x10 drivers/built-in.o
 .text.i2c_probe
                0x0000000000000000       0x20 drivers/built-in.o
 .text.i2c_set_bus_speed
                0x0000000000000000       0x44 drivers/built-in.o
 .text.i2c_get_bus_speed
                0x0000000000000000        0xe drivers/built-in.o
 .text.i2c_reg_read
                0x0000000000000000       0x18 drivers/built-in.o
 .text.i2c_reg_write
                0x0000000000000000       0x16 drivers/built-in.o
 .text.sunxi_gpio_output
                0x0000000000000000       0x44 drivers/built-in.o
 .text.gpio_free
                0x0000000000000000        0x4 drivers/built-in.o
 .text.gpio_direction_output
                0x0000000000000000       0x18 drivers/built-in.o
 .text.gpio_set_value
                0x0000000000000000        0x4 drivers/built-in.o
 .text.sunxi_name_to_gpio_bank
                0x0000000000000000       0x24 drivers/built-in.o
 .text.get_mmc_num
                0x0000000000000000        0xc drivers/built-in.o
 .text.print_mmc_devices
                0x0000000000000000       0x84 drivers/built-in.o
 .text.mmc_destroy
                0x0000000000000000        0x2 drivers/built-in.o
 .text.board_mmc_getwp
                0x0000000000000000        0x6 drivers/built-in.o
 .text.mmc_getwp
                0x0000000000000000       0x20 drivers/built-in.o
 .text.mmc_hwpart_config
                0x0000000000000000      0x2d4 drivers/built-in.o
 .text.mmc_set_dsr
                0x0000000000000000        0x6 drivers/built-in.o
 .text.board_mmc_init
                0x0000000000000000        0x6 drivers/built-in.o
 .text.mmc_set_preinit
                0x0000000000000000        0x6 drivers/built-in.o
 .text.serial_stub_start
                0x0000000000000000        0x6 drivers/built-in.o
 .text.serial_stub_stop
                0x0000000000000000        0x6 drivers/built-in.o
 .text.serial_stub_putc
                0x0000000000000000        0x8 drivers/built-in.o
 .text.serial_stub_puts
                0x0000000000000000        0x8 drivers/built-in.o
 .text.serial_stub_getc
                0x0000000000000000        0x6 drivers/built-in.o
 .text.serial_stub_tstc
                0x0000000000000000        0x6 drivers/built-in.o
 .text.serial_null
                0x0000000000000000        0x2 drivers/built-in.o
 .text.serial_register
                0x0000000000000000       0x10 drivers/built-in.o
 .text.serial_stdio_init
                0x0000000000000000       0x64 drivers/built-in.o
 .text.serial_assign
                0x0000000000000000       0x2c drivers/built-in.o
 .text.serial_initialize
                0x0000000000000000       0xc6 drivers/built-in.o
 .text.serial_reinit_all
                0x0000000000000000       0x18 drivers/built-in.o
 .text.serial_setbrg
                0x0000000000000000        0xe drivers/built-in.o
 .text.serial_getc
                0x0000000000000000        0xe drivers/built-in.o
 .text.serial_tstc
                0x0000000000000000        0xe drivers/built-in.o
 .text.default_serial_puts
                0x0000000000000000       0x1a drivers/built-in.o
 .text.eserial2_putc
                0x0000000000000000        0x6 drivers/built-in.o
 .text.eserial3_putc
                0x0000000000000000        0x6 drivers/built-in.o
 .text.eserial4_putc
                0x0000000000000000        0x6 drivers/built-in.o
 .text.eserial5_putc
                0x0000000000000000        0x6 drivers/built-in.o
 .text.eserial2_puts
                0x0000000000000000        0x6 drivers/built-in.o
 .text.eserial3_puts
                0x0000000000000000        0x6 drivers/built-in.o
 .text.eserial4_puts
                0x0000000000000000        0x6 drivers/built-in.o
 .text.eserial5_puts
                0x0000000000000000        0x6 drivers/built-in.o
 .text.eserial4_tstc
                0x0000000000000000        0xc drivers/built-in.o
 .text.eserial5_getc
                0x0000000000000000       0x10 drivers/built-in.o
 .text.eserial2_setbrg
                0x0000000000000000        0x6 drivers/built-in.o
 .text.eserial3_setbrg
                0x0000000000000000        0x6 drivers/built-in.o
 .text.eserial4_setbrg
                0x0000000000000000        0x6 drivers/built-in.o
 .text.eserial5_setbrg
                0x0000000000000000        0x6 drivers/built-in.o
 .text.eserial2_init
                0x0000000000000000       0x24 drivers/built-in.o
 .text.eserial3_init
                0x0000000000000000       0x24 drivers/built-in.o
 .text.eserial4_init
                0x0000000000000000       0x24 drivers/built-in.o
 .text.eserial5_init
                0x0000000000000000       0x24 drivers/built-in.o
 .text.eserial5_tstc
                0x0000000000000000        0xc drivers/built-in.o
 .text.eserial2_getc
                0x0000000000000000       0x10 drivers/built-in.o
 .text.eserial2_tstc
                0x0000000000000000        0xc drivers/built-in.o
 .text.eserial3_getc
                0x0000000000000000       0x10 drivers/built-in.o
 .text.eserial3_tstc
                0x0000000000000000        0xc drivers/built-in.o
 .text.eserial4_getc
                0x0000000000000000       0x10 drivers/built-in.o
 .text.ns16550_serial_initialize
                0x0000000000000000       0x38 drivers/built-in.o
 .text.do_poweroff
                0x0000000000000000        0xc drivers/built-in.o
 .text.get_desc
                0x0000000000000000       0x3a drivers/built-in.o
 .text.blk_list_part
                0x0000000000000000       0x52 drivers/built-in.o
 .text.blk_print_part_devnum
                0x0000000000000000       0x36 drivers/built-in.o
 .text.blk_list_devices
                0x0000000000000000       0x40 drivers/built-in.o
 .text.blk_print_device_num
                0x0000000000000000       0x3c drivers/built-in.o
 .text.blk_show_device
                0x0000000000000000       0x58 drivers/built-in.o
 .text.blk_get_devnum_by_type
                0x0000000000000000       0x20 drivers/built-in.o
 .text.blk_get_devnum_by_typename
                0x0000000000000000       0x40 drivers/built-in.o
 .text.blk_read_devnum
                0x0000000000000000       0x5c drivers/built-in.o
 .text.blk_write_devnum
                0x0000000000000000       0x3a drivers/built-in.o
 .text.blk_select_hwpart_devnum
                0x0000000000000000       0x2a drivers/built-in.o
 .text.ata_id_strcpy
                0x0000000000000000       0x22 drivers/built-in.o
 .text.ahci_device_data_io.constprop.3
                0x0000000000000000      0x164 drivers/built-in.o
 .text.ata_scsiop_inquiry
                0x0000000000000000      0x104 drivers/built-in.o
 .text.ahci_port_start
                0x0000000000000000       0xdc drivers/built-in.o
 .text.ata_scsiop_read_write
                0x0000000000000000      0x1d4 drivers/built-in.o
 .text.ahci_port_base
                0x0000000000000000        0x8 drivers/built-in.o
 .text.ahci_link_up
                0x0000000000000000       0x2e drivers/built-in.o
 .text.ahci_reset
                0x0000000000000000       0x4c drivers/built-in.o
 .text.scsi_exec
                0x0000000000000000      0x100 drivers/built-in.o
 .text.scsi_low_level_init
                0x0000000000000000       0x2c drivers/built-in.o
 .text.ahci_init
                0x0000000000000000      0x420 drivers/built-in.o
 .text.scsi_init
                0x0000000000000000        0x2 drivers/built-in.o
 .text.scsi_bus_reset
                0x0000000000000000        0x2 drivers/built-in.o
 .text.scsi_print_error
                0x0000000000000000        0x2 drivers/built-in.o
 .text.ata_id_n_sectors
                0x0000000000000000       0x52 drivers/built-in.o
 .text.ata_dev_classify
                0x0000000000000000       0x3a drivers/built-in.o
 .text.ata_id_c_string
                0x0000000000000000       0x48 drivers/built-in.o
 .text.ata_dump_id
                0x0000000000000000       0xe0 drivers/built-in.o
 .text.ata_swap_buf_le16
                0x0000000000000000        0x2 drivers/built-in.o
 .rodata.hdr.9497
                0x0000000000000000        0x5 drivers/built-in.o
 .rodata.__func__.9503
                0x0000000000000000       0x13 drivers/built-in.o
 .rodata.__func__.9452
                0x0000000000000000       0x10 drivers/built-in.o
 .rodata.__func__.9564
                0x0000000000000000        0xa drivers/built-in.o
 .data          0x0000000000000000        0x0 drivers/built-in.o
 .data.eserial2_device
                0x0000000000000000       0x30 drivers/built-in.o
 .data.eserial3_device
                0x0000000000000000       0x30 drivers/built-in.o
 .data.eserial4_device
                0x0000000000000000       0x30 drivers/built-in.o
 .data.eserial5_device
                0x0000000000000000       0x30 drivers/built-in.o
 .bss           0x0000000000000000        0x0 drivers/built-in.o
 .bss.serial_devices
                0x0000000000000000        0x4 drivers/built-in.o
 .bss.ataid     0x0000000000000000       0x80 drivers/built-in.o
 .bss.probe_ent
                0x0000000000000000        0x4 drivers/built-in.o
 .text          0x0000000000000000        0x0 arch/arm/lib/eabi_compat.o
 .data          0x0000000000000000        0x0 arch/arm/lib/eabi_compat.o
 .bss           0x0000000000000000        0x0 arch/arm/lib/eabi_compat.o
 .text.raise    0x0000000000000000        0x4 arch/arm/lib/eabi_compat.o
 .text.__aeabi_unwind_cpp_pr0
                0x0000000000000000        0x2 arch/arm/lib/eabi_compat.o
 .text.__aeabi_unwind_cpp_pr1
                0x0000000000000000        0x2 arch/arm/lib/eabi_compat.o
 .text.__aeabi_memcpy
                0x0000000000000000        0x4 arch/arm/lib/eabi_compat.o
 .text.__aeabi_memset
                0x0000000000000000        0xa arch/arm/lib/eabi_compat.o
 .debug_info    0x0000000000000000      0x1ea arch/arm/lib/eabi_compat.o
 .debug_abbrev  0x0000000000000000      0x117 arch/arm/lib/eabi_compat.o
 .debug_loc     0x0000000000000000       0xfd arch/arm/lib/eabi_compat.o
 .debug_aranges
                0x0000000000000000       0x38 arch/arm/lib/eabi_compat.o
 .debug_ranges  0x0000000000000000       0x28 arch/arm/lib/eabi_compat.o
 .debug_line    0x0000000000000000       0xd9 arch/arm/lib/eabi_compat.o
 .debug_str     0x0000000000000000      0x2d7 arch/arm/lib/eabi_compat.o
 .comment       0x0000000000000000       0x20 arch/arm/lib/eabi_compat.o
 .note.GNU-stack
                0x0000000000000000        0x0 arch/arm/lib/eabi_compat.o
 .debug_frame   0x0000000000000000       0x60 arch/arm/lib/eabi_compat.o
 .ARM.attributes
                0x0000000000000000       0x2d arch/arm/lib/eabi_compat.o
 .text          0x0000000000000000        0x0 arch/arm/lib/lib.a(ashldi3.o)
 .data          0x0000000000000000        0x0 arch/arm/lib/lib.a(ashldi3.o)
 .bss           0x0000000000000000        0x0 arch/arm/lib/lib.a(ashldi3.o)
 .text          0x0000000000000000        0x0 arch/arm/lib/lib.a(lib1funcs.o)
 .data          0x0000000000000000        0x0 arch/arm/lib/lib.a(lib1funcs.o)
 .bss           0x0000000000000000        0x0 arch/arm/lib/lib.a(lib1funcs.o)
 .text.__umodsi3
                0x0000000000000000       0xa0 arch/arm/lib/lib.a(lib1funcs.o)
 .text.__modsi3
                0x0000000000000000       0xb8 arch/arm/lib/lib.a(lib1funcs.o)
 .text          0x0000000000000000        0x0 arch/arm/lib/lib.a(lshrdi3.o)
 .data          0x0000000000000000        0x0 arch/arm/lib/lib.a(lshrdi3.o)
 .bss           0x0000000000000000        0x0 arch/arm/lib/lib.a(lshrdi3.o)
 .text.__lshldi3
                0x0000000000000000       0x20 arch/arm/lib/lib.a(lshrdi3.o)
 .debug_line    0x0000000000000000       0x4d arch/arm/lib/lib.a(lshrdi3.o)
 .debug_info    0x0000000000000000       0x6b arch/arm/lib/lib.a(lshrdi3.o)
 .debug_abbrev  0x0000000000000000       0x14 arch/arm/lib/lib.a(lshrdi3.o)
 .debug_aranges
                0x0000000000000000       0x20 arch/arm/lib/lib.a(lshrdi3.o)
 .ARM.attributes
                0x0000000000000000       0x1f arch/arm/lib/lib.a(lshrdi3.o)
 .text          0x0000000000000000        0x0 arch/arm/lib/lib.a(div0.o)
 .data          0x0000000000000000        0x0 arch/arm/lib/lib.a(div0.o)
 .bss           0x0000000000000000        0x0 arch/arm/lib/lib.a(div0.o)

Memory Configuration

Name             Origin             Length             Attributes
.sram            0x0000000000000040 0x0000000000005fc0
.sdram           0x000000004ff80000 0x0000000000080000
*default*        0x0000000000000000 0xffffffffffffffff

Linker script and memory map


.text           0x0000000000000040     0x3da0
                0x0000000000000040                __start = .
 *(.vectors)
 .vectors       0x0000000000000040       0x44 arch/arm/lib/built-in.o
                0x0000000000000040                _start
                0x0000000000000060                _undefined_instruction
                0x0000000000000064                _software_interrupt
                0x0000000000000068                _prefetch_abort
                0x000000000000006c                _data_abort
                0x0000000000000070                _not_used
                0x0000000000000074                _irq
                0x0000000000000078                _fiq
 arch/arm/cpu/armv7/start.o(.text)
 .text          0x0000000000000084       0xb0 arch/arm/cpu/armv7/start.o
                0x0000000000000084                reset
                0x0000000000000088                save_boot_params_ret
                0x00000000000000c4                c_runtime_cpu_setup
                0x00000000000000d8                cpu_init_cp15
                0x000000000000012c                cpu_init_crit
 *(.text*)
 .text.spl_board_load_image
                0x0000000000000134       0x14 arch/arm/mach-sunxi/built-in.o
 .text.s_init   0x0000000000000148       0x36 arch/arm/mach-sunxi/built-in.o
                0x0000000000000148                s_init
 *fill*         0x000000000000017e        0x2 
 .text.spl_boot_device
                0x0000000000000180       0x48 arch/arm/mach-sunxi/built-in.o
                0x0000000000000180                spl_boot_device
 .text.spl_boot_mode
                0x00000000000001c8        0x4 arch/arm/mach-sunxi/built-in.o
                0x00000000000001c8                spl_boot_mode
 .text.board_init_f
                0x00000000000001cc       0x20 arch/arm/mach-sunxi/built-in.o
                0x00000000000001cc                board_init_f
 .text.reset_cpu
                0x00000000000001ec       0x20 arch/arm/mach-sunxi/built-in.o
                0x00000000000001ec                reset_cpu
 .text.clock_init_sec
                0x000000000000020c        0x2 arch/arm/mach-sunxi/built-in.o
                0x000000000000020c                clock_init_sec
 .text.gtbus_init
                0x000000000000020e        0x2 arch/arm/mach-sunxi/built-in.o
                0x000000000000020e                gtbus_init
 .text.clock_init
                0x0000000000000210       0x16 arch/arm/mach-sunxi/built-in.o
                0x0000000000000210                clock_init
 *fill*         0x0000000000000226        0x2 
 .text.mctl_await_completion
                0x0000000000000228       0x34 arch/arm/mach-sunxi/built-in.o
                0x0000000000000228                mctl_await_completion
 .text.sunxi_gpio_set_cfgbank
                0x000000000000025c       0x22 arch/arm/mach-sunxi/built-in.o
                0x000000000000025c                sunxi_gpio_set_cfgbank
 *fill*         0x000000000000027e        0x2 
 .text.sunxi_gpio_set_cfgpin
                0x0000000000000280       0x30 arch/arm/mach-sunxi/built-in.o
                0x0000000000000280                sunxi_gpio_set_cfgpin
 .text.sunxi_gpio_set_drv
                0x00000000000002b0       0x4c arch/arm/mach-sunxi/built-in.o
                0x00000000000002b0                sunxi_gpio_set_drv
 .text.sunxi_gpio_set_pull
                0x00000000000002fc       0x4c arch/arm/mach-sunxi/built-in.o
                0x00000000000002fc                sunxi_gpio_set_pull
 .text.clock_init_safe
                0x0000000000000348       0x68 arch/arm/mach-sunxi/built-in.o
                0x0000000000000348                clock_init_safe
 .text.clock_init_uart
                0x00000000000003b0       0x20 arch/arm/mach-sunxi/built-in.o
                0x00000000000003b0                clock_init_uart
 .text.clock_twi_onoff
                0x00000000000003d0       0x20 arch/arm/mach-sunxi/built-in.o
                0x00000000000003d0                clock_twi_onoff
 .text.clock_set_pll1
                0x00000000000003f0       0xe4 arch/arm/mach-sunxi/built-in.o
                0x00000000000003f0                clock_set_pll1
 .text.clock_get_pll5p
                0x00000000000004d4       0x28 arch/arm/mach-sunxi/built-in.o
                0x00000000000004d4                clock_get_pll5p
 .text.clock_get_pll6
                0x00000000000004fc       0x28 arch/arm/mach-sunxi/built-in.o
                0x00000000000004fc                clock_get_pll6
 .text.pmic_bus_init
                0x0000000000000524       0x14 arch/arm/mach-sunxi/built-in.o
                0x0000000000000524                pmic_bus_init
 .text.pmic_bus_read
                0x0000000000000538       0x16 arch/arm/mach-sunxi/built-in.o
                0x0000000000000538                pmic_bus_read
 .text.pmic_bus_write
                0x000000000000054e       0x1a arch/arm/mach-sunxi/built-in.o
                0x000000000000054e                pmic_bus_write
 .text.pmic_bus_setbits
                0x0000000000000568       0x24 arch/arm/mach-sunxi/built-in.o
                0x0000000000000568                pmic_bus_setbits
 .text.pmic_bus_clrbits
                0x000000000000058c       0x26 arch/arm/mach-sunxi/built-in.o
                0x000000000000058c                pmic_bus_clrbits
 *fill*         0x00000000000005b2        0x2 
 .text.dramc_init_helper
                0x00000000000005b4      0x5ec arch/arm/mach-sunxi/built-in.o
 .text.dramc_init
                0x0000000000000ba0       0x5e arch/arm/mach-sunxi/built-in.o
                0x0000000000000ba0                dramc_init
 *fill*         0x0000000000000bfe        0x2 
 .text          0x0000000000000c00      0x1d8 arch/arm/cpu/armv7/built-in.o
                0x0000000000000c00                __v7_flush_dcache_all
                0x0000000000000c9c                v7_flush_dcache_all
                0x0000000000000cac                __v7_invalidate_dcache_all
                0x0000000000000d48                v7_invalidate_dcache_all
                0x0000000000000d58                lowlevel_init
                0x0000000000000d74                save_boot_params
                0x0000000000000da4                return_to_fel
 .text.sdelay   0x0000000000000dd8        0x6 arch/arm/cpu/armv7/built-in.o
                0x0000000000000dd8                sdelay
 *fill*         0x0000000000000dde        0x2 
 .text.timer_init
                0x0000000000000de0       0x1c arch/arm/cpu/armv7/built-in.o
                0x0000000000000de0                timer_init
 .text.get_timer_masked
                0x0000000000000dfc       0x54 arch/arm/cpu/armv7/built-in.o
                0x0000000000000dfc                get_timer_masked
 .text.get_timer
                0x0000000000000e50        0xc arch/arm/cpu/armv7/built-in.o
                0x0000000000000e50                get_timer
 .text.__udelay
                0x0000000000000e5c       0x38 arch/arm/cpu/armv7/built-in.o
                0x0000000000000e5c                __udelay
 .text.get_ticks
                0x0000000000000e94        0xa arch/arm/cpu/armv7/built-in.o
                0x0000000000000e94                get_ticks
 .text.get_tbclk
                0x0000000000000e9e        0x6 arch/arm/cpu/armv7/built-in.o
                0x0000000000000e9e                get_tbclk
 *fill*         0x0000000000000ea4       0x1c 
 .text          0x0000000000000ec0      0x400 arch/arm/lib/built-in.o
                0x0000000000000ec0                _main
                0x0000000000000f40                memset
                0x0000000000000fe0                memcpy
 .text.disable_interrupts
                0x00000000000012c0        0x4 arch/arm/lib/built-in.o
                0x00000000000012c0                disable_interrupts
 .text.reset_misc
                0x00000000000012c4        0x2 arch/arm/lib/built-in.o
                0x00000000000012c4                reset_misc
 *fill*         0x00000000000012c6        0x2 
 .text.do_reset
                0x00000000000012c8       0x28 arch/arm/lib/built-in.o
                0x00000000000012c8                do_reset
 .text.board_mmc_init
                0x00000000000012f0       0x32 board/sunxi/built-in.o
                0x00000000000012f0                board_mmc_init
 .text.i2c_init_board
                0x0000000000001322       0x1e board/sunxi/built-in.o
                0x0000000000001322                i2c_init_board
 .text.sunxi_board_init
                0x0000000000001340       0x78 board/sunxi/built-in.o
                0x0000000000001340                sunxi_board_init
 .text.sunxi_dram_init
                0x00000000000013b8        0xc board/sunxi/built-in.o
                0x00000000000013b8                sunxi_dram_init
 .text.show_boot_progress
                0x00000000000013c4        0x2 common/spl/built-in.o
                0x00000000000013c4                show_boot_progress
 .text.spl_board_prepare_for_boot
                0x00000000000013c6        0x2 common/spl/built-in.o
                0x00000000000013c6                spl_board_prepare_for_boot
 .text.spl_set_header_raw_uboot
                0x00000000000013c8       0x1c common/spl/built-in.o
                0x00000000000013c8                spl_set_header_raw_uboot
 .text.spl_parse_image_header
                0x00000000000013e4       0x4c common/spl/built-in.o
                0x00000000000013e4                spl_parse_image_header
 .text.jump_to_image_no_args
                0x0000000000001430        0x6 common/spl/built-in.o
                0x0000000000001430                jump_to_image_no_args
 .text.spl_init
                0x0000000000001436       0x14 common/spl/built-in.o
                0x0000000000001436                spl_init
 .text.board_boot_order
                0x000000000000144a        0xc common/spl/built-in.o
                0x000000000000144a                board_boot_order
 *fill*         0x0000000000001456        0x2 
 .text.board_init_r
                0x0000000000001458       0xb4 common/spl/built-in.o
                0x0000000000001458                board_init_r
 .text.preloader_console_init
                0x000000000000150c       0x2c common/spl/built-in.o
                0x000000000000150c                preloader_console_init
 .text.spl_relocate_stack_gd
                0x0000000000001538       0x30 common/spl/built-in.o
                0x0000000000001538                spl_relocate_stack_gd
 .text.spl_mmc_get_device_index
                0x0000000000001568       0x24 common/spl/built-in.o
                0x0000000000001568                spl_mmc_get_device_index
 .text.spl_mmc_load_image
                0x000000000000158c      0x11c common/spl/built-in.o
                0x000000000000158c                spl_mmc_load_image
 .text.board_init_f_alloc_reserve
                0x00000000000016a8        0xa common/init/built-in.o
                0x00000000000016a8                board_init_f_alloc_reserve
 .text.board_init_f_init_reserve
                0x00000000000016b2       0x14 common/init/built-in.o
                0x00000000000016b2                board_init_f_init_reserve
 *fill*         0x00000000000016c6        0x2 
 .text.putc     0x00000000000016c8       0x24 common/built-in.o
                0x00000000000016c8                putc
 .text.puts     0x00000000000016ec       0x24 common/built-in.o
                0x00000000000016ec                puts
 .text.malloc_simple
                0x0000000000001710       0x28 common/built-in.o
                0x0000000000001710                malloc_simple
 .text.calloc   0x0000000000001738       0x18 common/built-in.o
                0x0000000000001738                calloc
 .text.get_ram_size
                0x0000000000001750       0x90 common/built-in.o
                0x0000000000001750                get_ram_size
 .text.__div64_32
                0x00000000000017e0       0x7e lib/built-in.o
                0x00000000000017e0                __div64_32
 *fill*         0x000000000000185e        0x2 
 .text.hang     0x0000000000001860       0x18 lib/built-in.o
                0x0000000000001860                hang
 .text.memcmp   0x0000000000001878       0x1c lib/built-in.o
                0x0000000000001878                memcmp
 .text.tick_to_time
                0x0000000000001894       0x48 lib/built-in.o
 .text.timer_get_us
                0x00000000000018dc       0x1c lib/built-in.o
                0x00000000000018dc                timer_get_us
 .text.udelay   0x00000000000018f8       0x20 lib/built-in.o
                0x00000000000018f8                udelay
 .text.putc_normal
                0x0000000000001918        0x6 lib/built-in.o
 .text.div_out  0x000000000000191e       0x32 lib/built-in.o
 .text._vprintf
                0x0000000000001950      0x1d0 lib/built-in.o
 .text.vprintf  0x0000000000001b20       0x1c lib/built-in.o
                0x0000000000001b20                vprintf
 .text.printf   0x0000000000001b3c       0x24 lib/built-in.o
                0x0000000000001b3c                printf
 .text.panic_finish
                0x0000000000001b60       0x20 lib/built-in.o
 .text.panic    0x0000000000001b80       0x14 lib/built-in.o
                0x0000000000001b80                panic
 .text.simple_strtoul
                0x0000000000001b94       0x70 lib/built-in.o
                0x0000000000001b94                simple_strtoul
 .text.simple_strtol
                0x0000000000001c04       0x1a lib/built-in.o
                0x0000000000001c04                simple_strtol
 *fill*         0x0000000000001c1e        0x2 
 .text.part_init
                0x0000000000001c20       0x2c disk/built-in.o
                0x0000000000001c20                part_init
 .text.i2c_get_adapter
                0x0000000000001c4c       0x40 drivers/built-in.o
                0x0000000000001c4c                i2c_get_adapter
 .text.i2c_init_bus
                0x0000000000001c8c       0x64 drivers/built-in.o
 .text.i2c_read
                0x0000000000001cf0       0x34 drivers/built-in.o
                0x0000000000001cf0                i2c_read
 .text.i2c_write
                0x0000000000001d24       0x34 drivers/built-in.o
                0x0000000000001d24                i2c_write
 .text.i2c_init
                0x0000000000001d58        0xe drivers/built-in.o
                0x0000000000001d58                i2c_init
 *fill*         0x0000000000001d66        0x2 
 .text.__twsi_i2c_set_bus_speed
                0x0000000000001d68       0x5c drivers/built-in.o
 .text.twsi_get_base.isra.0
                0x0000000000001dc4       0x1c drivers/built-in.o
 .text.twsi_i2c_set_bus_speed
                0x0000000000001de0       0x14 drivers/built-in.o
 .text.twsi_stop.constprop.6
                0x0000000000001df4       0x42 drivers/built-in.o
 .text.twsi_i2c_init
                0x0000000000001e36       0x3e drivers/built-in.o
 .text.twsi_wait.constprop.10
                0x0000000000001e74       0x56 drivers/built-in.o
 .text.i2c_begin.constprop.4
                0x0000000000001eca       0x3a drivers/built-in.o
 .text.twsi_i2c_probe
                0x0000000000001f04       0x42 drivers/built-in.o
 .text.twsi_i2c_write
                0x0000000000001f46       0xae drivers/built-in.o
 .text.twsi_i2c_read
                0x0000000000001ff4       0xda drivers/built-in.o
 .text.gpio_request
                0x00000000000020ce        0x4 drivers/built-in.o
                0x00000000000020ce                gpio_request
 .text.gpio_direction_input
                0x00000000000020d2        0xc drivers/built-in.o
                0x00000000000020d2                gpio_direction_input
 *fill*         0x00000000000020de        0x2 
 .text.gpio_get_value
                0x00000000000020e0       0x34 drivers/built-in.o
                0x00000000000020e0                gpio_get_value
 .text.sunxi_name_to_gpio
                0x0000000000002114       0x5c drivers/built-in.o
                0x0000000000002114                sunxi_name_to_gpio
 .text.mmc_berase
                0x0000000000002170        0x4 drivers/built-in.o
 .text.mmc_bwrite
                0x0000000000002174        0x4 drivers/built-in.o
 .text.find_mmc_device
                0x0000000000002178       0x30 drivers/built-in.o
                0x0000000000002178                find_mmc_device
 .text.mmc_select_hwpartp
                0x00000000000021a8       0x36 drivers/built-in.o
 .text.mmc_get_dev
                0x00000000000021de       0x1e drivers/built-in.o
 .text.mmc_get_next_devnum
                0x00000000000021fc       0x10 drivers/built-in.o
                0x00000000000021fc                mmc_get_next_devnum
 .text.mmc_get_blk_desc
                0x000000000000220c        0x4 drivers/built-in.o
                0x000000000000220c                mmc_get_blk_desc
 .text.mmc_do_preinit
                0x0000000000002210       0x24 drivers/built-in.o
                0x0000000000002210                mmc_do_preinit
 .text.mmc_list_init
                0x0000000000002234       0x18 drivers/built-in.o
                0x0000000000002234                mmc_list_init
 .text.mmc_list_add
                0x000000000000224c       0x14 drivers/built-in.o
                0x000000000000224c                mmc_list_add
 .text.mmc_create
                0x0000000000002260       0x84 drivers/built-in.o
                0x0000000000002260                mmc_create
 .text.mmc_set_ios
                0x00000000000022e4        0xc drivers/built-in.o
 .text.mmc_set_capacity
                0x00000000000022f0       0x76 drivers/built-in.o
 .text.board_mmc_getcd
                0x0000000000002366        0x6 drivers/built-in.o
                0x0000000000002366                board_mmc_getcd
 .text.mmc_send_cmd
                0x000000000000236c        0x8 drivers/built-in.o
                0x000000000000236c                mmc_send_cmd
 .text.mmc_send_ext_csd
                0x0000000000002374       0x2e drivers/built-in.o
 .text.mmc_go_idle
                0x00000000000023a2       0x32 drivers/built-in.o
 .text.mmc_send_op_cond_iter
                0x00000000000023d4       0x44 drivers/built-in.o
 .text.mmc_send_status
                0x0000000000002418       0x84 drivers/built-in.o
                0x0000000000002418                mmc_send_status
 .text.mmc_set_blocklen
                0x000000000000249c       0x26 drivers/built-in.o
                0x000000000000249c                mmc_set_blocklen
 *fill*         0x00000000000024c2        0x2 
 .text.mmc_bread
                0x00000000000024c4      0x120 drivers/built-in.o
                0x00000000000024c4                mmc_bread
 .text.mmc_switch
                0x00000000000025e4       0x3e drivers/built-in.o
                0x00000000000025e4                mmc_switch
 .text.mmc_switch_part
                0x0000000000002622       0x40 drivers/built-in.o
                0x0000000000002622                mmc_switch_part
 .text.mmc_getcd
                0x0000000000002662       0x20 drivers/built-in.o
                0x0000000000002662                mmc_getcd
 .text.mmc_set_clock
                0x0000000000002682       0x1c drivers/built-in.o
                0x0000000000002682                mmc_set_clock
 *fill*         0x000000000000269e        0x2 
 .text.mmc_startup
                0x00000000000026a0      0x8f0 drivers/built-in.o
 .text.board_mmc_power_init
                0x0000000000002f90        0x2 drivers/built-in.o
                0x0000000000002f90                board_mmc_power_init
 *fill*         0x0000000000002f92        0x2 
 .text.mmc_start_init
                0x0000000000002f94      0x184 drivers/built-in.o
                0x0000000000002f94                mmc_start_init
 .text.mmc_init
                0x0000000000003118       0xc8 drivers/built-in.o
                0x0000000000003118                mmc_init
 .text.cpu_mmc_init
                0x00000000000031e0        0x6 drivers/built-in.o
                0x00000000000031e0                cpu_mmc_init
 *fill*         0x00000000000031e6        0x2 
 .text.mmc_initialize
                0x00000000000031e8       0x30 drivers/built-in.o
                0x00000000000031e8                mmc_initialize
 .text.sunxi_mmc_core_init
                0x0000000000003218       0x1a drivers/built-in.o
 *fill*         0x0000000000003232        0x2 
 .text.sunxi_mmc_getcd_gpio
                0x0000000000003234       0x24 drivers/built-in.o
 .text.sunxi_mmc_getcd
                0x0000000000003258       0x1e drivers/built-in.o
 *fill*         0x0000000000003276        0x2 
 .text.mmc_update_clk.isra.1
                0x0000000000003278       0x4c drivers/built-in.o
 .text.mmc_rint_wait.isra.3
                0x00000000000032c4       0x3a drivers/built-in.o
 *fill*         0x00000000000032fe        0x2 
 .text.sunxi_mmc_send_cmd
                0x0000000000003300      0x23c drivers/built-in.o
 .text.mmc_set_mod_clk
                0x000000000000353c       0xb4 drivers/built-in.o
 .text.sunxi_mmc_set_ios
                0x00000000000035f0       0x8c drivers/built-in.o
 .text.sunxi_mmc_init
                0x000000000000367c      0x118 drivers/built-in.o
                0x000000000000367c                sunxi_mmc_init
 .text.get_current
                0x0000000000003794       0x2c drivers/built-in.o
 .text.serial_init
                0x00000000000037c0       0x1a drivers/built-in.o
                0x00000000000037c0                serial_init
 .text.serial_putc
                0x00000000000037da       0x12 drivers/built-in.o
                0x00000000000037da                serial_putc
 .text.serial_puts
                0x00000000000037ec       0x12 drivers/built-in.o
                0x00000000000037ec                serial_puts
 *fill*         0x00000000000037fe        0x2 
 .text._serial_putc
                0x0000000000003800       0x2c drivers/built-in.o
 .text.eserial1_putc
                0x000000000000382c        0x6 drivers/built-in.o
 .text._serial_puts
                0x0000000000003832       0x16 drivers/built-in.o
 .text.eserial1_puts
                0x0000000000003848        0x6 drivers/built-in.o
 *fill*         0x000000000000384e        0x2 
 .text._serial_setbrg
                0x0000000000003850       0x2c drivers/built-in.o
 .text.eserial1_setbrg
                0x000000000000387c        0x6 drivers/built-in.o
 *fill*         0x0000000000003882        0x2 
 .text.eserial1_init
                0x0000000000003884       0x24 drivers/built-in.o
 .text.eserial1_getc
                0x00000000000038a8       0x10 drivers/built-in.o
 .text.eserial1_tstc
                0x00000000000038b8        0xc drivers/built-in.o
 .text.default_serial_console
                0x00000000000038c4        0x8 drivers/built-in.o
                0x00000000000038c4                default_serial_console
 .text.ns16550_calc_divisor
                0x00000000000038cc       0x10 drivers/built-in.o
                0x00000000000038cc                ns16550_calc_divisor
 .text.NS16550_init
                0x00000000000038dc       0x4a drivers/built-in.o
                0x00000000000038dc                NS16550_init
 .text.NS16550_reinit
                0x0000000000003926       0x54 drivers/built-in.o
                0x0000000000003926                NS16550_reinit
 .text.NS16550_putc
                0x000000000000397a       0x14 drivers/built-in.o
                0x000000000000397a                NS16550_putc
 .text.NS16550_getc
                0x000000000000398e       0x16 drivers/built-in.o
                0x000000000000398e                NS16550_getc
 .text.NS16550_tstc
                0x00000000000039a4        0xe drivers/built-in.o
                0x00000000000039a4                NS16550_tstc
 .text.axp_set_dcdc2
                0x00000000000039b2       0x6a drivers/built-in.o
                0x00000000000039b2                axp_set_dcdc2
 .text.axp_set_dcdc3
                0x0000000000003a1c       0x48 drivers/built-in.o
                0x0000000000003a1c                axp_set_dcdc3
 .text.axp_set_aldo2
                0x0000000000003a64       0x62 drivers/built-in.o
                0x0000000000003a64                axp_set_aldo2
 .text.axp_set_aldo3
                0x0000000000003ac6       0x50 drivers/built-in.o
                0x0000000000003ac6                axp_set_aldo3
 *fill*         0x0000000000003b16        0x2 
 .text.axp_set_aldo4
                0x0000000000003b18       0x54 drivers/built-in.o
                0x0000000000003b18                axp_set_aldo4
 .text.axp_init
                0x0000000000003b6c       0x5c drivers/built-in.o
                0x0000000000003b6c                axp_init
 .text.blk_driver_lookup_type
                0x0000000000003bc8       0x24 drivers/built-in.o
                0x0000000000003bc8                blk_driver_lookup_type
 .text.blk_dselect_hwpart
                0x0000000000003bec       0x26 drivers/built-in.o
                0x0000000000003bec                blk_dselect_hwpart
 *fill*         0x0000000000003c12        0x2 
 .text.__ashldi3
                0x0000000000003c14       0x20 arch/arm/lib/lib.a(ashldi3.o)
                0x0000000000003c14                __ashldi3
                0x0000000000003c14                __aeabi_llsl
 .text.__udivsi3
                0x0000000000003c34       0x9c arch/arm/lib/lib.a(lib1funcs.o)
                0x0000000000003c34                __udivsi3
                0x0000000000003c34                __aeabi_uidiv
 .text.__divsi3
                0x0000000000003cd0       0xcc arch/arm/lib/lib.a(lib1funcs.o)
                0x0000000000003cd0                __aeabi_idiv
                0x0000000000003cd0                __divsi3
 .text.__aeabi_uidivmod
                0x0000000000003d9c       0x30 arch/arm/lib/lib.a(lib1funcs.o)
                0x0000000000003d9c                __aeabi_uidivmod
                0x0000000000003db4                __aeabi_idivmod
 .text.Ldiv0    0x0000000000003dcc       0x10 arch/arm/lib/lib.a(lib1funcs.o)
 .text.__div0   0x0000000000003ddc        0x4 arch/arm/lib/lib.a(div0.o)
                0x0000000000003ddc                __div0

.glue_7         0x0000000000003de0        0x0
 .glue_7        0x0000000000003de0        0x0 linker stubs

.glue_7t        0x0000000000003de0        0x0
 .glue_7t       0x0000000000003de0        0x0 linker stubs

.vfp11_veneer   0x0000000000003de0        0x0
 .vfp11_veneer  0x0000000000003de0        0x0 linker stubs

.v4_bx          0x0000000000003de0        0x0
 .v4_bx         0x0000000000003de0        0x0 linker stubs

.iplt           0x0000000000003de0        0x0
 .iplt          0x0000000000003de0        0x0 arch/arm/cpu/armv7/start.o
                0x0000000000003de0                . = ALIGN (0x4)

.rodata         0x0000000000003de0     0x1501
 *(SORT(.rodata*))
 .rodata.pll1_para
                0x0000000000003de0       0x78 arch/arm/mach-sunxi/built-in.o
 .rodata.hpcr_value
                0x0000000000003e58       0x80 arch/arm/mach-sunxi/built-in.o
 .rodata        0x0000000000003ed8       0x14 common/spl/built-in.o
 .rodata.ext_csd_bits.9262
                0x0000000000003eec       0x14 drivers/built-in.o
 .rodata.ext_to_hostcaps.9263
                0x0000000000003f00       0x1c drivers/built-in.o
 .rodata.fbase  0x0000000000003f1c       0x10 drivers/built-in.o
 .rodata.sd_au_size
                0x0000000000003f2c       0x40 drivers/built-in.o
 .rodata.widths.9264
                0x0000000000003f6c       0x14 drivers/built-in.o
 .rodata.sunxi_mmc_ops
                0x0000000000003f80       0x14 drivers/built-in.o
 .rodata.serial_ports
                0x0000000000003f94       0x18 drivers/built-in.o
 .rodata.vindex.6863
                0x0000000000003fac       0x40 drivers/built-in.o
 .rodata.tRFC_DDR3_table
                0x0000000000003fec        0xc arch/arm/mach-sunxi/built-in.o
 .rodata.str1.1
                0x0000000000003ff8       0xb7 arch/arm/mach-sunxi/built-in.o
                                         0xb8 (size before relaxing)
 .rodata.str1.1
                0x00000000000040af      0x30e arch/arm/lib/built-in.o
                                        0x357 (size before relaxing)
 .rodata.str1.1
                0x00000000000043bd      0x102 board/sunxi/built-in.o
                                        0x10d (size before relaxing)
 .rodata.str1.1
                0x00000000000044bf      0x1b7 common/spl/built-in.o
 .rodata.str1.1
                0x0000000000004676      0x1e8 lib/built-in.o
                                        0x1ea (size before relaxing)
 .rodata._ctype
                0x000000000000485e      0x100 lib/built-in.o
                0x000000000000485e                _ctype
 .rodata.str1.1
                0x000000000000495e      0x96a drivers/built-in.o
                                        0x983 (size before relaxing)
 .rodata.multipliers
                0x00000000000052c8       0x10 drivers/built-in.o
 .rodata.__func__.9296
                0x00000000000052d8        0x9 drivers/built-in.o

.rel.dyn        0x00000000000052e4        0x0
 .rel.iplt      0x00000000000052e4        0x0 arch/arm/cpu/armv7/start.o
                0x00000000000052e4                . = ALIGN (0x4)

.data           0x00000000000052e8      0x1c0
 *(SORT(.data*))
 .data          0x00000000000052e8       0xc8 arch/arm/lib/built-in.o
                0x00000000000052e8                gdata
 .data          0x00000000000053b0       0x18 arch/arm/mach-sunxi/built-in.o
                0x00000000000053b0                fel_stash
 .data.needs_init.7173
                0x00000000000053c8        0x4 arch/arm/mach-sunxi/built-in.o
 .data.dram_para
                0x00000000000053cc       0x58 board/sunxi/built-in.o
 .data          0x0000000000005424       0x50 common/spl/built-in.o
 .data.cur_dev_num
                0x0000000000005474        0x4 drivers/built-in.o
 .data.eserial1_device
                0x0000000000005478       0x30 drivers/built-in.o
                0x0000000000005478                eserial1_device

.igot.plt       0x00000000000054a8        0x0
 .igot.plt      0x00000000000054a8        0x0 arch/arm/cpu/armv7/start.o

.__bss_end      0x00000000000054a8        0x0
 .__bss_end     0x00000000000054a8        0x0 arch/arm/lib/built-in.o

.__bss_start    0x00000000000054a8        0x0
 .__bss_start   0x00000000000054a8        0x0 arch/arm/lib/built-in.o
                0x00000000000054a8                . = ALIGN (0x4)

.u_boot_list    0x00000000000054a8       0xbc
 *(SORT(.u_boot_list*))
 .u_boot_list_2_blk_driver_1
                0x00000000000054a8        0x0 drivers/built-in.o
 .u_boot_list_2_blk_driver_2_mmc
                0x00000000000054a8       0x18 drivers/built-in.o
                0x00000000000054a8                _u_boot_list_2_blk_driver_2_mmc
 .u_boot_list_2_blk_driver_3
                0x00000000000054c0        0x0 drivers/built-in.o
 .u_boot_list_2_cmd_1
                0x00000000000054c0        0x0 common/built-in.o
 .u_boot_list_2_cmd_3
                0x00000000000054c0        0x0 common/built-in.o
 .u_boot_list_2_i2c_1
                0x00000000000054c0        0x0 drivers/built-in.o
 .u_boot_list_2_i2c_2_twsi0
                0x00000000000054c0       0x2c drivers/built-in.o
                0x00000000000054c0                _u_boot_list_2_i2c_2_twsi0
 .u_boot_list_2_i2c_3
                0x00000000000054ec        0x0 drivers/built-in.o
 .u_boot_list_2_part_driver_1
                0x00000000000054ec        0x0 disk/built-in.o
 .u_boot_list_2_part_driver_3
                0x00000000000054ec        0x0 disk/built-in.o
 .u_boot_list_2_spl_image_loader_1
                0x00000000000054ec        0x0 common/spl/built-in.o
 .u_boot_list_2_spl_image_loader_2_spl_board_load_image0BOOT_DEVICE_BOARD
                0x00000000000054ec        0xc arch/arm/mach-sunxi/built-in.o
                0x00000000000054ec                _u_boot_list_2_spl_image_loader_2_spl_board_load_image0BOOT_DEVICE_BOARD
 .u_boot_list_2_spl_image_loader_2_spl_mmc_load_image0BOOT_DEVICE_MMC1
                0x00000000000054f8        0xc common/spl/built-in.o
                0x00000000000054f8                _u_boot_list_2_spl_image_loader_2_spl_mmc_load_image0BOOT_DEVICE_MMC1
 .u_boot_list_2_spl_image_loader_2_spl_mmc_load_image0BOOT_DEVICE_MMC2
                0x0000000000005504        0xc common/spl/built-in.o
                0x0000000000005504                _u_boot_list_2_spl_image_loader_2_spl_mmc_load_image0BOOT_DEVICE_MMC2
 .u_boot_list_2_spl_image_loader_2_spl_mmc_load_image0BOOT_DEVICE_MMC2_2
                0x0000000000005510        0xc common/spl/built-in.o
                0x0000000000005510                _u_boot_list_2_spl_image_loader_2_spl_mmc_load_image0BOOT_DEVICE_MMC2_2
 .u_boot_list_2_spl_image_loader_3
                0x000000000000551c        0x0 common/spl/built-in.o
 .u_boot_list_2_uclass_2_ahci
                0x000000000000551c       0x48 drivers/built-in.o
                0x000000000000551c                _u_boot_list_2_uclass_2_ahci
                0x0000000000005564                . = ALIGN (0x4)
                0x0000000000005564                __image_copy_end = .
                0x0000000000005564                _end = .

.bss            0x000000004ff80000       0xdc
                0x000000004ff80000                . = ALIGN (0x4)
                0x000000004ff80000                __bss_start = .
 *(.bss*)
 .bss.stdio_devices
                0x000000004ff80000        0xc common/built-in.o
                0x000000004ff80000                stdio_devices
 .bss.mmc_devices
                0x000000004ff8000c        0x8 drivers/built-in.o
 .bss.initialized.9317
                0x000000004ff80014        0x4 drivers/built-in.o
 .bss.mmc_host  0x000000004ff80018       0xc0 drivers/built-in.o
                0x000000004ff80018                mmc_host
 .bss.serial_current
                0x000000004ff800d8        0x4 drivers/built-in.o
                0x000000004ff800dc                . = ALIGN (0x4)
                0x000000004ff800dc                __bss_end = .
Address of section .text set to 0x40
LOAD arch/arm/cpu/armv7/start.o
START GROUP
LOAD arch/arm/mach-sunxi/built-in.o
LOAD arch/arm/cpu/armv7/built-in.o
LOAD arch/arm/cpu/built-in.o
LOAD arch/arm/lib/built-in.o
LOAD board/sunxi/built-in.o
LOAD common/spl/built-in.o
LOAD common/init/built-in.o
LOAD common/built-in.o
LOAD cmd/built-in.o
LOAD lib/built-in.o
LOAD disk/built-in.o
LOAD drivers/built-in.o
LOAD dts/built-in.o
LOAD fs/built-in.o
END GROUP
LOAD arch/arm/lib/eabi_compat.o
LOAD arch/arm/lib/lib.a
OUTPUT(u-boot-spl elf32-littlearm)

.ARM.attributes
                0x0000000000000000       0x2f
 .ARM.attributes
                0x0000000000000000       0x1f arch/arm/cpu/armv7/start.o
 .ARM.attributes
                0x000000000000001f       0x2d arch/arm/mach-sunxi/built-in.o
 .ARM.attributes
                0x000000000000004c       0x31 arch/arm/cpu/armv7/built-in.o
 .ARM.attributes
                0x000000000000007d       0x2b arch/arm/lib/built-in.o
 .ARM.attributes
                0x00000000000000a8       0x2d board/sunxi/built-in.o
 .ARM.attributes
                0x00000000000000d5       0x2d common/spl/built-in.o
 .ARM.attributes
                0x0000000000000102       0x2d common/init/built-in.o
 .ARM.attributes
                0x000000000000012f       0x2d common/built-in.o
 .ARM.attributes
                0x000000000000015c       0x2d lib/built-in.o
 .ARM.attributes
                0x0000000000000189       0x2d disk/built-in.o
 .ARM.attributes
                0x00000000000001b6       0x2d drivers/built-in.o
 .ARM.attributes
                0x00000000000001e3       0x1f arch/arm/lib/lib.a(ashldi3.o)
 .ARM.attributes
                0x0000000000000202       0x1f arch/arm/lib/lib.a(lib1funcs.o)
 .ARM.attributes
                0x0000000000000221       0x2d arch/arm/lib/lib.a(div0.o)

.comment        0x0000000000000000       0x1f
 .comment       0x0000000000000000       0x1f arch/arm/mach-sunxi/built-in.o
                                        0x120 (size before relaxing)
 .comment       0x000000000000001f      0x100 arch/arm/cpu/armv7/built-in.o
 .comment       0x000000000000001f      0x120 arch/arm/lib/built-in.o
 .comment       0x000000000000001f       0x80 board/sunxi/built-in.o
 .comment       0x000000000000001f       0x40 common/spl/built-in.o
 .comment       0x000000000000001f       0x20 common/init/built-in.o
 .comment       0x000000000000001f      0x1a0 common/built-in.o
 .comment       0x000000000000001f      0x220 lib/built-in.o
 .comment       0x000000000000001f       0x20 disk/built-in.o
 .comment       0x000000000000001f      0x1c0 drivers/built-in.o
 .comment       0x000000000000001f       0x20 arch/arm/lib/lib.a(div0.o)

.note.GNU-stack
                0x0000000000000000        0x0
 .note.GNU-stack
                0x0000000000000000        0x0 arch/arm/mach-sunxi/built-in.o
 .note.GNU-stack
                0x0000000000000000        0x0 arch/arm/cpu/armv7/built-in.o
 .note.GNU-stack
                0x0000000000000000        0x0 arch/arm/lib/built-in.o
 .note.GNU-stack
                0x0000000000000000        0x0 board/sunxi/built-in.o
 .note.GNU-stack
                0x0000000000000000        0x0 common/spl/built-in.o
 .note.GNU-stack
                0x0000000000000000        0x0 common/init/built-in.o
 .note.GNU-stack
                0x0000000000000000        0x0 common/built-in.o
 .note.GNU-stack
                0x0000000000000000        0x0 lib/built-in.o
 .note.GNU-stack
                0x0000000000000000        0x0 disk/built-in.o
 .note.GNU-stack
                0x0000000000000000        0x0 drivers/built-in.o
 .note.GNU-stack
                0x0000000000000000        0x0 arch/arm/lib/lib.a(div0.o)

.debug_line     0x0000000000000000     0x9c28
 .debug_line    0x0000000000000000       0x89 arch/arm/cpu/armv7/start.o
 .debug_line    0x0000000000000089      0xd9e arch/arm/mach-sunxi/built-in.o
 .debug_line    0x0000000000000e27      0xa95 arch/arm/cpu/armv7/built-in.o
 .debug_line    0x00000000000018bc      0xbca arch/arm/lib/built-in.o
 .debug_line    0x0000000000002486      0x5be board/sunxi/built-in.o
 .debug_line    0x0000000000002a44      0x45e common/spl/built-in.o
 .debug_line    0x0000000000002ea2      0x11b common/init/built-in.o
 .debug_line    0x0000000000002fbd     0x2273 common/built-in.o
 .debug_line    0x0000000000005230     0x1dd9 lib/built-in.o
 .debug_line    0x0000000000007009      0x33e disk/built-in.o
 .debug_line    0x0000000000007347     0x275f drivers/built-in.o
 .debug_line    0x0000000000009aa6       0x4d arch/arm/lib/lib.a(ashldi3.o)
 .debug_line    0x0000000000009af3       0xf1 arch/arm/lib/lib.a(lib1funcs.o)
 .debug_line    0x0000000000009be4       0x44 arch/arm/lib/lib.a(div0.o)

.debug_info     0x0000000000000000    0x32592
 .debug_info    0x0000000000000000       0x6f arch/arm/cpu/armv7/start.o
 .debug_info    0x000000000000006f     0x4bcf arch/arm/mach-sunxi/built-in.o
 .debug_info    0x0000000000004c3e     0x2053 arch/arm/cpu/armv7/built-in.o
 .debug_info    0x0000000000006c91     0x2dd1 arch/arm/lib/built-in.o
 .debug_info    0x0000000000009a62     0x2201 board/sunxi/built-in.o
 .debug_info    0x000000000000bc63     0x2ca6 common/spl/built-in.o
 .debug_info    0x000000000000e909      0x56c common/init/built-in.o
 .debug_info    0x000000000000ee75     0xa9ed common/built-in.o
 .debug_info    0x0000000000019862     0x6f51 lib/built-in.o
 .debug_info    0x00000000000207b3     0x1557 disk/built-in.o
 .debug_info    0x0000000000021d0a    0x1075d drivers/built-in.o
 .debug_info    0x0000000000032467       0x6b arch/arm/lib/lib.a(ashldi3.o)
 .debug_info    0x00000000000324d2       0x69 arch/arm/lib/lib.a(lib1funcs.o)
 .debug_info    0x000000000003253b       0x57 arch/arm/lib/lib.a(div0.o)

.debug_abbrev   0x0000000000000000     0xb03e
 .debug_abbrev  0x0000000000000000       0x14 arch/arm/cpu/armv7/start.o
 .debug_abbrev  0x0000000000000014     0x10e7 arch/arm/mach-sunxi/built-in.o
 .debug_abbrev  0x00000000000010fb      0xc02 arch/arm/cpu/armv7/built-in.o
 .debug_abbrev  0x0000000000001cfd      0xd46 arch/arm/lib/built-in.o
 .debug_abbrev  0x0000000000002a43      0x7c9 board/sunxi/built-in.o
 .debug_abbrev  0x000000000000320c      0x805 common/spl/built-in.o
 .debug_abbrev  0x0000000000003a11      0x196 common/init/built-in.o
 .debug_abbrev  0x0000000000003ba7     0x2349 common/built-in.o
 .debug_abbrev  0x0000000000005ef0     0x2078 lib/built-in.o
 .debug_abbrev  0x0000000000007f68      0x432 disk/built-in.o
 .debug_abbrev  0x000000000000839a     0x2c20 drivers/built-in.o
 .debug_abbrev  0x000000000000afba       0x14 arch/arm/lib/lib.a(ashldi3.o)
 .debug_abbrev  0x000000000000afce       0x12 arch/arm/lib/lib.a(lib1funcs.o)
 .debug_abbrev  0x000000000000afe0       0x5e arch/arm/lib/lib.a(div0.o)

.debug_aranges  0x0000000000000000     0x1b00
 .debug_aranges
                0x0000000000000000       0x20 arch/arm/cpu/armv7/start.o
 .debug_aranges
                0x0000000000000020      0x240 arch/arm/mach-sunxi/built-in.o
 .debug_aranges
                0x0000000000000260      0x250 arch/arm/cpu/armv7/built-in.o
 .debug_aranges
                0x00000000000004b0      0x280 arch/arm/lib/built-in.o
 .debug_aranges
                0x0000000000000730       0xc0 board/sunxi/built-in.o
 .debug_aranges
                0x00000000000007f0       0xa0 common/spl/built-in.o
 .debug_aranges
                0x0000000000000890       0x30 common/init/built-in.o
 .debug_aranges
                0x00000000000008c0      0x560 common/built-in.o
 .debug_aranges
                0x0000000000000e20      0x518 lib/built-in.o
 .debug_aranges
                0x0000000000001338       0x60 disk/built-in.o
 .debug_aranges
                0x0000000000001398      0x6e0 drivers/built-in.o
 .debug_aranges
                0x0000000000001a78       0x20 arch/arm/lib/lib.a(ashldi3.o)
 .debug_aranges
                0x0000000000001a98       0x48 arch/arm/lib/lib.a(lib1funcs.o)
 .debug_aranges
                0x0000000000001ae0       0x20 arch/arm/lib/lib.a(div0.o)

.debug_frame    0x0000000000000000     0x3ef4
 .debug_frame   0x0000000000000000      0x4e4 arch/arm/mach-sunxi/built-in.o
 .debug_frame   0x00000000000004e4      0x35c arch/arm/cpu/armv7/built-in.o
 .debug_frame   0x0000000000000840      0x3ac arch/arm/lib/built-in.o
 .debug_frame   0x0000000000000bec      0x198 board/sunxi/built-in.o
 .debug_frame   0x0000000000000d84      0x164 common/spl/built-in.o
 .debug_frame   0x0000000000000ee8       0x48 common/init/built-in.o
 .debug_frame   0x0000000000000f30      0xde0 common/built-in.o
 .debug_frame   0x0000000000001d10      0xd84 lib/built-in.o
 .debug_frame   0x0000000000002a94      0x158 disk/built-in.o
 .debug_frame   0x0000000000002bec     0x12e8 drivers/built-in.o
 .debug_frame   0x0000000000003ed4       0x20 arch/arm/lib/lib.a(div0.o)

.debug_str      0x0000000000000000     0x8a04
 .debug_str     0x0000000000000000     0x1543 arch/arm/mach-sunxi/built-in.o
                                       0x31db (size before relaxing)
 .debug_str     0x0000000000001543      0x56b arch/arm/cpu/armv7/built-in.o
                                       0x1ef0 (size before relaxing)
 .debug_str     0x0000000000001aae      0x566 arch/arm/lib/built-in.o
                                       0x26c9 (size before relaxing)
 .debug_str     0x0000000000002014      0x65e board/sunxi/built-in.o
                                       0x1b2e (size before relaxing)
 .debug_str     0x0000000000002672      0xb92 common/spl/built-in.o
                                       0x2390 (size before relaxing)
 .debug_str     0x0000000000003204       0x55 common/init/built-in.o
                                        0x59f (size before relaxing)
 .debug_str     0x0000000000003259     0x2326 common/built-in.o
                                       0x6c18 (size before relaxing)
 .debug_str     0x000000000000557f      0x8f6 lib/built-in.o
                                       0x4853 (size before relaxing)
 .debug_str     0x0000000000005e75      0x241 disk/built-in.o
                                        0x987 (size before relaxing)
 .debug_str     0x00000000000060b6     0x2933 drivers/built-in.o
                                       0x9afd (size before relaxing)
 .debug_str     0x00000000000089e9       0x1b arch/arm/lib/lib.a(div0.o)
                                        0x17b (size before relaxing)

.debug_loc      0x0000000000000000    0x1729e
 .debug_loc     0x0000000000000000     0x2141 arch/arm/mach-sunxi/built-in.o
 .debug_loc     0x0000000000002141      0x6b1 arch/arm/cpu/armv7/built-in.o
 .debug_loc     0x00000000000027f2      0x883 arch/arm/lib/built-in.o
 .debug_loc     0x0000000000003075      0x416 board/sunxi/built-in.o
 .debug_loc     0x000000000000348b      0x7da common/spl/built-in.o
 .debug_loc     0x0000000000003c65       0xb9 common/init/built-in.o
 .debug_loc     0x0000000000003d1e     0x625f common/built-in.o
 .debug_loc     0x0000000000009f7d     0x57fb lib/built-in.o
 .debug_loc     0x000000000000f778      0xc37 disk/built-in.o
 .debug_loc     0x00000000000103af     0x6eef drivers/built-in.o

.debug_ranges   0x0000000000000000     0x2568
 .debug_ranges  0x0000000000000000      0x4c0 arch/arm/mach-sunxi/built-in.o
 .debug_ranges  0x00000000000004c0      0x1f8 arch/arm/cpu/armv7/built-in.o
 .debug_ranges  0x00000000000006b8      0x168 arch/arm/lib/built-in.o
 .debug_ranges  0x0000000000000820       0xe8 board/sunxi/built-in.o
 .debug_ranges  0x0000000000000908      0x110 common/spl/built-in.o
 .debug_ranges  0x0000000000000a18       0x20 common/init/built-in.o
 .debug_ranges  0x0000000000000a38      0x5f8 common/built-in.o
 .debug_ranges  0x0000000000001030      0x818 lib/built-in.o
 .debug_ranges  0x0000000000001848       0xd8 disk/built-in.o
 .debug_ranges  0x0000000000001920      0xbf8 drivers/built-in.o
 .debug_ranges  0x0000000000002518       0x40 arch/arm/lib/lib.a(lib1funcs.o)
 .debug_ranges  0x0000000000002558       0x10 arch/arm/lib/lib.a(div0.o)
