ohci-hcd.c:652:12:ep_rev	8	static
ohci-hcd.c:253:13:urb_free_priv	4	static
ohci-hcd.c:1473:20:ohci_get_ohci_dev	8	static
ohci-hcd.c:897:13:td_fill.isra.2	40	static
ohci-hcd.c:2188:12:ohci_destroy_int_queue	16	static
ohci-hcd.c:1774:12:hc_reset	16	static
ohci-hcd.c:1909:12:hc_interrupt	48	static
ohci-hcd.c:2180:14:ohci_poll_int_queue	8	static
ohci-hcd.c:512:5:sohci_submit_job	88	static
ohci-hcd.c:2170:26:ohci_create_int_queue	48	static
ohci-hcd.c:1520:12:submit_common_msg	32	static
ohci-hcd.c:2160:12:ohci_submit_int_msg	32	static
ohci-hcd.c:2152:12:ohci_submit_bulk_msg	32	static
ohci-hcd.c:2142:12:ohci_submit_control_msg	72	static
ohci-hcd.c:1225:5:rh_check_port_status	4	static
ohci-hcd.c:2196:5:ohci_register	24	static
ohci-hcd.c:2223:5:ohci_deregister	8	static
