part_efi.c:52:14:print_efiname	4	static
part_efi.c:301:12:part_test_efi	32	dynamic
part_efi.c:319:12:set_protective_mbr	616	static
part_efi.c:138:12:validate_gpt_entries	8	static
part_efi.c:75:12:validate_gpt_header	56	static
part_efi.c:871:12:is_gpt_valid	48	static
part_efi.c:962:12:is_pte_valid	24	static
part_efi.c:181:6:part_print_efi	104	dynamic
part_efi.c:238:5:part_get_info_efi	48	dynamic
part_efi.c:352:5:write_gpt_table	56	static
part_efi.c:400:5:gpt_fill_pte	64	static
part_efi.c:546:5:gpt_fill_header	32	static
part_efi.c:570:5:gpt_restore	32	static
part_efi.c:626:5:gpt_verify_headers	24	static
part_efi.c:650:5:gpt_verify_partitions	104	static
part_efi.c:728:5:is_valid_gpt_buf	24	static
part_efi.c:749:5:write_mbr_and_gpt_partitions	64	static
