root.c:34:17:dm_root	8	static
root.c:44:6:dm_fixup_for_gd_move	0	static
root.c:53:12:dm_get_translation_offset	8	static
root.c:61:6:dm_set_translation_offset	8	static
root.c:150:5:dm_init	8	static
root.c:179:5:dm_uninit	8	static
root.c:188:5:dm_remove_devices_flags	8	static
root.c:196:5:dm_scan_platdata	8	static
root.c:210:5:dm_scan_fdt_node	24	static
root.c:239:5:dm_scan_fdt_dev	0	static
root.c:248:5:dm_scan_fdt	0	static
root.c:254:12:dm_scan_other	0	static
root.c:259:5:dm_init_and_scan	8	static
