cfb_console.c:330:13:video_drawchars	40	static
cfb_console.c:531:13:video_invertchar	16	static
cfb_console.c:817:13:cfb_video_putc.part.1	0	static
cfb_console.c:751:13:console_newline.constprop	12	static
cfb_console.c:324:12:board_cfb_skip	0	static
cfb_console.c:546:6:console_cursor	32	static
cfb_console.c:817:13:cfb_video_putc	24	static
cfb_console.c:1031:13:cfb_video_puts	24	static
cfb_console.c:1053:13:video_set_lut	0	static
cfb_console.c:1732:13:plot_logo_or_black	40	static
cfb_console.c:1717:12:do_clrlogo	8	static
cfb_console.c:1991:6:video_clear	0	static
cfb_console.c:2118:12:board_video_skip	0	static
cfb_console.c:2124:5:drv_video_init	152	static
cfb_console.c:2179:6:video_position_cursor	0	static
cfb_console.c:2185:5:video_get_pixel_width	0	static
cfb_console.c:2190:5:video_get_pixel_height	0	static
cfb_console.c:2195:5:video_get_screen_rows	0	static
cfb_console.c:2200:5:video_get_screen_columns	0	static
