interrupts.c:29:5:interrupt_init	0	static
interrupts.c:39:6:enable_interrupts	0	static
interrupts.c:43:5:disable_interrupts	0	static
interrupts.c:48:6:bad_mode	8	static
interrupts.c:54:6:show_regs	152	static
interrupts.c:96:6:do_undefined_instruction	8	static
interrupts.c:104:6:do_software_interrupt	8	static
interrupts.c:112:6:do_prefetch_abort	8	static
interrupts.c:120:6:do_data_abort	8	static
interrupts.c:128:6:do_not_used	8	static
interrupts.c:136:6:do_fiq	8	static
interrupts.c:144:6:do_irq	8	static
