00020000 t _monitor_vectors
00020020 t _secure_monitor
00020098 T _do_nonsec_entry
000200ac T _nonsec_init
00020140 T _psci_vectors
00020164 W default_psci_vector
00020168 W psci_affinity_info
00020168 W psci_cpu_default_suspend
00020168 W psci_cpu_freeze
00020168 W psci_cpu_suspend
00020168 W psci_features
00020168 W psci_migrate
00020168 W psci_migrate_info_type
00020168 W psci_migrate_info_up_cpu
00020168 W psci_node_hw_state
00020168 W psci_set_suspend_mode
00020168 W psci_stat_count
00020168 W psci_system_off
00020168 W psci_system_reset
00020168 W psci_system_suspend
00020168 W psci_version
00020168 W psi_stat_residency
00020170 t _psci_table
00020228 t _smc_psci
00020270 W psci_get_cpu_id
0002027c T psci_v7_flush_dcache_all
00020298 t flush_levels
000202dc t loop1
000202e0 t loop2
000202fc t skip
00020308 t finished
00020320 W psci_disable_smp
00020338 W psci_enable_smp
0002034c T psci_cpu_off_common
00020380 t psci_get_cpu_stack_top
00020390 T psci_stack_setup
000203b0 T psci_cpu_entry
000203d0 T psci_save_target_pc
000203e4 T psci_get_target_pc
000203f4 t __mdelay
0002042c T sunxi_cpu_power_off
000204b4 T psci_fiq_enter
0002050c T psci_cpu_on
000205c8 T psci_cpu_off
000205f4 T psci_arch_init
0002064c d psci_target_pc
00021000 B __secure_stack_start
00022000 B __secure_stack_end
4a000000 T __image_copy_start
4a000000 T _start
4a000020 T _undefined_instruction
4a000024 T _software_interrupt
4a000028 T _prefetch_abort
4a00002c T _data_abort
4a000030 T _not_used
4a000034 T _irq
4a000038 T _fiq
4a000040 T IRQ_STACK_START_IN
4a000060 t undefined_instruction
4a0000c0 t software_interrupt
4a000120 t prefetch_abort
4a000180 t data_abort
4a0001e0 t not_used
4a000240 t irq
4a0002a0 t fiq
4a0002e8 T reset
4a0002ec T save_boot_params_ret
4a000328 T c_runtime_cpu_setup
4a000338 W save_boot_params
4a00033c T cpu_init_cp15
4a000390 T cpu_init_crit
4a000398 T __v7_flush_dcache_all
4a0003ac t start_flush_levels
4a0003b0 t flush_levels
4a0003ec t loop1
4a0003f0 t loop2
4a00040c t skip
4a000418 t finished
4a00042c T v7_flush_dcache_all
4a00043c T __v7_invalidate_dcache_all
4a000454 t inval_levels
4a000490 t inval_loop1
4a000494 t inval_loop2
4a0004b0 t inval_skip
4a0004bc t inval_finished
4a0004d0 T v7_invalidate_dcache_all
4a0004e0 T lowlevel_init
4a000504 T invalidate_icache_all
4a00051c W v7_outer_cache_enable
4a000520 W v7_outer_cache_disable
4a000524 W v7_outer_cache_flush_all
4a000528 T flush_dcache_all
4a000538 W v7_outer_cache_inval_all
4a00053c T invalidate_dcache_all
4a00054c T arm_init_before_mmu
4a000574 W v7_outer_cache_flush_range
4a000578 T flush_dcache_range
4a0005cc W v7_outer_cache_inval_range
4a0005d0 T invalidate_dcache_range
4a000634 W cpu_cache_initialization
4a000638 T cleanup_before_linux_select
4a000684 T cleanup_before_linux
4a00068c t get_gicd_base_address
4a0006c0 W protect_secure_section
4a0006c4 W psci_board_init
4a0006c8 T armv7_init_nonsec
4a000798 T armv7_apply_memory_carveout
4a0007a0 T psci_update_dt
4a0007c0 T timer_init
4a0007e8 T get_timer_masked
4a000848 T get_timer
4a00085c T __udelay
4a0008b0 T get_ticks
4a0008c0 T get_tbclk
4a0008e0 T _main
4a00092c t here
4a000980 T memset
4a000a5c T memcpy
4a000e08 W relocate_vectors
4a000e14 T relocate_code
4a000e24 t copy_loop
4a000e3c t fixloop
4a000e5c t fixnext
4a000e64 t relocate_done
4a000e78 T arch_fixup_fdt
4a000edc T arch_lmb_reserve
4a000f00 W board_quiesce_devices
4a000f04 W setup_board_tags
4a000f08 t boot_prep_linux
4a001108 W armv7_boot_nonsec_default
4a001110 T armv7_boot_nonsec
4a00116c t boot_jump_linux
4a001274 T do_bootm_linux
4a0012d8 T boot_prep_vxworks
4a001328 T boot_jump_vxworks
4a001334 T bootz_setup
4a0013b0 W arch_reserve_stacks
4a0013cc T interrupt_init
4a0013e8 T enable_interrupts
4a0013ec T disable_interrupts
4a0013f4 T bad_mode
4a001404 T show_regs
4a001578 T do_undefined_instruction
4a00159c T do_software_interrupt
4a0015c0 T do_prefetch_abort
4a0015e4 T do_data_abort
4a001608 T do_not_used
4a00162c T do_fiq
4a001650 T do_irq
4a001674 W reset_misc
4a001678 T do_reset
4a0016a8 W flush_cache
4a0016b0 T check_cache_range
4a0016e8 t cp_delay
4a001718 t cache_disable
4a001764 W arm_init_domains
4a001768 T set_section_dcache
4a00177c W dram_bank_mmu_setup
4a0017c0 T icache_enable
4a0017dc T icache_disable
4a0017e4 T dcache_enable
4a001868 T dcache_disable
4a001870 T dcache_status
4a00187c T fdt_psci
4a001ac4 T s_init
4a001b0c T reset_cpu
4a001b38 T enable_caches
4a001b3c W clock_init_sec
4a001b40 T clock_init
4a001b54 T print_cpuinfo
4a001b6c T sunxi_get_sid
4a001b9c T sunxi_gpio_set_cfgbank
4a001bc4 T sunxi_gpio_set_cfgpin
4a001bfc T sunxi_gpio_get_cfgbank
4a001c1c T sunxi_gpio_set_drv
4a001c74 T sunxi_gpio_set_pull
4a001ccc t usb_phy_write.isra.0
4a001d5c T sunxi_usb_phy_init
4a001e00 T sunxi_usb_phy_exit
4a001e5c T sunxi_usb_phy_power_on
4a001ed0 T sunxi_usb_phy_probe
4a002004 T clock_init_uart
4a002028 T clock_twi_onoff
4a002050 T clock_set_pll3
4a00208c T clock_get_pll5p
4a0020c0 T clock_get_pll6
4a0020f0 T clock_set_de_mod_clock
4a002138 T pmic_bus_write
4a002160 t setup_environment
4a0022ac T board_init
4a002308 T dram_init
4a002328 T board_mmc_init
4a002378 T i2c_init_board
4a0023a4 T get_board_serial
4a0023e0 T misc_init_r
4a0024c8 T ft_board_setup
4a0024e0 T eth_init_board
4a00252c T scsi_init
4a0026b4 W do_go_exec
4a0026c4 t do_go
4a002730 T do_bootm
4a00283c T do_bootd
4a00285c t image_info
4a002928 t do_iminfo
4a002984 T bootm_maybe_autostart
4a0029fc t do_help
4a002a40 t do_version
4a002a78 T source
4a002b50 t do_source
4a002b94 t print_num
4a002ba8 t do_bdinfo
4a002c98 t bootefi_open_dp
4a002cac t do_bootefi_exec
4a002ee8 t jmp_target
4a002f48 t do_bootefi
4a002fd4 T efi_set_bootdev
4a003120 T do_bootz
4a003218 t do_coninfo
4a0032c8 t do_echo
4a003378 t load_elf_image_shdr
4a003404 T valid_elf_image
4a003450 T do_bootelf
4a0035d4 T do_bootvx
4a003904 t do_exit
4a003940 T do_ext4_size
4a003958 T do_ext4_load
4a003970 T do_ext4_ls
4a003988 T do_ext2load
4a0039a0 t do_ext2ls
4a0039b8 T do_fat_size
4a0039d0 T do_fat_fsload
4a0039e8 t do_fat_ls
4a003a00 t do_fat_fsinfo
4a003a90 t do_fat_fswrite
4a003bb8 t fdt_valid
4a003c74 t is_printable_string
4a003d10 t print_data
4a003e84 T set_working_fdt_addr
4a003ea0 t do_fdt
4a004dbc t do_size_wrapper
4a004dd4 t do_load_wrapper
4a004e38 t do_save_wrapper
4a004e50 t do_ls_wrapper
4a004e68 t do_fstype_wrapper
4a004e6c t gpio_get_description
4a004f34 t do_gpio
4a0052a0 T do_edid
4a00533c t do_i2c
4a0053a4 t do_i2c_bus_speed
4a00541c t do_i2c_reset
4a005448 t do_i2c_probe
4a0054e4 t do_i2c_bus_num
4a00559c t do_i2c_show_bus
4a00566c t get_alen.constprop.5
4a0056a8 t do_i2c_crc
4a0057c8 t mod_i2c_mem.isra.3
4a0059b8 t do_i2c_nm
4a0059c0 t do_i2c_mm
4a0059c8 t do_i2c_md
4a005bac t do_i2c_mw
4a005ca8 t do_i2c_write
4a005df4 t do_i2c_read
4a005eb0 t do_i2c_loop
4a005f94 t evalexp
4a006010 t evalstr
4a00607c t binary_test
4a00623c t do_itest
4a0062c4 t bin_data_init
4a0062f0 t k_data_save
4a00633c t k_data_restore
4a006388 t getcxmodem
4a0063a8 t load_serial_ymodem
4a006478 t bin_data_char
4a0064a4 t chk1.constprop.1
4a0064d0 t s1_sendpacket.constprop.2
4a006520 t load_serial
4a006710 t do_load_serial
4a0067ec t do_load_serial_bin
4a006f90 t do_mem_mw
4a007050 t do_mem_loop
4a00713c t do_mem_md
4a007220 t do_mem_cmp
4a007388 t do_mem_base
4a0073c8 t do_mem_cp
4a007474 t do_mem_crc
4a0074bc t mod_mem.isra.0
4a007628 t do_mem_mm
4a007630 t do_mem_nm
4a007638 t extract_range
4a00768c t extract_range
4a00771c t do_mii
4a00800c t do_mdio
4a0084f8 t do_sleep
4a0085c4 t do_mmcops
4a00867c t init_mmc_device
4a0086d0 t do_mmc_rescan
4a0086f4 t do_mmc_hwpartition
4a008c04 t do_mmc_list
4a008c18 t do_mmc_dev
4a008d58 t do_mmc_part
4a008db8 t do_mmc_erase
4a008eb0 t do_mmc_write
4a008fc0 t do_mmc_read
4a0090b4 t do_mmcinfo
4a009424 t do_mmc_setdsr
4a0094d4 t netboot_common
4a009758 t do_bootp
4a009764 t do_dhcp
4a009770 t do_nfs
4a00977c T do_tftpb
4a0097bc t do_ping
4a009834 t do_part_list
4a0099b0 t do_part_start
4a009a74 t do_part_size
4a009b38 t do_part
4a009c50 t eol_or_eof
4a009c70 t do_pxe
4a009cec t label_print
4a009d08 t do_get_tftp
4a009d4c t from_env
4a009d78 t get_string
4a009e48 t label_destroy
4a009ebc t destroy_pxe_menu
4a009f18 t get_token
4a00a038 t parse_sliteral
4a00a08c t parse_integer
4a00a0fc t do_get_any
4a00a140 t do_get_fat
4a00a17c t do_get_ext2
4a00a1b8 t format_mac_pxe.constprop.6
4a00a22c t get_relfile
4a00a364 t get_pxe_file
4a00a3bc t handle_include
4a00a45c t parse_pxefile_top
4a00a8c4 t parse_pxefile
4a00a930 t get_pxelinux_path
4a00a9ac t do_pxe_get
4a00ab10 t get_relfile_envaddr
4a00ab60 t label_boot
4a00b114 t handle_pxe_menu
4a00b274 t do_pxe_boot
4a00b350 t do_sysboot
4a00b538 t do_scsi
4a00b890 t do_scsiboot
4a00b89c T common_diskboot
4a00bae4 t substitute
4a00bbd4 t get_arg
4a00bc2c t regex_sub
4a00c07c t do_setexpr
4a00c21c t do_false
4a00c224 t do_true
4a00c22c t do_test
4a00c564 t usb_get_class_desc
4a00c620 t usb_display_class_sub
4a00c790 t usb_show_tree_graph
4a00c96c t usb_show_subtree
4a00c99c t usb_for_each_root_dev
4a00ca04 t usb_display_string
4a00ca48 t usb_display_config
4a00cc54 t usb_find_device
4a00cd08 t do_usbboot
4a00cd14 t usb_display_desc.part.1
4a00ce40 t do_usb_start
4a00ce70 t usb_show_info
4a00ced0 T usb_show_tree
4a00cedc t do_usb
4a00d630 t do_imgextract
4a00d8c0 t do_env_delete
4a00d95c t do_env_exists
4a00d9c0 t do_env_save
4a00d9ec t do_env
4a00da54 t env_print
4a00db14 t do_env_print
4a00dbdc t do_env_import
4a00de60 t do_env_default
4a00df08 t _do_env_set.isra.0
4a00e0c4 t do_env_set
4a00e0e4 T get_env_id
4a00e0f4 T setenv
4a00e154 T setenv_ulong
4a00e174 T setenv_hex
4a00e1a8 t do_env_export
4a00e404 T envmatch
4a00e470 T getenv_f
4a00e538 T getenv
4a00e5b0 T getenv_hex
4a00e5ec T getenv_ulong
4a00e61c t do_env_edit.part.2
4a00e6c8 t do_env_edit
4a00e6f4 T board_init_f_alloc_reserve
4a00e700 T board_init_f_init_reserve
4a00e720 W show_boot_progress
4a00e728 T main_loop
4a00e794 t mdelay
4a00e7b8 t dummy
4a00e7bc T get_version
4a00e7c4 T jumptable_init
4a00e9b4 T hash_command
4a00ea68 t b_reset
4a00ea84 t static_get
4a00eaa0 t file_peek
4a00eaac t mapset
4a00eacc t syntax_err
4a00ead8 t free_pipe_list
4a00ebcc t xmalloc
4a00ebec t new_pipe
4a00ec14 t xrealloc
4a00ec34 t done_command
4a00ecbc t done_pipe
4a00ed04 t done_word
4a00efe8 t do_showvar
4a00f0dc t is_assignment
4a00f138 t file_get
4a00f328 t b_addchr
4a00f3a8 t b_addqchr
4a00f3f8 t static_peek
4a00f404 T get_local_var
4a00f4a4 T set_local_var
4a00f660 t insert_var_value_sub
4a00f920 T parse_string_outer
4a00fa04 t run_list_real
4a0101bc t parse_stream_outer
4a01088c T parse_file_outer
4a0108d0 T u_boot_hush_start
4a010924 T bootdelay_process
4a0109e0 T autoboot_command
4a010ad8 t setup_mon_len
4a010af8 t reserve_round_4k
4a010b10 t reserve_mmu
4a010b48 t reserve_uboot
4a010b78 t reserve_malloc
4a010b90 t setup_machine
4a010ba8 t reserve_global_data
4a010bc4 t reserve_fdt
4a010c10 t initf_console_record
4a010c18 W arch_cpu_init_dm
4a010c20 W dram_init_banksize
4a010c44 t announce_dram_init
4a010c5c t init_func_i2c
4a010c84 t init_baud_rate
4a010cb0 t mark_bootstage
4a010cc4 t initf_dm
4a010ccc t setup_reloc
4a010d08 t reloc_fdt
4a010d4c t reserve_board
4a010d8c W reserve_arch
4a010d94 t display_text_info
4a010d9c W arch_cpu_init
4a010da4 W mach_cpu_init
4a010dac t reserve_video
4a010db4 t reserve_trace
4a010dbc t display_new_sp
4a010dc4 W coloured_LED_init
4a010dc8 W red_led_on
4a010dcc W board_add_ram_info
4a010dd0 t show_dram_config
4a010e08 t setup_dest_addr
4a010e44 t reserve_stacks
4a010e60 T board_init_f
4a010e88 t bootstage_relocate
4a010e90 t initr_reloc
4a010ea8 W power_init_board
4a010eb0 t initr_announce
4a010eb8 t run_main_loop
4a010ec4 t initr_net
4a010ee0 t initr_scsi
4a010efc t initr_ethaddr
4a010f1c t initr_enable_interrupts
4a010f2c t initr_jumptable
4a010f3c t initr_env
4a010fa0 t initr_mmc
4a010fc0 t initr_serial
4a010fd0 t initr_bootstage
4a010fe4 t initr_dm
4a010ff8 t initr_malloc
4a01101c t initr_reloc_global_data
4a011054 t initr_caches
4a011064 t initr_console_record
4a01106c t initr_trace
4a011074 t initr_barrier
4a01107c W cpu_secondary_init_r
4a011080 t initr_secondary_cpu
4a011090 T board_init_r
4a0110a4 W checkboard
4a0110ac W show_board_info
4a0110e4 T bootm_find_images
4a01118c T bootm_decomp_image
4a0112d8 T bootm_disable_interrupts
4a0112f0 T do_bootm_states
4a011a2c t copy_args
4a011a7c t do_bootm_rtems
4a011abc t do_bootm_plan9
4a011b60 t do_bootm_standalone
4a011bc4 t do_bootm_qnxelf
4a011c3c t do_bootm_netbsd
4a011d34 T do_bootvx_fdt
4a011e4c t do_bootm_vxworks
4a011e70 W arch_preboot_os
4a011e74 T boot_selected_os
4a011ecc T bootm_os_get_boot_func
4a011edc t regex_callback
4a012010 T env_attr_walk
4a012138 T env_attr_lookup
4a0121bc t clear_callback
4a0121cc t find_env_callback
4a012230 t on_callbacks
4a012280 t set_callback
4a012318 T env_callback_init
4a0123dc t skip_num
4a012454 t clear_flags
4a012464 t on_flags
4a0124b4 T env_flags_parse_vartype
4a012504 T env_flags_parse_varaccess
4a01255c t set_flags
4a01260c T eth_validate_ethaddr_str
4a0126a0 T env_flags_init
4a012778 T env_flags_validate
4a012a30 W mmc_get_env_addr
4a012a40 W mmc_get_env_dev
4a012a48 T env_init
4a012a64 T saveenv
4a012b98 T env_relocate_spec
4a012c90 t of_bus_default_map
4a012d6c T of_bus_default_count_cells
4a012dc4 t of_bus_default_translate
4a012e64 T fdt_find_and_setprop
4a012ed4 T fdt_find_or_add_subnode
4a012f34 T fdt_root
4a012fc4 T fdt_initrd
4a013190 T fdt_chosen
4a01326c T do_fixup_by_path
4a0132c0 T fdt_fixup_memory_banks
4a013470 T fdt_fixup_memory
4a013490 T fdt_fixup_ethernet
4a013634 T fdt_shrink_to_minimum
4a013708 T fdt_translate_address
4a0139a4 T fdt_setup_simplefb_node
4a013ba4 T miiphy_get_dev_by_name
4a013c04 T miiphy_init
4a013c28 T mdio_alloc
4a013c58 T mdio_free
4a013c5c T mdio_register
4a013cf0 T mdio_unregister
4a013d2c T mdio_list_devices
4a013dc8 T miiphy_set_current_dev
4a013e08 t miiphy_get_active_dev
4a013e5c T mdio_get_current_dev
4a013e6c T mdio_phydev_for_ethname
4a013ef8 T miiphy_get_current_dev
4a013f10 T miiphy_read
4a013f5c T miiphy_write
4a013f9c T miiphy_listdev
4a014010 T miiphy_info
4a014098 T miiphy_is_1000base_x
4a0140dc T miiphy_speed
4a0141fc T miiphy_duplex
4a014344 t usb_set_maxpacket_ep
4a0143b4 T usb_control_msg
4a014450 t usb_get_descriptor
4a0144a8 t get_descriptor_len
4a014538 t usb_get_string
4a0145a8 t usb_string_sub
4a0146b0 T usb_bulk_msg
4a014720 T usb_maxpacket
4a01473c T usb_clear_halt
4a0147cc T usb_get_configuration_len
4a014840 T usb_get_configuration_no
4a014874 T usb_set_interface
4a014928 T usb_set_protocol
4a014974 T usb_set_idle
4a0149c8 T usb_string
4a014ac8 T usb_select_config
4a014f44 T usb_setup_device
4a0150dc T usb_device_has_child_on_port
4a0150e4 T usb_find_usb2_hub_address_port
4a01515c t usb_set_port_feature
4a0151a8 t usb_clear_port_feature
4a0151f4 t usb_get_hub_descriptor
4a015240 W usb_hub_reset_devices
4a015244 T usb_get_port_status
4a015290 T usb_hub_reset
4a0152b0 T legacy_hub_port_reset
4a01535c T usb_hub_port_connect_change
4a015474 t usb_hub_configure
4a01592c T usb_hub_scan
4a01593c t usb_hub_post_probe
4a015940 t usb_stor_irq
4a01595c t usb_stor_BBB_reset
4a015a5c t usb_stor_CB_reset
4a015b38 t usb_stor_BBB_clear_endpt_stall.isra.0
4a015b78 t usb_stor_BBB_transport
4a015de8 t usb_stor_CB_comdat
4a015fec t usb_stor_CBI_get_status.isra.2
4a0160c0 t usb_stor_CB_transport
4a0162f4 t usb_request_sense.constprop.10
4a016364 t usb_stor_read
4a016514 t usb_stor_write
4a0166c4 T usb_stor_info
4a016738 T usb_stor_reset
4a01674c T usb_stor_scan
4a016794 T usb_storage_probe
4a016998 T usb_stor_get_info
4a016cc0 t usb_mass_storage_probe
4a016e84 T iomux_doenv
4a01704c t snip
4a0170b0 T edid_check_info
4a017104 T edid_check_checksum
4a017134 T edid_print_info
4a017744 W menu_display_statusline
4a017748 T menu_default_set
4a0177d0 T menu_get_choice
4a0179ac T menu_item_add
4a017a88 T menu_create
4a017b18 T menu_destroy
4a017b8c t scsi_ident_cpy
4a017bec t scsi_write
4a017d6c T scsi_setup_read16
4a017df8 t scsi_read
4a017fe4 T scsi_scan
4a01845c t usb_kbd_remove
4a0184fc t usb_kbd_translate.part.0
4a018634 t usb_kbd_probe
4a018818 t usb_kbd_irq_worker
4a0189cc t usb_kbd_getc
4a018aa4 t usb_kbd_testc
4a018b98 t usb_kbd_irq
4a018bbc W env_get_char_spec
4a018bc8 T env_get_addr
4a018be8 T env_get_char_memory
4a018bf8 T env_get_char
4a018c28 T getenv_yesno
4a018c68 T getenv_default
4a018c98 T set_default_env
4a018d64 T set_default_vars
4a018d9c T env_import
4a018e7c T env_export
4a018f20 T env_relocate
4a018f4c T env_complete
4a01903c t console_tstc
4a0190c4 t console_putc
4a019118 t console_puts
4a01916c t pre_console_putc
4a019188 t on_console
4a019244 T serial_printf
4a019294 t console_getc.isra.0
4a0192bc T putc
4a0192f4 T tstc
4a019318 T getc
4a01935c T puts
4a0193cc t print_pre_console_buffer
4a0194c0 T fputs
4a0194cc T fprintf
4a019524 T ctrlc
4a01957c T disable_ctrlc
4a019594 T had_ctrlc
4a0195a4 T clear_ctrlc
4a0195b8 T search_device
4a0195e0 T console_assign
4a0196b8 T console_init_f
4a0196d4 T stdio_print_current_devices
4a019784 T console_init_r
4a019940 T sbrk
4a0199ac T mem_malloc_init
4a0199d8 t malloc_trim
4a019aa4 t free
4a019cf0 t malloc
4a01a318 t calloc
4a01a428 t realloc
4a01a908 t memalign
4a01aa78 T initf_malloc
4a01aa90 T malloc_simple
4a01aac0 t on_loadaddr
4a01aaf8 T image_check_hcrc
4a01ab44 T image_check_dcrc
4a01ab7c T image_multi_count
4a01ab98 T image_multi_getimg
4a01ac18 T getenv_bootm_low
4a01ac48 T getenv_bootm_size
4a01acb0 T getenv_bootm_mapsize
4a01ace0 T memmove_wd
4a01acec T genimg_print_size
4a01ad1c T get_table_entry
4a01ad40 T get_table_entry_name
4a01ad60 T genimg_get_os_name
4a01ad78 T genimg_get_arch_name
4a01ad90 T genimg_get_type_name
4a01ada8 T genimg_get_comp_name
4a01adc0 T image_print_contents
4a01af68 T genimg_get_kernel_addr_fit
4a01af8c T genimg_get_kernel_addr
4a01afb0 T genimg_get_format
4a01afe4 T genimg_get_image
4a01afe8 T genimg_has_config
4a01aff0 T boot_get_ramdisk
4a01b264 T boot_ramdisk_high
4a01b39c T boot_get_setup
4a01b3a4 T image_setup_linux
4a01b40c t fdt_error
4a01b438 T boot_fdt_add_mem_rsv_regions
4a01b4c0 T boot_relocate_fdt
4a01b658 T boot_get_fdt
4a01b904 W ft_verify_fdt
4a01b90c T image_setup_libfdt
4a01ba44 T get_ram_size
4a01bb24 W get_effective_memsize
4a01bb2c t nulldev_putc
4a01bb30 t nulldev_puts
4a01bb34 t nulldev_input
4a01bb3c t stdio_serial_tstc
4a01bb40 t stdio_serial_getc
4a01bb44 t stdio_serial_puts
4a01bb4c t stdio_serial_putc
4a01bb54 T stdio_get_list
4a01bb60 T stdio_get_by_name
4a01bbbc T stdio_clone
4a01bbf4 T stdio_register_dev
4a01bc44 T stdio_register
4a01bc4c T stdio_deregister_dev
4a01bd3c T stdio_init_tables
4a01bd58 T stdio_add_devices
4a01be88 T cli_simple_process_macros
4a01c0a0 T run_command
4a01c0b0 T run_command_list
4a01c12c T do_run
4a01c1a4 T cli_process_fdt
4a01c1e4 T cli_secure_boot_cmd
4a01c25c T cli_loop
4a01c268 T cli_init
4a01c26c t delete_char.part.0
4a01c33c t cread_add_char
4a01c424 T cli_readline_into_buffer
4a01ce98 T cli_readline
4a01ceac T find_cmd_tbl
4a01cf50 T find_cmd
4a01cf78 T cmd_usage
4a01cfd4 T _do_help
4a01d14c T var_complete
4a01d1d0 T cmd_auto_complete
4a01d684 T cmd_get_data_size
4a01d6e0 T cmd_process
4a01d7cc T cmd_process_error
4a01d7fc t hex1_bin
4a01d83c t hex2_bin
4a01d874 T srec_decode
4a01dac8 t CYGACC_COMM_IF_GETC_TIMEOUT.isra.0
4a01db14 t xyzModem_flush
4a01db30 t xyzModem_get_hdr
4a01dd68 T xyzModem_stream_open
4a01df8c T xyzModem_stream_read
4a01e1e0 T xyzModem_stream_close
4a01e234 T xyzModem_stream_terminate
4a01e2c8 T xyzModem_error
4a01e2e8 T blk_get_dev
4a01e318 T dev_print
4a01e550 T part_init
4a01e5a4 T part_print
4a01e6d0 T part_get_info
4a01e740 T blk_get_device_by_str
4a01e890 T blk_get_device_part_str
4a01ec9c T part_set_generic_name
4a01ece8 t test_block_type
4a01ed6c t print_partition_extended
4a01f020 T part_print_dos
4a01f060 t part_test_dos
4a01f0d0 t part_get_info_extended
4a01f3e0 T part_get_info_dos
4a01f414 T iso_dread
4a01f46c T part_get_info_iso_verb
4a01f8b8 t part_test_iso
4a01f8d8 t part_print_iso
4a01f974 t part_get_info_iso
4a01f97c t print_efiname
4a01f9d4 t part_test_efi
4a01faac t validate_gpt_entries
4a01fb48 t validate_gpt_header
4a01fd78 t is_gpt_valid
4a01ff68 t is_pte_valid
4a01ffc0 T part_print_efi
4a020230 T part_get_info_efi
4a020464 t device_bind_common.isra.0
4a0207ac t alloc_priv
4a020800 T device_bind_with_driver_data
4a020824 T device_bind
4a02084c T device_bind_by_name
4a0208b4 T device_probe
4a020aec T dev_get_platdata
4a020b20 T dev_get_parent_platdata
4a020b54 T dev_get_uclass_platdata
4a020b88 T dev_get_priv
4a020bbc T dev_get_uclass_priv
4a020bf0 T dev_get_parent_priv
4a020c24 T device_get_child
4a020c7c T device_find_first_child
4a020c98 T device_find_next_child
4a020cc0 T dev_get_driver_data
4a020cc8 T device_get_uclass_id
4a020cd8 T dev_get_addr_index
4a020d84 T dev_get_addr
4a020d8c T device_has_active_children
4a020dc8 T device_is_last_sibling
4a020dec T lists_driver_lookup_name
4a020e38 T lists_uclass_lookup
4a020e74 T lists_bind_drivers
4a020efc T device_bind_driver_to_node
4a020f44 T device_bind_driver
4a020f5c T lists_bind_fdt
4a0210ec T dm_root
4a021118 T dm_get_translation_offset
4a02112c T dm_init
4a021190 T dm_remove_devices_flags
4a0211ac T dm_scan_platdata
4a0211d8 T dm_scan_fdt_node
4a021294 T dm_scan_fdt_dev
4a0212bc T dm_scan_fdt
4a0212d4 W dm_scan_other
4a0212dc T dm_init_and_scan
4a021320 T uclass_find
4a02136c T uclass_get
4a021490 T uclass_find_device
4a021504 T uclass_find_first_device
4a021540 T uclass_find_next_device
4a02156c T uclass_find_device_by_seq
4a0215e8 T uclass_find_device_by_of_offset
4a021654 T uclass_get_device_tail
4a021680 T uclass_get_device
4a0216b0 T uclass_get_device_by_seq
4a021704 T uclass_get_device_by_of_offset
4a021734 T uclass_first_device
4a02176c T uclass_next_device
4a0217ac T uclass_bind_device
4a021828 T uclass_unbind_device
4a021874 T uclass_resolve_seq
4a021924 T uclass_pre_probe_device
4a021988 T uclass_post_probe_device
4a0219a8 T uclass_pre_remove_device
4a0219c8 T dm_warn
4a0219f0 T dm_fdt_pre_reloc
4a021a58 T device_unbind
4a021ba8 T device_free
4a021c38 T device_remove
4a021db0 t simple_bus_post_bind
4a021e14 t show_devices
4a021f10 T dm_dump_all
4a021f4c T dm_dump_uclass
4a022028 t get_desc
4a022094 T blk_driver_lookup_type
4a0220d0 T blk_list_part
4a022164 T blk_print_part_devnum
4a0221b4 T blk_list_devices
4a022224 T blk_print_device_num
4a022278 T blk_show_device
4a0222fc T blk_get_devnum_by_type
4a022338 T blk_dselect_hwpart
4a022380 T blk_get_devnum_by_typename
4a0223f0 T blk_read_devnum
4a022480 T blk_write_devnum
4a0224e4 T blk_select_hwpart_devnum
4a02252c t ata_id_strcpy
4a022568 t ahci_device_data_io.constprop.3
4a022744 t ata_scsiop_inquiry
4a022894 t ahci_port_start
4a0229c8 t ata_scsiop_read_write
4a022c78 W ahci_port_base
4a022c84 W ahci_link_up
4a022ccc T ahci_reset
4a022d34 T scsi_exec
4a022eac T ahci_init
4a023400 W scsi_bus_reset
4a023404 T scsi_print_error
4a023408 T ata_id_n_sectors
4a023484 T ata_swap_buf_le16
4a023488 t video_drawchars
4a0238a4 t video_invertchar
4a023910 t cfb_video_putc.part.1
4a023910 t console_cursor.part.0
4a023930 t console_newline.constprop.3
4a0239f0 W board_cfb_skip
4a0239f8 T console_cursor
4a023a98 t cfb_video_putc
4a023c34 t cfb_video_puts
4a023ca8 W video_set_lut
4a023cac t plot_logo_or_black
4a023e48 t do_clrlogo
4a023e7c T video_clear
4a023ec8 W board_video_skip
4a023ed0 T drv_video_init
4a02419c t sunxi_is_composite
4a0241bc t sunxi_composer_mode_set
4a0242ac t sunxi_composer_enable
4a0242d0 t sunxi_lcdc_pll_set
4a024458 t await_completion.constprop.5
4a0244a8 t sunxi_hdmi_edid_get_block
4a0245e0 T board_get_usable_ram_top
4a0245ec T video_hw_init
4a025434 T sunxi_simplefb_setup
4a0255b4 t video_get_param_len.constprop.1
4a0255d4 T video_get_video_mode
4a025758 T video_get_ctfb_res_modes
4a02584c T video_get_option_string
4a0258f8 T video_get_option_int
4a02597c T video_edid_dtd_to_ctfb_res_modes
4a025be4 t keyboard_start
4a025c08 t keyboard_stop
4a025c2c t keyboard_pre_probe
4a025c98 t keyboard_tstc
4a025ce8 t keyboard_getc
4a025d38 T input_tstc
4a025d80 T input_getc
4a025ddc T input_init
4a025e00 t gpio_to_device
4a025e80 t check_reserved
4a025ef4 t gpio_renumber
4a025f78 t gpio_pre_remove
4a025fc8 t gpio_post_probe
4a026000 T dm_gpio_lookup_name
4a026108 T gpio_lookup_name
4a026178 T gpio_xlate_offs_flags
4a0261bc T dm_gpio_request
4a02625c t dm_gpio_requestf
4a0262a0 T gpio_request
4a0262cc T _dm_gpio_free
4a026340 T gpio_free
4a026368 T gpio_direction_input
4a0263b4 T gpio_direction_output
4a026408 T dm_gpio_get_value
4a026450 T dm_gpio_set_value
4a0264a4 T dm_gpio_set_dir_flags
4a026538 t _gpio_request_by_name_nodev
4a026638 T gpio_get_value
4a02665c T gpio_set_value
4a026688 T gpio_get_bank_info
4a0266a4 T get_function
4a026750 T gpio_get_function
4a02675c T gpio_get_raw_function
4a026768 T gpio_get_status
4a026884 T gpio_request_by_name_nodev
4a0268b4 T gpio_request_by_name
4a0268e0 t sunxi_gpio_set_value
4a026920 t sunxi_gpio_get_value
4a026948 t sunxi_gpio_get_function
4a026978 t sunxi_gpio_direction_output
4a0269cc t sunxi_gpio_direction_input
4a0269f0 t gpio_sunxi_probe
4a026a24 t gpio_sunxi_bind
4a026b04 t sunxi_gpio_xlate
4a026b44 T sunxi_name_to_gpio
4a026b68 T i2c_get_adapter
4a026bcc t i2c_init_bus
4a026c5c T i2c_get_bus_num
4a026c64 T i2c_set_bus_num
4a026d1c T i2c_init_all
4a026d30 T i2c_probe
4a026d5c T i2c_read
4a026da8 T i2c_write
4a026df4 T i2c_set_bus_speed
4a026e58 T i2c_get_bus_speed
4a026e6c W i2c_init
4a026e80 t __twsi_i2c_set_bus_speed
4a026f14 t twsi_get_base.isra.0
4a026f44 t twsi_i2c_set_bus_speed
4a026f64 t twsi_stop.constprop.6
4a026fc0 t twsi_i2c_init
4a027018 t twsi_wait.constprop.10
4a0270a4 t i2c_begin.constprop.4
4a0270f8 t twsi_i2c_probe
4a027160 t twsi_i2c_write
4a027258 t twsi_i2c_read
4a027390 T find_mmc_device
4a0273dc t mmc_select_hwpartp
4a027430 t mmc_get_dev
4a027460 T mmc_get_next_devnum
4a027478 T mmc_get_blk_desc
4a027480 T get_mmc_num
4a027490 T mmc_do_preinit
4a0274cc T mmc_list_init
4a0274f0 T mmc_list_add
4a027514 T print_mmc_devices
4a0275d4 T mmc_create
4a0276b4 t mmc_set_ios
4a0276cc t mmc_set_capacity
4a02777c W board_mmc_getwp
4a027784 T mmc_getwp
4a0277c0 W board_mmc_getcd
4a0277c8 T mmc_send_cmd
4a0277d8 t mmc_send_ext_csd
4a027824 t mmc_go_idle
4a027870 t mmc_send_op_cond_iter
4a0278e8 T mmc_send_status
4a0279b8 T mmc_set_blocklen
4a0279f8 T mmc_bread
4a027bac T mmc_switch
4a027c14 T mmc_switch_part
4a027c78 T mmc_hwpart_config
4a0280b4 T mmc_getcd
4a0280f0 T mmc_set_clock
4a028114 t mmc_startup
4a028ec8 W board_mmc_power_init
4a028ecc T mmc_start_init
4a029130 T mmc_init
4a029264 T mmc_set_dsr
4a029270 W cpu_mmc_init
4a029278 T mmc_initialize
4a0292d4 T mmc_berase
4a029580 T mmc_bwrite
4a029778 t sunxi_mmc_core_init
4a0297a0 t sunxi_mmc_getcd_gpio
4a0297dc t sunxi_mmc_getcd
4a02980c t mmc_update_clk.isra.1
4a02987c t mmc_rint_wait.isra.3
4a0298d4 t sunxi_mmc_send_cmd
4a029bf4 t mmc_set_mod_clk
4a029cf4 t sunxi_mmc_set_ios
4a029de0 T sunxi_mmc_init
4a029f8c t designware_eth_bind
4a029f94 T designware_eth_free_pkt
4a029fe0 t dw_mdio_write
4a02a068 t dw_mdio_read
4a02a0f0 T designware_eth_recv
4a02a158 T designware_eth_send
4a02a23c T designware_eth_stop
4a02a288 t dw_mdio_reset
4a02a31c T designware_eth_probe
4a02a43c T designware_eth_ofdata_to_platdata
4a02a54c t designware_eth_remove
4a02a578 T designware_eth_write_hwaddr
4a02a5d8 T designware_eth_init
4a02a880 T designware_eth_enable
4a02a8bc t designware_eth_start
4a02a8f4 T genphy_shutdown
4a02a8fc T genphy_restart_aneg
4a02a958 T genphy_config_aneg
4a02ab58 T genphy_config
4a02ac1c T genphy_update_link
4a02ad68 T genphy_parse_link
4a02af00 T genphy_startup
4a02af20 T phy_init
4a02af30 T phy_register
4a02af58 T phy_set_supported
4a02afb4 W get_phy_id
4a02b024 t get_phy_device_by_mask
4a02b2c0 T phy_reset
4a02b378 T phy_find_by_mask
4a02b3b4 T phy_connect_dev
4a02b404 T phy_startup
4a02b420 W board_phy_config
4a02b43c T phy_config
4a02b440 T phy_shutdown
4a02b468 T phy_get_interface_by_name
4a02b4ac t rtl8211b_probe
4a02b4b4 t rtl8211x_startup
4a02b5d0 t rtl8211f_startup
4a02b6d8 t rtl8211x_config
4a02b798 t rtl8211f_config
4a02b8bc t rtl8211e_startup
4a02b8dc T phy_realtek_init
4a02b918 T do_poweroff
4a02b92c t _serial_putc
4a02b96c t _serial_getc
4a02b998 t _serial_tstc
4a02b9bc t serial_stub_putc
4a02b9c4 T serial_stub_getc
4a02b9cc T serial_stub_tstc
4a02b9d4 t serial_pre_remove
4a02b9f8 t serial_post_probe
4a02bab8 T serial_stub_puts
4a02bae0 T serial_init
4a02bc40 T serial_initialize
4a02bc44 T serial_putc
4a02bc5c T serial_puts
4a02bc90 T serial_getc
4a02bca4 T serial_tstc
4a02bcb8 T serial_setbrg
4a02bce8 t on_baudrate
4a02bdd4 T serial_stdio_init
4a02bdd8 T ns16550_serial_ofdata_to_platdata
4a02be90 t ns16550_writeb.isra.0
4a02beac t NS16550_setbrg
4a02befc t ns16550_serial_setbrg
4a02bf34 t ns16550_readb.isra.1
4a02bf54 t ns16550_serial_pending
4a02bf90 t ns16550_serial_putc
4a02bfd4 t ns16550_serial_getc
4a02c00c T NS16550_init
4a02c074 T ns16550_serial_probe
4a02c0a4 T usb_child_post_bind
4a02c120 t remove_inactive_children.isra.0
4a02c194 T usb_disable_asynch
4a02c1b4 T submit_int_msg
4a02c200 T submit_control_msg
4a02c28c T submit_bulk_msg
4a02c2d0 T create_int_queue
4a02c324 T poll_int_queue
4a02c354 T destroy_int_queue
4a02c384 T usb_alloc_device
4a02c3ac T usb_reset_root_port
4a02c3d4 T usb_stop
4a02c46c T usb_match_device
4a02c554 T usb_match_one_id_intf
4a02c5ec T usb_match_one_id
4a02c620 T usb_get_bus
4a02c64c T usb_scan_device
4a02c8c0 t usb_scan_bus.isra.1
4a02c934 T usb_init
4a02cb04 T usb_child_pre_probe
4a02cb6c t ep_rev
4a02cba4 t urb_free_priv
4a02cbe4 t ohci_get_ohci_dev
4a02cc7c t td_fill.isra.2
4a02cd5c t ohci_destroy_int_queue
4a02cda0 t hc_reset
4a02ce88 t hc_interrupt
4a02d45c t ohci_poll_int_queue
4a02d4b8 T sohci_submit_job
4a02dd24 t ohci_create_int_queue
4a02de58 t submit_common_msg
4a02dfe4 t ohci_submit_int_msg
4a02e02c t ohci_submit_bulk_msg
4a02e070 t ohci_submit_control_msg
4a02e610 T ohci_register
4a02e794 T ohci_deregister
4a02e7c8 t ohci_usb_remove
4a02e824 t ohci_usb_probe
4a02e8cc t ehci_get_port_speed
4a02e8d4 t ehci_set_usbmode
4a02e8ec t ehci_get_portsc_register
4a02e900 t ehci_powerup_fixup
4a02e920 t handshake
4a02e970 t ehci_td_buffer
4a02e9f0 t ehci_shutdown
4a02ea90 t _ehci_poll_int_queue
4a02eb4c t ehci_poll_int_queue
4a02eb58 t disable_periodic.isra.1
4a02eba0 t enable_periodic.isra.2
4a02ebf0 t ehci_get_ctrl.isra.3
4a02ec00 t _ehci_destroy_int_queue
4a02ece4 t ehci_destroy_int_queue
4a02ecf0 t ehci_update_endpt2_dev_n_port.isra.4
4a02ed4c t ehci_submit_async
4a02f2ec t ehci_submit_bulk_msg
4a02f31c t _ehci_create_int_queue.isra.5
4a02f6c4 t ehci_create_int_queue
4a02f6dc t ehci_submit_int_msg
4a02f78c t ehci_submit_control_msg
4a02fcc8 T ehci_register
4a02ffe4 T ehci_deregister
4a030004 t ehci_usb_remove
4a03004c t ehci_usb_probe
4a0300e8 t fs_probe_unsupported
4a030100 t fs_exists_unsupported
4a030108 t fs_size_unsupported
4a030110 t fs_write_unsupported
4a030118 t fs_close_unsupported
4a03011c t fs_uuid_unsupported
4a030124 t fs_get_info
4a030158 t fs_close
4a030180 t fs_read_unsupported
4a030188 t fs_ls_unsupported
4a030190 T fs_set_blk_dev
4a030244 T fs_ls
4a030280 T fs_exists
4a0302b4 T fs_size
4a0302f0 T fs_read
4a030390 T fs_write
4a030420 T do_size
4a030480 T do_load
4a0306c4 T do_ls
4a03072c T file_exists
4a030758 T do_save
4a0308d4 T do_fs_type
4a030944 T get_fs
4a030950 T ext4fs_free_node
4a030970 T ext4fs_read_file
4a030d74 T ext4fs_ls
4a030dec T ext4fs_exists
4a030e08 T ext4fs_size
4a030e0c T ext4fs_read
4a030e68 T ext4fs_probe
4a030e98 T ext4_read_file
4a030f08 T ext4fs_uuid
4a030f40 T ext4fs_bg_get_inode_table_id
4a030f80 T ext4fs_read_inode
4a0310e4 T read_allocated_block
4a031a1c T ext4fs_reinit_global
4a031ad8 T ext4fs_close
4a031b38 T ext4fs_iterate_dir
4a031e14 t ext4fs_find_file1
4a0320d0 T ext4fs_find_file
4a032148 T ext4fs_open
4a0321f4 T ext4fs_mount
4a0322d8 T ext4fs_set_blk_dev
4a032350 T ext4fs_devread
4a032650 T ext4_read_superblock
4a032694 t downcase
4a0326c4 t disk_read
4a032738 t dirdelim
4a032770 t mkcksum
4a0327c0 t disk_write
4a032878 t flush_dirty_fat_buffer
4a032920 t set_fatent_value
4a032ae0 t get_fatent
4a032c58 t find_empty_cluster
4a032c84 t get_cluster
4a032df4 t get_name
4a032ea0 t set_cluster
4a033008 t read_bootsectandvi
4a033130 t set_name
4a033284 t check_overflow
4a033338 t slot2str
4a0333f4 t get_vfatname
4a0335ac t flush_dir_table.constprop.8
4a033680 t do_fat_write
4a0342a4 T fat_set_blk_dev
4a034370 T do_fat_read_at
4a03501c T do_fat_read
4a035058 T file_fat_detectfs
4a0351a0 T file_fat_ls
4a0351cc T fat_exists
4a035210 T fat_size
4a035248 T file_fat_read_at
4a0352a8 T fat_read_file
4a0352f0 T fat_close
4a0352f4 T file_fat_write
4a035350 T efi_return_handle
4a03535c T efi_load_pe
4a035618 t efi_search.isra.0.part.1
4a035660 T efi_save_gd
4a035670 T efi_restore_gd
4a03569c t efi_set_mem
4a0356bc t efi_copy_mem
4a0356d4 t efi_exit
4a035704 T efi_allocate_pages_ext
4a035730 T efi_free_pages_ext
4a035758 T efi_get_memory_map_ext
4a035790 t efi_calculate_crc32
4a0357c8 t efi_uninstall_multiple_protocol_interfaces
4a0357f0 t efi_install_multiple_protocol_interfaces
4a035818 t efi_locate_protocol
4a03585c t efi_locate_handle_buffer
4a035878 t efi_protocols_per_handle
4a035894 t efi_open_protocol_information
4a0358b0 t efi_open_protocol
4a035974 t efi_handle_protocol
4a035990 t efi_disconnect_controller
4a0359ac t efi_connect_controller
4a0359c8 t efi_set_watchdog_timer
4a0359e4 t efi_stall
4a035a04 t efi_get_next_monotonic_count
4a035a3c t efi_exit_boot_services
4a035a78 t efi_unload_image
4a035ad4 t efi_start_image
4a035b08 t jmp_target
4a035b48 t efi_load_image
4a035c08 t efi_locate_device_path
4a035c24 t efi_locate_handle
4a035d00 t efi_reinstall_protocol_interface
4a035d1c t efi_install_protocol_interface
4a035d38 t efi_check_event
4a035d54 t efi_close_event
4a035d84 t efi_signal_event
4a035da0 t efi_set_timer
4a035e60 t efi_create_event
4a035eb4 t efi_free_pool_ext
4a035ed0 t efi_allocate_pool_ext
4a035ef4 t efi_restore_tpl
4a035f0c t efi_raise_tpl
4a035f28 t efi_close_protocol
4a035f44 t efi_uninstall_protocol_interface
4a035f60 t efi_register_protocol_notify
4a035f7c T efi_exit_func
4a035f8c T efi_timer_check
4a035ff0 t efi_wait_for_event
4a036030 T efi_install_configuration_table
4a0360d4 t efi_install_configuration_table_ext
4a0360f8 t efi_get_time_boottime
4a036100 t efi_reset_system_boottime
4a03612c W efi_reset_system_init
4a036130 W efi_get_time_init
4a036134 T efi_runtime_relocate
4a03625c t efi_set_virtual_address_map
4a0363e0 t efi_cin_lock_std_in
4a0363f4 t efi_cin_set_mode
4a036408 t efi_cin_get_mode
4a03644c t efi_cout_set_attribute
4a036460 t efi_cout_test_string
4a036474 t efi_cout_reset
4a036488 t efi_cin_reset
4a03649c t efi_cout_enable_cursor
4a0364cc t efi_cout_set_cursor_position
4a03650c t efi_cout_clear_screen
4a03652c t efi_cout_output_string
4a036624 t efi_cout_set_mode
4a03665c t efi_cin_read_key_stroke
4a03677c t efi_cout_query_mode
4a036998 t efi_mem_cmp
4a0369c8 t efi_find_free_memory
4a036a9c T efi_add_memory_map
4a036dec T efi_allocate_pages
4a036e94 T efi_alloc
4a036ee8 T efi_free_pages
4a036f20 T efi_allocate_pool
4a036f7c T efi_free_pool
4a036f8c T efi_get_memory_map
4a037038 W efi_add_known_memory
4a03709c T efi_memory_init
4a037124 t efi_disk_open_block
4a037134 t efi_disk_open_dp
4a037144 t efi_disk_flush_blocks
4a037158 t efi_disk_reset
4a03716c t efi_disk_add_dev.part.0
4a0372b8 t efi_disk_read_blocks
4a037350 t efi_disk_write_blocks
4a0373e8 T efi_disk_register
4a03755c t efi_net_push
4a037570 t efi_net_open_dp
4a037580 t efi_net_open_pxe
4a037590 t efi_net_get_status
4a0375d0 t efi_net_nvdata
4a0375e4 t efi_net_mcastiptomac
4a0375f8 t efi_net_station_address
4a03760c t efi_net_receive_filters
4a037620 t efi_net_shutdown
4a037634 t efi_net_stop
4a037638 t efi_net_start
4a03763c t efi_net_reset
4a037650 t efi_net_initialize
4a037668 t efi_net_receive
4a0376fc t efi_net_transmit
4a037740 t efi_net_statistics
4a037754 T efi_net_set_dhcp_ack
4a03779c T efi_net_register
4a0379d4 T efi_smbios_register
4a037a20 T zcalloc
4a037a28 T zcfree
4a037a30 T inflate_fast
4a037fc4 T inflate_table
4a0384f4 T inflateReset
4a03856c T inflateInit2_
4a038670 T inflateEnd
4a0386d8 T adler32
4a038a0c T inflate
4a039ee4 T crc16_ccitt
4a039f20 T gzalloc
4a039f30 T gzfree
4a039f38 T zunzip
4a03a054 T gunzip
4a03a10c t smbios_write_type127
4a03a160 t smbios_write_type32
4a03a1b4 t smbios_string_table_len
4a03a1ec t smbios_add_string
4a03a258 t smbios_write_type3
4a03a2e4 t smbios_write_type2
4a03a380 t smbios_write_type0
4a03a474 t smbios_write_type1
4a03a538 t smbios_write_type4
4a03a610 T write_smbios_table
4a03a72c T initcall_run_list
4a03a78c t lmb_add_region
4a03a918 T lmb_init
4a03a940 T lmb_add
4a03a944 T lmb_free
4a03aa44 T lmb_reserve
4a03aa4c T __lmb_alloc_base
4a03ab70 T lmb_alloc_base
4a03aba4 T lmb_alloc
4a03abac W board_lmb_reserve
4a03abb0 T string_to_ip
4a03ac40 T qsort
4a03ad20 T strcmp_compar
4a03ad2c t merge
4a03ad94 T list_sort
4a03af28 T fdt_check_header
4a03af9c T fdt_offset_ptr
4a03b008 T fdt_next_tag
4a03b104 T _fdt_check_node_offset
4a03b140 T _fdt_check_prop_offset
4a03b17c T fdt_next_node
4a03b234 T fdt_first_subnode
4a03b268 T fdt_next_subnode
4a03b2b8 T _fdt_find_string
4a03b314 T fdt_move
4a03b35c t fdt_path_next_separator
4a03b3ac t _nextprop
4a03b408 T fdt_string
4a03b41c T fdt_get_mem_rsv
4a03b47c T fdt_num_mem_rsv
4a03b4b8 T fdt_subnode_offset_namelen
4a03b590 T fdt_subnode_offset
4a03b5c0 T fdt_get_name
4a03b634 T fdt_first_property_offset
4a03b654 T fdt_next_property_offset
4a03b674 T fdt_get_property_by_offset
4a03b6c4 T fdt_get_property_namelen
4a03b77c T fdt_get_property
4a03b7b8 T fdt_getprop_namelen
4a03b7d8 T fdt_getprop_by_offset
4a03b820 T fdt_getprop
4a03b85c T fdt_get_phandle
4a03b8cc T fdt_get_alias_namelen
4a03b910 T fdt_path_offset_namelen
4a03ba00 T fdt_path_offset
4a03ba28 T fdt_get_alias
4a03ba50 T fdt_supernode_atdepth_offset
4a03baf4 T fdt_node_depth
4a03bb1c T fdt_parent_offset
4a03bb4c T fdt_node_offset_by_phandle
4a03bbc0 T fdt_stringlist_contains
4a03bc3c T fdt_stringlist_search
4a03bce4 T fdt_node_check_compatible
4a03bd24 T fdt_node_offset_by_compatible
4a03bd90 t _fdt_blocks_misordered
4a03bdf4 t _fdt_splice
4a03be84 t _fdt_splice_mem_rsv
4a03bedc t _fdt_splice_struct
4a03bf28 t _fdt_packblocks
4a03bfb4 t _fdt_find_add_string
4a03c058 t _fdt_add_property
4a03c0f0 t _fdt_rw_check_header
4a03c150 T fdt_add_mem_rsv
4a03c1d8 T fdt_del_mem_rsv
4a03c234 T fdt_set_name
4a03c2bc T fdt_setprop
4a03c390 T fdt_appendprop
4a03c468 T fdt_delprop
4a03c4c8 T fdt_add_subnode_namelen
4a03c5b8 T fdt_add_subnode
4a03c5e8 T fdt_del_node
4a03c640 T fdt_open_into
4a03c7d0 T fdt_strerror
4a03c828 T _fdt_node_end_offset
4a03c86c T fdt_address_cells
4a03c8b8 T fdt_size_cells
4a03c900 T fdtdec_get_int
4a03c938 t get_prop_check_min_len
4a03c974 T fdtdec_get_is_enabled
4a03c9b0 T fdtdec_get_alias_seq
4a03cac8 T fdtdec_get_chosen_prop
4a03cafc T fdtdec_get_chosen_node
4a03cb24 T fdtdec_prepare_fdt
4a03cb68 T fdtdec_get_int_array
4a03cbc4 T fdtdec_get_bool
4a03cbe0 T fdtdec_parse_phandle_with_args
4a03cd38 T fdtdec_get_config_int
4a03cd78 T fdtdec_get_config_string
4a03cdb4 T fdtdec_setup
4a03cde8 t cmpkey
4a03cdfc t _hdelete.isra.0
4a03ce4c t drop_var_from_set.part.1
4a03ce9c t match_string
4a03cf50 t match_entry
4a03d010 T hcreate_r
4a03d0c0 T hdestroy_r
4a03d138 T hmatch_r
4a03d1d8 T hsearch_r
4a03d670 T hdelete_r
4a03d74c T hexport_r
4a03d9f4 T himport_r
4a03ddd0 T hwalk_r
4a03de2c T display_options
4a03de4c T print_size
4a03df90 T print_buffer
4a03e144 T crc32_no_comp
4a03e210 T crc32
4a03e224 T crc32_wd
4a03e228 W __div64_32
4a03e2f8 T hang
4a03e314 T skip_spaces
4a03e33c T strim
4a03e39c t emit
4a03e3c0 t store_char_in_data
4a03e3e8 t get_escape_char
4a03e468 t relocate
4a03e4a8 t match
4a03e8a0 t loop_greedy
4a03e934 t loop_non_greedy
4a03e9b4 t quantifier
4a03ea48 t fixup_branch
4a03ea88 t compile
4a03eddc T slre_compile
4a03eeac T slre_match
4a03ef4c T strncasecmp
4a03efd8 T strcpy
4a03eff0 T strncpy
4a03f014 T strcat
4a03f044 T strncat
4a03f098 T strcmp
4a03f0c0 T strncmp
4a03f0fc T strchr
4a03f128 T strlen
4a03f148 T strlcpy
4a03f198 T strrchr
4a03f1d4 T strnlen
4a03f200 T strdup
4a03f240 T memmove
4a03f284 T memcmp
4a03f2b4 T memscan
4a03f2e0 T strstr
4a03f34c T memchr
4a03f37c t tick_to_time
4a03f3e0 W timer_get_us
4a03f404 T udelay
4a03f434 T uuid_str_valid
4a03f4c4 T uuid_str_to_bin
4a03f648 T uuid_bin_to_str
4a03f6ec t put_dec_trunc
4a03f7c0 t put_dec
4a03f964 t number
4a03fc20 t string
4a03fcdc t vsnprintf_internal
4a04037c T vscnprintf
4a0403a0 T snprintf
4a0403c8 T vsprintf
4a0403d8 T sprintf
4a040400 T printf
4a040450 T vprintf
4a040484 T simple_itoa
4a0404d8 t panic_finish
4a040508 T panic_str
4a040514 T panic
4a040530 T simple_strtoul
4a0405e8 T strict_strtoul
4a040660 T simple_strtol
4a040684 T ustrtoul
4a0406f4 T simple_strtoull
4a0407d0 T ustrtoull
4a040858 T trailing_strtoln
4a0408cc T trailing_strtol
4a0408d4 T compute_ip_checksum
4a040940 T ip_checksum_ok
4a04095c T arp_init
4a0409ac T arp_raw_request
4a040a6c T arp_request
4a040af0 T arp_timeout_check
4a040b80 T arp_receive
4a040d98 t dhcp_extended
4a040fe8 t dhcp_process_options
4a0411dc t dhcp_packet_process_options
4a041260 t dhcp_handler
4a04164c T bootp_reset
4a041690 T bootp_request
4a041918 t bootp_timeout_handler
4a041988 T dhcp_request
4a04198c t eth_get_uclass_priv
4a0419ac t eth_pre_remove
4a0419dc t eth_write_hwaddr
4a041acc t on_ethaddr
4a041b50 t eth_post_probe
4a041cec t eth_post_bind
4a041d20 T eth_set_current_to_next
4a041d58 T eth_get_dev
4a041d90 T eth_set_dev
4a041dd0 t eth_pre_unbind
4a041df8 T eth_get_dev_by_name
4a041eec T eth_get_ethaddr
4a041f0c T eth_halt_state_only
4a041f34 T eth_get_dev_index
4a041f58 T eth_init
4a042054 T eth_halt
4a042090 T eth_send
4a0420e0 T eth_rx
4a042194 T eth_initialize
4a04228c T eth_parse_enetaddr
4a0422e8 T eth_getenv_enetaddr
4a042344 T eth_setenv_enetaddr
4a042390 T eth_getenv_enetaddr_by_index
4a0423dc T eth_setenv_enetaddr_by_index
4a042428 T eth_common_init
4a042440 T eth_mac_skip
4a042480 T eth_get_name
4a0424a8 T eth_current_changed
4a04253c T eth_try_another
4a0425c0 T eth_set_current
4a04264c t net_clear_handlers
4a042680 t start_again_timeout_handler
4a042694 t dummy_handler
4a042698 t on_ipaddr
4a0426c8 t on_gatewayip
4a0426f8 t on_netmask
4a042728 t on_serverip
4a042758 t net_init_loop
4a042784 T net_auto_load
4a0427e8 T net_init
4a042858 T net_start_again
4a0429c0 T net_loop
4a042d50 T net_set_udp_handler
4a042d70 T net_get_arp_handler
4a042d80 T net_set_timeout_handler
4a042de0 T net_process_received_packet
4a0430ac T net_eth_hdr_size
4a0430e8 T net_set_ether
4a043180 T net_update_ether
4a0431fc T net_set_ip_header
4a043284 T net_set_udp_header
4a043308 T net_send_udp_packet
4a043410 T copy_filename
4a043454 t on_bootfile
4a043488 T ip_to_string
4a0434c4 T string_to_vlan
4a043514 t on_nvlan
4a043544 t on_vlan
4a043574 t rpc_lookup_reply
4a04362c t nfs_mount_reply
4a0436d8 t nfs_umountall_reply
4a043774 t nfs_lookup_reply
4a0438a4 t nfs3_get_attributes_offset
4a0438b8 t nfs_readlink_reply
4a0439dc t basename
4a043a18 t rpc_req
4a043b3c t nfs_umountall_req
4a043bc0 t nfs_read_reply.isra.0
4a043d30 t nfs_mount_req
4a043dec t nfs_readlink_req
4a043eb4 t nfs_lookup_req
4a044040 t nfs_read_req
4a044134 t nfs_send
4a044288 t nfs_handler
4a0444c8 t nfs_timeout_handler
4a04452c T nfs_start
4a04469c t ping_timeout_handler
4a0446b8 T ping_start
4a0447d4 T ping_receive
4a0448b0 t tftp_send
4a044a74 t tftp_handler
4a044e14 t tftp_timeout_handler
4a044e9c T tftp_start
4a045234 t do_dm_dump_devres
4a04523c t do_dm
4a0452b0 t do_dm_dump_uclass
4a0452c0 t do_dm_dump_all
4a0452d0 T __aeabi_llsl
4a0452d0 T __ashldi3
4a0452ec T __aeabi_uidiv
4a0452ec T __udivsi3
4a045388 T __aeabi_idiv
4a045388 T __divsi3
4a045454 T __aeabi_uidivmod
4a04546c T __aeabi_idivmod
4a045484 t Ldiv0
4a045494 T __aeabi_llsr
4a045494 T __lshrdi3
4a0454b0 T __div0
4a0454b4 D __secure_start
4a045b10 D __secure_end
4a045b18 r efi_boot_services
4a045c60 r CSWTCH.28
4a045c80 r CSWTCH.39
4a045c94 r CSWTCH.46
4a045cb4 r CSWTCH.47
4a045cd8 r boot_os
4a045d38 r cc_to_error
4a045d78 r cc_to_string
4a045db8 r crc_table
4a0461b8 r desc_and_len_tbl
4a0461e8 r designware_eth_ids
4a046218 R designware_eth_ops
4a046234 R efi_con_in
4a046240 R efi_con_out
4a046268 R efi_console_control
4a046274 r efi_runtime_detach_list
4a0462ac r ehci_usb_ids
4a0462fc r env_flags_varaccess_mask
4a04630c r ext_csd_bits.9515
4a046320 r ext_to_hostcaps.9516
4a04633c r fbase
4a04634c r fdt_errtable
4a046394 r generic_simple_bus_ids
4a0463ac r gpio_function
4a0463c0 r gpio_sunxi_ops
4a0463e8 r hub_id_table
4a046418 r init_sequence_f
4a0464b8 r kbd_id_table
4a0464e8 r keywords
4a046580 r mass_storage_id_table
4a0465b0 r ns16550_serial_ids
4a046610 R ns16550_serial_ops
4a046624 r ohci_usb_ids
4a046674 R op_adv
4a046774 r op_table
4a0467dc r phy_interface_strings
4a046820 r reg_0_5_desc_tbl
4a046850 r reg_0_desc_tbl
4a0468c8 r reg_1_desc_tbl
4a046988 r reg_2_desc_tbl
4a046994 r reg_3_desc_tbl
4a0469b8 r reg_4_desc_tbl
4a046a48 r reg_5_desc_tbl
4a046ad8 R res_mode_init
4a046ce0 r root_info
4a046ce8 r sd_au_size
4a046d28 r smbios_write_funcs
4a046d44 r soc_data_a_all
4a046d4c r soc_data_l_1
4a046d54 r soc_data_l_2
4a046d5c r soc_data_l_3
4a046d64 r sunxi_gpio_ids
4a046dec r sunxi_mmc_ops
4a046e00 r sunxi_rgb2yuv_coef
4a046e30 r uimage_arch
4a046f68 r uimage_comp
4a046fbc r uimage_os
4a047034 r uimage_type
4a0471b4 r usb_hub_ids
4a0471c4 r usb_kbd_ids
4a0471d4 r usb_mass_storage_ids
4a0471e4 r video_font_draw_table15
4a0471f4 r video_font_draw_table16
4a047204 r video_font_draw_table24
4a0472c4 r video_font_draw_table32
4a0473c4 r video_font_draw_table8
4a047404 r widths.9517
4a047418 r CSWTCH.29
4a047420 r crc16_tab
4a047620 r dbase.7440
4a047660 r dext.7441
4a0476a0 r distfix
4a047720 r lbase.7438
4a04775e r lenfix
4a047f5e r lext.7439
4a047f9c r order.7534
4a048070 r CSWTCH.66
4a048086 r __FUNCTION__.8837
4a04809d r __FUNCTION__.8982
4a0480b4 r __func__.10040
4a0480cb r __func__.7383
4a0480da r __func__.7503
4a0480ea r __func__.7519
4a0480f5 r __func__.7526
4a048100 r __func__.7900
4a04810c r __func__.7949
4a04811a r __func__.7986
4a048128 r __func__.8000
4a048136 r __func__.8427
4a048145 r __func__.8439
4a048157 r __func__.8573
4a048164 r __func__.8582
4a04817b r __func__.8587
4a048188 r __func__.8714
4a0481a0 r __func__.8919
4a0481ae r __func__.9398
4a0481bb r __func__.9404
4a0481cc r __func__.9408
4a0481e4 r __func__.9412
4a0481fc r __func__.9416
4a048209 r __func__.9420
4a04821d r __func__.9424
4a048231 r __func__.9549
4a04823a r __func__.9710
4a04824a r __func__.9725
4a048259 r __func__.9761
4a04826c r __func__.9822
4a048276 R _ctype
4a048376 R default_environment
4a0493b0 r digits.7145
4a0493c0 r efi_block_io_guid
4a0493d0 R efi_guid_console_control
4a0493e0 R efi_guid_device_path
4a0493f0 R efi_guid_loaded_image
4a049400 r efi_net_guid
4a049410 r efi_pxe_guid
4a049420 r env_flags_varaccess_rep
4a049425 r env_flags_vartype_rep
4a04942c r erase_seq
4a049430 r hdr.9755
4a049435 r hex_asc
4a049446 r multipliers
4a049456 r names.7365
4a04945c R net_bcast_ethaddr
4a049462 r smbios_guid
4a057132 r tab_seq
4a05713b r us_direction
4a05715b r usb_kbd_arrow
4a05715f r usb_kbd_num_keypad
4a057173 r usb_kbd_numkey
4a05718e r usb_kbd_numkey_shifted
4a0571a9 V version_string
4a057220 d sunxi_usb_phy
4a057280 d bootm_help_text
4a05760c d cmd_bootm_sub
4a057708 d source_help_text
4a057756 d bootefi_device_path
4a0577e0 d loaded_image_info_obj
4a05780c d bootefi_image_path
4a057894 d bootefi_help_text
4a057954 d bootefi_device_obj
4a057980 d loaded_image_info
4a0579e0 d bootz_help_text
4a057be8 d root.8013
4a057bea d tabs.8098
4a057c0b d fdt_help_text
4a058254 d i2c_help_text
4a058608 d cmd_i2c_sub
4a058790 d i2c_dp_last_length
4a058794 d do_echo
4a058798 d dp_last_length
4a05879c d curr_device
4a0587a0 d cmd_mmc
4a0588b8 d cmd_pxe_sub
4a0588f0 D pxe_default_paths
4a058900 d usb_stor_curr_dev
4a058904 d imgextract_help_text
4a058959 d env_help_text
4a058ba8 d env_id
4a058bac d cmd_env_sub
4a058cc4 d reserved_list
4a058d48 d init_sequence_r
4a058dbc d first_call
4a058dc0 d first_call
4a058dc4 D env_name_spec
4a058dc8 d of_busses
4a058de0 d usb_scan_list
4a058de8 D env_htab
4a058df8 d av_
4a059200 d sbrk_base
4a059204 d trim_threshold
4a059208 D load_addr
4a05920c D stdio_names
4a059218 d hist_cur
4a05921c d system_guid
4a05922c d nl.8587
4a059230 D linux_logo_blue
4a059306 d video_fontdata
4a05a306 D linux_logo
4a05bc06 D linux_logo_green
4a05bcdc D linux_logo_red
4a05bdb4 d cur_dev_num
4a05bdb8 d supported
4a05bdf0 d genphy_driver
4a05be24 d phy_drivers
4a05be2c d RTL8211F_driver
4a05be60 d RTL8211E_driver
4a05be94 d RTL8211DN_driver
4a05bec8 d RTL8211B_driver
4a05befc d root_hub_config_des
4a05bf18 D ohci_usb_ops
4a05bf38 d root_hub_dev_des
4a05bf4a d root_hub_str_index0
4a05bf4e d root_hub_str_index1
4a05bf70 D ehci_usb_ops
4a05bf90 d descriptor
4a05bfc8 d fstypes
4a05c04c D ext4fs_indir3_blkno
4a05c050 D ext4fs_indir1_blkno
4a05c054 D ext4fs_indir2_blkno
4a05c058 d efi_event
4a05c080 d loaded_image_info_obj.8029
4a05c0ac d efi_is_direct_boot
4a05c0b0 D efi_obj_list
4a05c0b8 d lastoff.9558
4a05c0bc D efi_runtime_mmio
4a05c0c4 d efi_cout_modes
4a05c0e8 d efi_con_mode
4a05c100 D efi_mem
4a05c108 d first_call.7709
4a05c10c D net_native_vlan
4a05c10e D net_our_vlan
4a05c110 d nfs_offset
4a05c114 d supported_nfs_versions
4a05c116 d tftp_block_size_option
4a05c118 D tftp_timeout_count_max
4a05c11c d timeout_ms
4a05c120 d tftp_block_size
4a05c124 d timeout_count_max
4a05c128 d test_commands
4a05c188 D _u_boot_list_2_blk_driver_2_mmc
4a05c188 d start.7238
4a05c188 d start.7242
4a05c188 d start.7257
4a05c188 d start.7261
4a05c1a0 D _u_boot_list_2_blk_driver_2_scsi
4a05c1b8 D _u_boot_list_2_blk_driver_2_usb
4a05c1d0 D _u_boot_list_2_cmd_2_base
4a05c1d0 d end.7245
4a05c1d0 d end.7264
4a05c1d0 d start.7043
4a05c1d0 d start.7047
4a05c1d0 d start.7189
4a05c1d0 d start.7193
4a05c1d0 d start.7220
4a05c1d0 d start.7224
4a05c1ec D _u_boot_list_2_cmd_2_bdinfo
4a05c208 D _u_boot_list_2_cmd_2_boot
4a05c224 D _u_boot_list_2_cmd_2_bootd
4a05c240 D _u_boot_list_2_cmd_2_bootefi
4a05c25c D _u_boot_list_2_cmd_2_bootelf
4a05c278 D _u_boot_list_2_cmd_2_bootm
4a05c294 D _u_boot_list_2_cmd_2_bootp
4a05c2b0 D _u_boot_list_2_cmd_2_bootvx
4a05c2cc D _u_boot_list_2_cmd_2_bootz
4a05c2e8 D _u_boot_list_2_cmd_2_clrlogo
4a05c304 D _u_boot_list_2_cmd_2_cmp
4a05c320 D _u_boot_list_2_cmd_2_coninfo
4a05c33c D _u_boot_list_2_cmd_2_cp
4a05c358 D _u_boot_list_2_cmd_2_crc32
4a05c374 D _u_boot_list_2_cmd_2_dhcp
4a05c390 D _u_boot_list_2_cmd_2_dm
4a05c3ac D _u_boot_list_2_cmd_2_echo
4a05c3c8 D _u_boot_list_2_cmd_2_editenv
4a05c3e4 D _u_boot_list_2_cmd_2_env
4a05c400 D _u_boot_list_2_cmd_2_exit
4a05c41c D _u_boot_list_2_cmd_2_ext2load
4a05c438 D _u_boot_list_2_cmd_2_ext2ls
4a05c454 D _u_boot_list_2_cmd_2_ext4load
4a05c470 D _u_boot_list_2_cmd_2_ext4ls
4a05c48c D _u_boot_list_2_cmd_2_ext4size
4a05c4a8 D _u_boot_list_2_cmd_2_false
4a05c4c4 D _u_boot_list_2_cmd_2_fatinfo
4a05c4e0 D _u_boot_list_2_cmd_2_fatload
4a05c4fc D _u_boot_list_2_cmd_2_fatls
4a05c518 D _u_boot_list_2_cmd_2_fatsize
4a05c534 D _u_boot_list_2_cmd_2_fatwrite
4a05c550 D _u_boot_list_2_cmd_2_fdt
4a05c56c D _u_boot_list_2_cmd_2_fstype
4a05c588 D _u_boot_list_2_cmd_2_go
4a05c5a4 D _u_boot_list_2_cmd_2_gpio
4a05c5c0 D _u_boot_list_2_cmd_2_help
4a05c5dc D _u_boot_list_2_cmd_2_i2c
4a05c5f8 D _u_boot_list_2_cmd_2_iminfo
4a05c614 D _u_boot_list_2_cmd_2_imxtract
4a05c630 D _u_boot_list_2_cmd_2_itest
4a05c64c D _u_boot_list_2_cmd_2_load
4a05c668 D _u_boot_list_2_cmd_2_loadb
4a05c684 D _u_boot_list_2_cmd_2_loads
4a05c6a0 D _u_boot_list_2_cmd_2_loadx
4a05c6bc D _u_boot_list_2_cmd_2_loady
4a05c6d8 D _u_boot_list_2_cmd_2_loop
4a05c6f4 D _u_boot_list_2_cmd_2_ls
4a05c710 D _u_boot_list_2_cmd_2_md
4a05c72c D _u_boot_list_2_cmd_2_mdio
4a05c748 D _u_boot_list_2_cmd_2_mii
4a05c764 D _u_boot_list_2_cmd_2_mm
4a05c780 D _u_boot_list_2_cmd_2_mmc
4a05c79c D _u_boot_list_2_cmd_2_mmcinfo
4a05c7b8 D _u_boot_list_2_cmd_2_mw
4a05c7d4 D _u_boot_list_2_cmd_2_nfs
4a05c7f0 D _u_boot_list_2_cmd_2_nm
4a05c80c D _u_boot_list_2_cmd_2_part
4a05c828 D _u_boot_list_2_cmd_2_ping
4a05c844 D _u_boot_list_2_cmd_2_poweroff
4a05c860 D _u_boot_list_2_cmd_2_printenv
4a05c87c D _u_boot_list_2_cmd_2_pxe
4a05c898 D _u_boot_list_2_cmd_2_question_mark
4a05c8b4 D _u_boot_list_2_cmd_2_reset
4a05c8d0 D _u_boot_list_2_cmd_2_run
4a05c8ec D _u_boot_list_2_cmd_2_save
4a05c908 D _u_boot_list_2_cmd_2_saveenv
4a05c924 D _u_boot_list_2_cmd_2_scsi
4a05c940 D _u_boot_list_2_cmd_2_scsiboot
4a05c95c D _u_boot_list_2_cmd_2_setenv
4a05c978 D _u_boot_list_2_cmd_2_setexpr
4a05c994 D _u_boot_list_2_cmd_2_showvar
4a05c9b0 D _u_boot_list_2_cmd_2_size
4a05c9cc D _u_boot_list_2_cmd_2_sleep
4a05c9e8 D _u_boot_list_2_cmd_2_source
4a05ca04 D _u_boot_list_2_cmd_2_sysboot
4a05ca20 D _u_boot_list_2_cmd_2_test
4a05ca3c D _u_boot_list_2_cmd_2_tftpboot
4a05ca58 D _u_boot_list_2_cmd_2_true
4a05ca74 D _u_boot_list_2_cmd_2_usb
4a05ca90 D _u_boot_list_2_cmd_2_usbboot
4a05caac D _u_boot_list_2_cmd_2_version
4a05cac8 D _u_boot_list_2_driver_2_ehci_sunxi
4a05cac8 d end.7050
4a05cac8 d end.7196
4a05cac8 d end.7227
4a05cac8 d start.8858
4a05cac8 d start.8862
4a05cac8 d start.8945
4a05cac8 d start.8949
4a05cb0c D _u_boot_list_2_driver_2_eth_designware
4a05cb50 D _u_boot_list_2_driver_2_gpio_sunxi
4a05cb94 D _u_boot_list_2_driver_2_ns16550_serial
4a05cbd8 D _u_boot_list_2_driver_2_root_driver
4a05cc1c D _u_boot_list_2_driver_2_simple_bus_drv
4a05cc60 D _u_boot_list_2_driver_2_usb_dev_generic_drv
4a05cca4 D _u_boot_list_2_driver_2_usb_generic_hub
4a05cce8 D _u_boot_list_2_driver_2_usb_kbd
4a05cd2c D _u_boot_list_2_driver_2_usb_mass_storage
4a05cd70 D _u_boot_list_2_driver_2_usb_ohci
4a05cdb4 D _u_boot_list_2_env_clbk_2_baudrate
4a05cdb4 d end.8865
4a05cdb4 d end.8904
4a05cdb4 d end.8952
4a05cdb4 d start.7417
4a05cdb4 d start.7424
4a05cdb4 d start.8897
4a05cdb4 d start.8901
4a05cdbc D _u_boot_list_2_env_clbk_2_bootfile
4a05cdc4 D _u_boot_list_2_env_clbk_2_callbacks
4a05cdcc D _u_boot_list_2_env_clbk_2_console
4a05cdd4 D _u_boot_list_2_env_clbk_2_ethaddr
4a05cddc D _u_boot_list_2_env_clbk_2_flags
4a05cde4 D _u_boot_list_2_env_clbk_2_gatewayip
4a05cdec D _u_boot_list_2_env_clbk_2_ipaddr
4a05cdf4 D _u_boot_list_2_env_clbk_2_loadaddr
4a05cdfc D _u_boot_list_2_env_clbk_2_netmask
4a05ce04 D _u_boot_list_2_env_clbk_2_nvlan
4a05ce0c D _u_boot_list_2_env_clbk_2_serverip
4a05ce14 D _u_boot_list_2_env_clbk_2_vlan
4a05ce1c D _u_boot_list_2_i2c_2_twsi0
4a05ce1c d end.7420
4a05ce1c d start.7254
4a05ce1c d start.7258
4a05ce1c d start.7276
4a05ce1c d start.7300
4a05ce1c d start.9766
4a05ce1c d start.9778
4a05ce1c d start.9794
4a05ce48 D _u_boot_list_2_part_driver_2_a_efi
4a05ce48 d end.7261
4a05ce48 d end.7279
4a05ce48 d end.7303
4a05ce48 d end.9769
4a05ce48 d end.9781
4a05ce48 d end.9797
4a05ce48 d start.7132
4a05ce48 d start.7136
4a05ce48 d start.7199
4a05ce48 d start.7203
4a05ce48 d start.7279
4a05ce48 d start.7283
4a05ce60 D _u_boot_list_2_part_driver_2_dos
4a05ce78 D _u_boot_list_2_part_driver_2_iso
4a05ce90 D _u_boot_list_2_pci_driver_entry_2_eth_designware
4a05ce90 d end.7139
4a05ce90 d end.7206
4a05ce90 d end.7286
4a05ce98 D _u_boot_list_2_uclass_2_ahci
4a05ce98 d start.8877
4a05ce98 d start.8881
4a05cee0 D _u_boot_list_2_uclass_2_eth
4a05cf28 D _u_boot_list_2_uclass_2_gpio
4a05cf70 D _u_boot_list_2_uclass_2_keyboard
4a05cfb8 D _u_boot_list_2_uclass_2_root
4a05d000 D _u_boot_list_2_uclass_2_serial
4a05d048 D _u_boot_list_2_uclass_2_simple_bus
4a05d090 D _u_boot_list_2_uclass_2_usb
4a05d0d8 D _u_boot_list_2_uclass_2_usb_dev_generic
4a05d120 D _u_boot_list_2_uclass_2_usb_hub
4a05d168 D _u_boot_list_2_uclass_2_usb_mass_storage
4a05d1b0 D _u_boot_list_2_usb_driver_entry_2_usb_generic_hub
4a05d1b0 d end.8884
4a05d1b0 d start.9802
4a05d1b0 d start.9805
4a05d1b8 D _u_boot_list_2_usb_driver_entry_2_usb_kbd
4a05d1c0 D _u_boot_list_2_usb_driver_entry_2_usb_mass_storage
4a05d1c8 D __efi_runtime_start
4a05d1c8 W efi_reset_system
4a05d1c8 d end.9808
4a05d1cc W efi_get_time
4a05d1d4 t efi_unimplemented
4a05d1dc t efi_device_error
4a05d1e4 t efi_invalid_parameter
4a05d1f0 T systab
4a05d238 t efi_conf_table
4a05d260 t firmware_vendor
4a05d278 T efi_runtime_services
4a05d2c8 T __efi_runtime_rel_start
4a05d2c8 T __efi_runtime_stop
4a05d358 B __bss_base
4a05d358 B __bss_start
4a05d358 R __efi_runtime_rel_stop
4a05d358 R __image_copy_end
4a05d358 R __rel_dyn_start
4a05d358 b params
4a05d35c b initial_usb_scan_delay
4a05d360 B working_fdt
4a05d364 b data.7987
4a05d764 b i2c_mm_last_addr
4a05d768 b i2c_mm_last_chip
4a05d76c b i2c_dp_last_chip
4a05d770 b i2c_mm_last_alen
4a05d774 b i2c_dp_last_addr
4a05d778 b i2c_dp_last_alen
4a05d77c b send_parms
4a05d790 b os_data_addr_saved
4a05d794 b his_pad_char
4a05d795 b a_b
4a05d7b0 b os_data_char
4a05d7b4 b os_data_state
4a05d7b8 b k_data_escape
4a05d7bc b os_data_state_saved
4a05d7c0 b os_data_addr
4a05d7c4 b send_ptr
4a05d7c8 b his_pad_count
4a05d7cc b bin_start_address
4a05d7d0 b his_quote
4a05d7d4 b os_data_init
4a05d7d8 b his_eol
4a05d7dc b k_data_escape_saved
4a05d7e0 b dp_last_addr
4a05d7e4 b base_address
4a05d7e8 b mm_last_size
4a05d7ec b mm_last_addr
4a05d7f0 b dp_last_size
4a05d7f4 b last_data
4a05d7f8 b last_data
4a05d7fc b last_reg_hi
4a05d800 b last_reg_hi
4a05d804 b last_mask
4a05d808 b last_addr_lo
4a05d80c b last_addr_lo
4a05d810 b last_op
4a05d812 b last_op
4a05d814 b last_addr_hi
4a05d818 b last_addr_hi
4a05d81c b last_reg_lo
4a05d820 b last_reg_lo
4a05d824 b last_devad_hi
4a05d828 b last_devad_lo
4a05d82c b do_getfile
4a05d830 b is_pxe
4a05d834 b fs_argv
4a05d848 b scsi_curr_dev
4a05d84c b flag_repeat
4a05d850 b buf.7651
4a05d878 b the_command.7451
4a05dc7c b ifs
4a05dc80 b last_return_code
4a05dc84 b map
4a05dd84 b do_repeat
4a05dd88 b top_vars
4a05dd8c b stored_bootdelay
4a05dd90 B monitor_flash_len
4a05dd94 B images
4a05dec4 b callback_list
4a05dec8 b flags_list
4a05decc b current_mii
4a05ded0 b mii_devs
4a05ded8 B usb_started
4a05dedc b running.9777
4a05dee0 b usb_hub_index
4a05dee4 b hub_dev
4a05e264 b usb_stor
4a05e3d0 b usb_dev_desc
4a05e718 b usb_max_devs
4a05e71c b CBWTag
4a05e740 b usb_ccb
4a05e800 b scsi_dev_desc
4a05e878 b tempbuff
4a05ea78 b scsi_max_devs
4a05ea80 b tempccb
4a05eb40 b kbd_testc_tms
4a05eb44 b ctrlc_was_pressed
4a05eb48 B cd_count
4a05eb54 b tstcdev
4a05eb58 b ctrlc_disabled
4a05eb5c B console_devices
4a05eb68 b max_total_mem
4a05eb6c B mem_malloc_brk
4a05eb70 b max_sbrked_mem
4a05eb74 b current_mallinfo
4a05eb9c B mem_malloc_end
4a05eba0 b top_pad
4a05eba4 B mem_malloc_start
4a05eba8 B stdio_devices
4a05ebb4 b devs
4a05ec00 b hist_list
4a05ec50 b hist_lines
4a063c64 b hist_max
4a063c68 b initted.7246
4a063c6c b hist_add_idx
4a063c70 b hist_num
4a063c74 B console_buffer
4a064075 b tmp_buf.7210
4a064275 b tmp_buf
4a064678 b xyz
4a064aac b tmpbuf
4a0652ac b name.8390
4a0652d4 B ataid
4a065354 B probe_ent
4a065358 b cursor_state
4a06535c b video_console_address
4a065360 b console_row
4a065364 b old_col
4a065368 b old_row
4a06536c b eorx
4a065370 b bgx
4a065374 b console_col
4a065378 b video_fb_address
4a06537c b pGD
4a065380 b cfb_do_flush_cache
4a065384 b fgx
4a065388 B sunxi_display
4a065428 b mmc_devices
4a065430 b initialized.9570
4a065434 B mmc_host
4a0654f4 b asynch_allowed
4a0654f8 b fs_partition
4a065578 b fs_type
4a06557c b fs_dev_desc
4a065580 B ext_fs
4a0655c8 B ext4fs_indir3_block
4a0655cc B ext4fs_root
4a0655d0 B ext4fs_indir3_size
4a0655d4 B ext4fs_indir1_block
4a0655d8 B ext4fs_indir2_size
4a0655dc B ext4fs_indir2_block
4a0655e0 B ext4fs_indir1_size
4a0655e4 b symlinknest
4a0655e8 B ext4fs_file
4a0655ec b part_info
4a0655f0 B part_offset
4a0655f8 b ext4fs_blk_desc
4a065600 B get_contents_vfatname_block
4a0672c0 R __rel_dyn_end
4a0672c0 R _end
4a0672c0 R _image_binary_end
4a075600 B do_fat_read_at_block
4a085600 B get_dentfromdir_block
4a095600 b empty_dentptr
4a095608 b cur_part_info
4a095688 b total_sector
4a09568c b dir_curclust
4a095690 b num_of_fats
4a095694 b cur_dev
4a095698 b mono.8077
4a0956a0 b app_gd
4a0956a4 b efi_gd
4a0956a8 b console_size_queried
4a0956a9 b new_rx_packet
4a0956ac b dhcp_ack
4a0956b0 b new_tx_packet
4a0956b4 B errno
4a0956b8 b local.7368
4a0956ce b arp_tx_packet_buf
4a095d10 B arp_wait_packet_ethaddr
4a095d14 b arp_tx_packet
4a095d18 B arp_wait_tx_packet_size
4a095d1c B arp_wait_try
4a095d20 b net_arp_wait_reply_ip
4a095d24 B net_arp_wait_packet_ip
4a095d28 B arp_wait_timer_start
4a095d2c b dhcp_state
4a095d30 B net_hostname
4a095d50 B bootp_timeout
4a095d54 b dhcp_server_ip
4a095d58 b dhcp_option_overload
4a095d5c b time_taken_max
4a095d60 B net_root_path
4a095da0 B bootp_ids
4a095db0 B bootp_num_ids
4a095db4 B bootp_try
4a095db8 B bootp_start
4a095dbc b dhcp_leasetime
4a095dc0 B net_nis_domain
4a095de0 b eth_errno
4a095de4 b env_changed_id.9309
4a095de8 b act.9308
4a095dec b first_failed.9303
4a095df0 B net_ethaddr
4a095df8 B net_dns_server
4a095dfc B net_state
4a095e00 B net_server_ip
4a095e04 B net_rx_packet
4a095e08 B net_boot_file_expected_size_in_blocks
4a095e0c B net_rx_packets
4a095e1c b time_start
4a095e20 b time_start
4a095e24 B net_gateway
4a095e28 B net_boot_file_name
4a096228 b udp_packet_handler
4a09622c b net_dev_exists
4a096230 b net_try_count
4a096234 B net_server_ethaddr
4a09623a B net_null_ethaddr
4a096240 B net_restart_wrap
4a096244 B net_busy_flag
4a096248 b net_restarted
4a09624c b net_ip_id
4a096250 b time_delta
4a096254 b arp_packet_handler
4a096258 B net_netmask
4a09625c b net_pkt_buf
4a09809c B net_ip
4a0980a0 B net_rx_packet_len
4a0980a4 B net_tx_packet
4a0980a8 b time_handler
4a0980ac B push_packet
4a0980b0 B net_boot_file_size
4a0980b4 b nfs_server_mount_port
4a0980b8 b nfs_server_ip
4a0980bc b nfs_filename
4a0980c0 b nfs_state
4a0980c4 b filefh3_length
4a0980c8 b dirfh
4a0980e8 b rpc_id
4a0980ec b fs_mounted
4a0980f0 b nfs_len
4a0980f4 b nfs_server_port
4a0980f8 b nfs_download_state
4a0980fc b nfs_path
4a098100 b nfs_path_buff
4a098900 b nfs_timeout_count
4a098904 b filefh
4a098944 b nfs_our_port
4a098948 B net_ping_ip
4a09894c b ping_seq_number
4a098950 b tftp_prev_block
4a098954 b timeout_count
4a098958 b tftp_block_wrap
4a09895c b default_filename
4a09896c b tftp_remote_port
4a098970 b tftp_cur_block
4a098974 b tftp_remote_ip
4a098978 b tftp_our_port
4a09897c b tftp_state
4a098980 b tftp_filename
4a098a00 b tftp_block_wrap_offset
4a098a04 B __bss_end
4a098a04 B __bss_limit
