Archive member included to satisfy reference by file (symbol)

arch/arm/lib/lib.a(ashldi3.o)
                              drivers/mmc/built-in.o (__aeabi_llsl)
arch/arm/lib/lib.a(lib1funcs.o)
                              cmd/built-in.o (__aeabi_uidiv)
arch/arm/lib/lib.a(lshrdi3.o)
                              fs/built-in.o (__aeabi_llsr)
arch/arm/lib/lib.a(div0.o)    arch/arm/lib/lib.a(lib1funcs.o) (__div0)

Discarded input sections

 .data          0x0000000000000000        0x0 arch/arm/cpu/armv7/start.o
 .bss           0x0000000000000000        0x0 arch/arm/cpu/armv7/start.o
 .text.mmu_page_table_flush
                0x0000000000000000       0x24 arch/arm/cpu/armv7/built-in.o
 .text.v7_arch_cp15_set_l2aux_ctrl
                0x0000000000000000        0x8 arch/arm/cpu/armv7/built-in.o
 .text.v7_arch_cp15_set_acr
                0x0000000000000000        0x8 arch/arm/cpu/armv7/built-in.o
 .text.sdelay   0x0000000000000000        0xc arch/arm/cpu/armv7/built-in.o
 .text.wait_on_value
                0x0000000000000000       0x38 arch/arm/cpu/armv7/built-in.o
 .text.smp_kick_all_cpus
                0x0000000000000000       0x20 arch/arm/cpu/armv7/built-in.o
 .data          0x0000000000000000        0x0 arch/arm/cpu/armv7/built-in.o
 .bss           0x0000000000000000        0x0 arch/arm/cpu/armv7/built-in.o
 .text.enable_caches
                0x0000000000000000        0xc arch/arm/lib/built-in.o
 .text.invalidate_dcache_range
                0x0000000000000000        0x4 arch/arm/lib/built-in.o
 .text.flush_dcache_range
                0x0000000000000000        0x4 arch/arm/lib/built-in.o
 .text.flush_dcache_all
                0x0000000000000000        0xc arch/arm/lib/built-in.o
 .text.arm_init_before_mmu
                0x0000000000000000        0x4 arch/arm/lib/built-in.o
 .text.mmu_page_table_flush
                0x0000000000000000        0x4 arch/arm/lib/built-in.o
 .text.mmu_set_region_dcache_behaviour
                0x0000000000000000       0x58 arch/arm/lib/built-in.o
 .text.icache_status
                0x0000000000000000        0xc arch/arm/lib/built-in.o
 .data          0x0000000000000000        0x0 arch/arm/lib/built-in.o
 .bss           0x0000000000000000        0x0 arch/arm/lib/built-in.o
 .text          0x0000000000000000        0x0 arch/arm/mach-sunxi/built-in.o
 .text.gtbus_init
                0x0000000000000000        0x4 arch/arm/mach-sunxi/built-in.o
 .text.mctl_await_completion
                0x0000000000000000       0x4c arch/arm/mach-sunxi/built-in.o
 .text.mctl_mem_matches
                0x0000000000000000       0x48 arch/arm/mach-sunxi/built-in.o
 .text.sunxi_gpio_get_cfgpin
                0x0000000000000000       0x30 arch/arm/mach-sunxi/built-in.o
 .text.sunxi_usb_phy_enable_squelch_detect
                0x0000000000000000       0x28 arch/arm/mach-sunxi/built-in.o
 .text.sunxi_usb_phy_power_off
                0x0000000000000000       0x30 arch/arm/mach-sunxi/built-in.o
 .text.sunxi_usb_phy_vbus_detect
                0x0000000000000000       0x58 arch/arm/mach-sunxi/built-in.o
 .text.sunxi_usb_phy_id_detect
                0x0000000000000000       0x1c arch/arm/mach-sunxi/built-in.o
 .text.sunxi_usb_phy_remove
                0x0000000000000000       0x68 arch/arm/mach-sunxi/built-in.o
 .text.clock_get_pll3
                0x0000000000000000       0x24 arch/arm/mach-sunxi/built-in.o
 .text.pmic_bus_init
                0x0000000000000000       0x20 arch/arm/mach-sunxi/built-in.o
 .text.pmic_bus_read
                0x0000000000000000       0x24 arch/arm/mach-sunxi/built-in.o
 .text.pmic_bus_setbits
                0x0000000000000000       0x38 arch/arm/mach-sunxi/built-in.o
 .text.pmic_bus_clrbits
                0x0000000000000000       0x38 arch/arm/mach-sunxi/built-in.o
 .data          0x0000000000000000       0x18 arch/arm/mach-sunxi/built-in.o
 .data.needs_init.7443
                0x0000000000000000        0x4 arch/arm/mach-sunxi/built-in.o
 .bss           0x0000000000000000        0x0 arch/arm/mach-sunxi/built-in.o
 .text          0x0000000000000000        0x0 board/sunxi/built-in.o
 .text.sunxi_dram_init
                0x0000000000000000        0xc board/sunxi/built-in.o
 .data          0x0000000000000000        0x0 board/sunxi/built-in.o
 .data.dram_para
                0x0000000000000000       0x58 board/sunxi/built-in.o
 .bss           0x0000000000000000        0x0 board/sunxi/built-in.o
 .text          0x0000000000000000        0x0 cmd/built-in.o
 .text.bootz_setup
                0x0000000000000000       0x18 cmd/built-in.o
 .text.sunxi_name_to_gpio
                0x0000000000000000        0xc cmd/built-in.o
 .text.i2c_init_board
                0x0000000000000000        0x4 cmd/built-in.o
 .data          0x0000000000000000        0x0 cmd/built-in.o
 .bss           0x0000000000000000        0x0 cmd/built-in.o
 .text          0x0000000000000000        0x0 common/built-in.o
 .text.hash_finish_crc32
[...]
Memory Configuration

Name             Origin             Length             Attributes
*default*        0x0000000000000000 0xffffffffffffffff

Linker script and memory map

Address of section .text set to 0x4a000000

/DISCARD/
 *(.rel._secure*)
                0x0000000000000000                . = 0x0
                0x0000000000000000                . = ALIGN (0x4)

.text           0x000000004a000000    0x454b4
 *(.__image_copy_start)
 .__image_copy_start
                0x000000004a000000        0x0 arch/arm/lib/built-in.o
                0x000000004a000000                __image_copy_start
 *(.vectors)
 .vectors       0x000000004a000000      0x2e8 arch/arm/lib/built-in.o
                0x000000004a000000                _start
                0x000000004a000020                _undefined_instruction
                0x000000004a000024                _software_interrupt
                0x000000004a000028                _prefetch_abort
                0x000000004a00002c                _data_abort
                0x000000004a000030                _not_used
                0x000000004a000034                _irq
                0x000000004a000038                _fiq
                0x000000004a000040                IRQ_STACK_START_IN
 arch/arm/cpu/armv7/start.o(.text*)
 .text          0x000000004a0002e8       0xb0 arch/arm/cpu/armv7/start.o
                0x000000004a0002e8                reset
                0x000000004a0002ec                save_boot_params_ret
                0x000000004a000328                c_runtime_cpu_setup
                0x000000004a000338                save_boot_params
                0x000000004a00033c                cpu_init_cp15
                0x000000004a000390                cpu_init_crit
 *(.text*)
 .text          0x000000004a000398      0x16c arch/arm/cpu/armv7/built-in.o
                0x000000004a000398                __v7_flush_dcache_all
                0x000000004a00042c                v7_flush_dcache_all
                0x000000004a00043c                __v7_invalidate_dcache_all
                0x000000004a0004d0                v7_invalidate_dcache_all
                0x000000004a0004e0                lowlevel_init
 .text.invalidate_icache_all
                0x000000004a000504       0x18 arch/arm/cpu/armv7/built-in.o
                0x000000004a000504                invalidate_icache_all
 .text.v7_outer_cache_enable
                0x000000004a00051c        0x4 arch/arm/cpu/armv7/built-in.o
                0x000000004a00051c                v7_outer_cache_enable
 .text.v7_outer_cache_disable
                0x000000004a000520        0x4 arch/arm/cpu/armv7/built-in.o
                0x000000004a000520                v7_outer_cache_disable
 .text.v7_outer_cache_flush_all
                0x000000004a000524        0x4 arch/arm/cpu/armv7/built-in.o
                0x000000004a000524                v7_outer_cache_flush_all
 .text.flush_dcache_all
                0x000000004a000528       0x10 arch/arm/cpu/armv7/built-in.o
                0x000000004a000528                flush_dcache_all
 .text.v7_outer_cache_inval_all
                0x000000004a000538        0x4 arch/arm/cpu/armv7/built-in.o
                0x000000004a000538                v7_outer_cache_inval_all
 .text.invalidate_dcache_all
                0x000000004a00053c       0x10 arch/arm/cpu/armv7/built-in.o
                0x000000004a00053c                invalidate_dcache_all
 .text.arm_init_before_mmu
                0x000000004a00054c       0x28 arch/arm/cpu/armv7/built-in.o
                0x000000004a00054c                arm_init_before_mmu
 .text.v7_outer_cache_flush_range
                0x000000004a000574        0x4 arch/arm/cpu/armv7/built-in.o
                0x000000004a000574                v7_outer_cache_flush_range
 .text.flush_dcache_range
                0x000000004a000578       0x54 arch/arm/cpu/armv7/built-in.o
                0x000000004a000578                flush_dcache_range
 .text.v7_outer_cache_inval_range
                0x000000004a0005cc        0x4 arch/arm/cpu/armv7/built-in.o
                0x000000004a0005cc                v7_outer_cache_inval_range
 .text.invalidate_dcache_range
                0x000000004a0005d0       0x64 arch/arm/cpu/armv7/built-in.o
                0x000000004a0005d0                invalidate_dcache_range
 .text.cpu_cache_initialization
                0x000000004a000634        0x4 arch/arm/cpu/armv7/built-in.o
                0x000000004a000634                cpu_cache_initialization
 .text.cleanup_before_linux_select
                0x000000004a000638       0x4c arch/arm/cpu/armv7/built-in.o
                0x000000004a000638                cleanup_before_linux_select
 .text.cleanup_before_linux
                0x000000004a000684        0x8 arch/arm/cpu/armv7/built-in.o
                0x000000004a000684                cleanup_before_linux
 .text.get_gicd_base_address
                0x000000004a00068c       0x34 arch/arm/cpu/armv7/built-in.o
 .text.protect_secure_section
                0x000000004a0006c0        0x4 arch/arm/cpu/armv7/built-in.o
                0x000000004a0006c0                protect_secure_section
 .text.psci_board_init
                0x000000004a0006c4        0x4 arch/arm/cpu/armv7/built-in.o
                0x000000004a0006c4                psci_board_init
 .text.armv7_init_nonsec
                0x000000004a0006c8       0xd0 arch/arm/cpu/armv7/built-in.o
                0x000000004a0006c8                armv7_init_nonsec
 .text.armv7_apply_memory_carveout
                0x000000004a000798        0x8 arch/arm/cpu/armv7/built-in.o
                0x000000004a000798                armv7_apply_memory_carveout
 .text.psci_update_dt
                0x000000004a0007a0       0x20 arch/arm/cpu/armv7/built-in.o
                0x000000004a0007a0                psci_update_dt
 .text.timer_init
                0x000000004a0007c0       0x28 arch/arm/cpu/armv7/built-in.o
                0x000000004a0007c0                timer_init
 .text.get_timer_masked
                0x000000004a0007e8       0x60 arch/arm/cpu/armv7/built-in.o
                0x000000004a0007e8                get_timer_masked
 .text.get_timer
                0x000000004a000848       0x14 arch/arm/cpu/armv7/built-in.o
                0x000000004a000848                get_timer
 .text.__udelay
                0x000000004a00085c       0x54 arch/arm/cpu/armv7/built-in.o
                0x000000004a00085c                __udelay
 .text.get_ticks
                0x000000004a0008b0       0x10 arch/arm/cpu/armv7/built-in.o
                0x000000004a0008b0                get_ticks
 .text.get_tbclk
                0x000000004a0008c0        0x8 arch/arm/cpu/armv7/built-in.o
                0x000000004a0008c0                get_tbclk
 *fill*         0x000000004a0008c8       0x18 
 .text          0x000000004a0008e0      0x528 arch/arm/lib/built-in.o
                0x000000004a0008e0                _main
                0x000000004a000980                memset
                0x000000004a000a5c                memcpy
 .text.relocate_vectors
                0x000000004a000e08       0x70 arch/arm/lib/built-in.o
                0x000000004a000e08                relocate_vectors
                0x000000004a000e14                relocate_code
 .text.arch_fixup_fdt
                0x000000004a000e78       0x64 arch/arm/lib/built-in.o
                0x000000004a000e78                arch_fixup_fdt
 .text.arch_lmb_reserve
                0x000000004a000edc       0x24 arch/arm/lib/built-in.o
                0x000000004a000edc                arch_lmb_reserve
 .text.board_quiesce_devices
                0x000000004a000f00        0x4 arch/arm/lib/built-in.o
                0x000000004a000f00                board_quiesce_devices
 .text.setup_board_tags
                0x000000004a000f04        0x4 arch/arm/lib/built-in.o
                0x000000004a000f04                setup_board_tags
 .text.boot_prep_linux
                0x000000004a000f08      0x200 arch/arm/lib/built-in.o
 .text.armv7_boot_nonsec_default
                0x000000004a001108        0x8 arch/arm/lib/built-in.o
                0x000000004a001108                armv7_boot_nonsec_default
 .text.armv7_boot_nonsec
                0x000000004a001110       0x5c arch/arm/lib/built-in.o
                0x000000004a001110                armv7_boot_nonsec
 .text.boot_jump_linux
                0x000000004a00116c      0x108 arch/arm/lib/built-in.o
 .text.do_bootm_linux
                0x000000004a001274       0x64 arch/arm/lib/built-in.o
                0x000000004a001274                do_bootm_linux
 .text.boot_prep_vxworks
                0x000000004a0012d8       0x50 arch/arm/lib/built-in.o
                0x000000004a0012d8                boot_prep_vxworks
 .text.boot_jump_vxworks
                0x000000004a001328        0xc arch/arm/lib/built-in.o
                0x000000004a001328                boot_jump_vxworks
 .text.bootz_setup
                0x000000004a001334       0x7c arch/arm/lib/built-in.o
                0x000000004a001334                bootz_setup
 .text.arch_reserve_stacks
                0x000000004a0013b0       0x1c arch/arm/lib/built-in.o
                0x000000004a0013b0                arch_reserve_stacks
 .text.interrupt_init
                0x000000004a0013cc       0x1c arch/arm/lib/built-in.o
                0x000000004a0013cc                interrupt_init
 .text.enable_interrupts
                0x000000004a0013e8        0x4 arch/arm/lib/built-in.o
                0x000000004a0013e8                enable_interrupts
 .text.disable_interrupts
                0x000000004a0013ec        0x8 arch/arm/lib/built-in.o
                0x000000004a0013ec                disable_interrupts
 .text.bad_mode
                0x000000004a0013f4       0x10 arch/arm/lib/built-in.o
                0x000000004a0013f4                bad_mode
 .text.show_regs
                0x000000004a001404      0x174 arch/arm/lib/built-in.o
                0x000000004a001404                show_regs
 .text.do_undefined_instruction
                0x000000004a001578       0x24 arch/arm/lib/built-in.o
                0x000000004a001578                do_undefined_instruction
 .text.do_software_interrupt
                0x000000004a00159c       0x24 arch/arm/lib/built-in.o
                0x000000004a00159c                do_software_interrupt
 .text.do_prefetch_abort
                0x000000004a0015c0       0x24 arch/arm/lib/built-in.o
                0x000000004a0015c0                do_prefetch_abort
 .text.do_data_abort
                0x000000004a0015e4       0x24 arch/arm/lib/built-in.o
                0x000000004a0015e4                do_data_abort
 .text.do_not_used
                0x000000004a001608       0x24 arch/arm/lib/built-in.o
                0x000000004a001608                do_not_used
 .text.do_fiq   0x000000004a00162c       0x24 arch/arm/lib/built-in.o
                0x000000004a00162c                do_fiq
 .text.do_irq   0x000000004a001650       0x24 arch/arm/lib/built-in.o
                0x000000004a001650                do_irq
 .text.reset_misc
                0x000000004a001674        0x4 arch/arm/lib/built-in.o
                0x000000004a001674                reset_misc
 .text.do_reset
                0x000000004a001678       0x30 arch/arm/lib/built-in.o
                0x000000004a001678                do_reset
 .text.flush_cache
                0x000000004a0016a8        0x8 arch/arm/lib/built-in.o
                0x000000004a0016a8                flush_cache
 .text.check_cache_range
                0x000000004a0016b0       0x38 arch/arm/lib/built-in.o
                0x000000004a0016b0                check_cache_range
 .text.cp_delay
                0x000000004a0016e8       0x30 arch/arm/lib/built-in.o
 .text.cache_disable
                0x000000004a001718       0x4c arch/arm/lib/built-in.o
 .text.arm_init_domains
                0x000000004a001764        0x4 arch/arm/lib/built-in.o
                0x000000004a001764                arm_init_domains
 .text.set_section_dcache
                0x000000004a001768       0x14 arch/arm/lib/built-in.o
                0x000000004a001768                set_section_dcache
 .text.dram_bank_mmu_setup
                0x000000004a00177c       0x44 arch/arm/lib/built-in.o
                0x000000004a00177c                dram_bank_mmu_setup
 .text.icache_enable
                0x000000004a0017c0       0x1c arch/arm/lib/built-in.o
                0x000000004a0017c0                icache_enable
 .text.icache_disable
                0x000000004a0017dc        0x8 arch/arm/lib/built-in.o
                0x000000004a0017dc                icache_disable
 .text.dcache_enable
                0x000000004a0017e4       0x84 arch/arm/lib/built-in.o
                0x000000004a0017e4                dcache_enable
 .text.dcache_disable
                0x000000004a001868        0x8 arch/arm/lib/built-in.o
                0x000000004a001868                dcache_disable
 .text.dcache_status
                0x000000004a001870        0xc arch/arm/lib/built-in.o
                0x000000004a001870                dcache_status
 .text.fdt_psci
                0x000000004a00187c      0x248 arch/arm/lib/built-in.o
                0x000000004a00187c                fdt_psci
 .text.s_init   0x000000004a001ac4       0x48 arch/arm/mach-sunxi/built-in.o
                0x000000004a001ac4                s_init
 .text.reset_cpu
                0x000000004a001b0c       0x2c arch/arm/mach-sunxi/built-in.o
                0x000000004a001b0c                reset_cpu
 .text.enable_caches
                0x000000004a001b38        0x4 arch/arm/mach-sunxi/built-in.o
                0x000000004a001b38                enable_caches
 .text.clock_init_sec
                0x000000004a001b3c        0x4 arch/arm/mach-sunxi/built-in.o
                0x000000004a001b3c                clock_init_sec
 .text.clock_init
                0x000000004a001b40       0x14 arch/arm/mach-sunxi/built-in.o
                0x000000004a001b40                clock_init
 .text.print_cpuinfo
                0x000000004a001b54       0x18 arch/arm/mach-sunxi/built-in.o
                0x000000004a001b54                print_cpuinfo
 .text.sunxi_get_sid
                0x000000004a001b6c       0x30 arch/arm/mach-sunxi/built-in.o
                0x000000004a001b6c                sunxi_get_sid
 .text.sunxi_gpio_set_cfgbank
                0x000000004a001b9c       0x28 arch/arm/mach-sunxi/built-in.o
                0x000000004a001b9c                sunxi_gpio_set_cfgbank
 .text.sunxi_gpio_set_cfgpin
                0x000000004a001bc4       0x38 arch/arm/mach-sunxi/built-in.o
                0x000000004a001bc4                sunxi_gpio_set_cfgpin
 .text.sunxi_gpio_get_cfgbank
                0x000000004a001bfc       0x20 arch/arm/mach-sunxi/built-in.o
                0x000000004a001bfc                sunxi_gpio_get_cfgbank
 .text.sunxi_gpio_set_drv
                0x000000004a001c1c       0x58 arch/arm/mach-sunxi/built-in.o
                0x000000004a001c1c                sunxi_gpio_set_drv
 .text.sunxi_gpio_set_pull
                0x000000004a001c74       0x58 arch/arm/mach-sunxi/built-in.o
                0x000000004a001c74                sunxi_gpio_set_pull
 .text.usb_phy_write.isra.0
                0x000000004a001ccc       0x90 arch/arm/mach-sunxi/built-in.o
 .text.sunxi_usb_phy_init
                0x000000004a001d5c       0xa4 arch/arm/mach-sunxi/built-in.o
                0x000000004a001d5c                sunxi_usb_phy_init
 .text.sunxi_usb_phy_exit
                0x000000004a001e00       0x5c arch/arm/mach-sunxi/built-in.o
                0x000000004a001e00                sunxi_usb_phy_exit
 .text.sunxi_usb_phy_power_on
                0x000000004a001e5c       0x74 arch/arm/mach-sunxi/built-in.o
                0x000000004a001e5c                sunxi_usb_phy_power_on
 .text.sunxi_usb_phy_probe
                0x000000004a001ed0      0x134 arch/arm/mach-sunxi/built-in.o
                0x000000004a001ed0                sunxi_usb_phy_probe
 .text.clock_init_uart
                0x000000004a002004       0x24 arch/arm/mach-sunxi/built-in.o
                0x000000004a002004                clock_init_uart
 .text.clock_twi_onoff
                0x000000004a002028       0x28 arch/arm/mach-sunxi/built-in.o
                0x000000004a002028                clock_twi_onoff
 .text.clock_set_pll3
                0x000000004a002050       0x3c arch/arm/mach-sunxi/built-in.o
                0x000000004a002050                clock_set_pll3
 .text.clock_get_pll5p
                0x000000004a00208c       0x34 arch/arm/mach-sunxi/built-in.o
                0x000000004a00208c                clock_get_pll5p
 .text.clock_get_pll6
                0x000000004a0020c0       0x30 arch/arm/mach-sunxi/built-in.o
                0x000000004a0020c0                clock_get_pll6
 .text.clock_set_de_mod_clock
                0x000000004a0020f0       0x48 arch/arm/mach-sunxi/built-in.o
                0x000000004a0020f0                clock_set_de_mod_clock
 .text.pmic_bus_write
                0x000000004a002138       0x28 arch/arm/mach-sunxi/built-in.o
                0x000000004a002138                pmic_bus_write
 .text.setup_environment
                0x000000004a002160      0x14c board/sunxi/built-in.o
 .text.board_init
                0x000000004a0022ac       0x5c board/sunxi/built-in.o
                0x000000004a0022ac                board_init
 .text.dram_init
                0x000000004a002308       0x20 board/sunxi/built-in.o
                0x000000004a002308                dram_init
 .text.board_mmc_init
                0x000000004a002328       0x50 board/sunxi/built-in.o
                0x000000004a002328                board_mmc_init
 .text.i2c_init_board
                0x000000004a002378       0x2c board/sunxi/built-in.o
                0x000000004a002378                i2c_init_board
 .text.get_board_serial
                0x000000004a0023a4       0x3c board/sunxi/built-in.o
                0x000000004a0023a4                get_board_serial
 .text.misc_init_r
                0x000000004a0023e0       0xe8 board/sunxi/built-in.o
                0x000000004a0023e0                misc_init_r
 .text.ft_board_setup
                0x000000004a0024c8       0x18 board/sunxi/built-in.o
                0x000000004a0024c8                ft_board_setup
 .text.eth_init_board
                0x000000004a0024e0       0x4c board/sunxi/built-in.o
                0x000000004a0024e0                eth_init_board
 .text.scsi_init
                0x000000004a00252c      0x188 board/sunxi/built-in.o
                0x000000004a00252c                scsi_init
 .text.do_go_exec
                0x000000004a0026b4       0x10 cmd/built-in.o
                0x000000004a0026b4                do_go_exec
 .text.do_go    0x000000004a0026c4       0x6c cmd/built-in.o
 .text.do_bootm
                0x000000004a002730      0x10c cmd/built-in.o
                0x000000004a002730                do_bootm
 .text.do_bootd
                0x000000004a00283c       0x20 cmd/built-in.o
                0x000000004a00283c                do_bootd
 .text.image_info
                0x000000004a00285c       0xcc cmd/built-in.o
 .text.do_iminfo
                0x000000004a002928       0x5c cmd/built-in.o
 .text.bootm_maybe_autostart
                0x000000004a002984       0x78 cmd/built-in.o
                0x000000004a002984                bootm_maybe_autostart
 .text.do_help  0x000000004a0029fc       0x44 cmd/built-in.o
 .text.do_version
                0x000000004a002a40       0x38 cmd/built-in.o
 .text.source   0x000000004a002a78       0xd8 cmd/built-in.o
                0x000000004a002a78                source
 .text.do_source
                0x000000004a002b50       0x44 cmd/built-in.o
 .text.print_num
                0x000000004a002b94       0x14 cmd/built-in.o
 .text.do_bdinfo
                0x000000004a002ba8       0xf0 cmd/built-in.o
 .text.bootefi_open_dp
                0x000000004a002c98       0x14 cmd/built-in.o
 .text.do_bootefi_exec
                0x000000004a002cac      0x29c cmd/built-in.o
 .text.do_bootefi
                0x000000004a002f48       0x8c cmd/built-in.o
 .text.efi_set_bootdev
                0x000000004a002fd4      0x14c cmd/built-in.o
                0x000000004a002fd4                efi_set_bootdev
 .text.do_bootz
                0x000000004a003120       0xf8 cmd/built-in.o
                0x000000004a003120                do_bootz
 .text.do_coninfo
                0x000000004a003218       0xb0 cmd/built-in.o
 .text.do_echo  0x000000004a0032c8       0xb0 cmd/built-in.o
 .text.load_elf_image_shdr
                0x000000004a003378       0x8c cmd/built-in.o
 .text.valid_elf_image
                0x000000004a003404       0x4c cmd/built-in.o
                0x000000004a003404                valid_elf_image
 .text.do_bootelf
                0x000000004a003450      0x184 cmd/built-in.o
                0x000000004a003450                do_bootelf
 .text.do_bootvx
                0x000000004a0035d4      0x330 cmd/built-in.o
                0x000000004a0035d4                do_bootvx
 .text.do_exit  0x000000004a003904       0x3c cmd/built-in.o
 .text.do_ext4_size
                0x000000004a003940       0x18 cmd/built-in.o
                0x000000004a003940                do_ext4_size
 .text.do_ext4_load
                0x000000004a003958       0x18 cmd/built-in.o
                0x000000004a003958                do_ext4_load
 .text.do_ext4_ls
                0x000000004a003970       0x18 cmd/built-in.o
                0x000000004a003970                do_ext4_ls
 .text.do_ext2load
                0x000000004a003988       0x18 cmd/built-in.o
                0x000000004a003988                do_ext2load
 .text.do_ext2ls
                0x000000004a0039a0       0x18 cmd/built-in.o
 .text.do_fat_size
                0x000000004a0039b8       0x18 cmd/built-in.o
                0x000000004a0039b8                do_fat_size
 .text.do_fat_fsload
                0x000000004a0039d0       0x18 cmd/built-in.o
                0x000000004a0039d0                do_fat_fsload
 .text.do_fat_ls
                0x000000004a0039e8       0x18 cmd/built-in.o
 .text.do_fat_fsinfo
                0x000000004a003a00       0x90 cmd/built-in.o
 .text.do_fat_fswrite
                0x000000004a003a90      0x128 cmd/built-in.o
 .text.fdt_valid
                0x000000004a003bb8       0xbc cmd/built-in.o
 .text.is_printable_string
                0x000000004a003c74       0x9c cmd/built-in.o
 .text.print_data
                0x000000004a003d10      0x174 cmd/built-in.o
 .text.set_working_fdt_addr
                0x000000004a003e84       0x1c cmd/built-in.o
                0x000000004a003e84                set_working_fdt_addr
 .text.do_fdt   0x000000004a003ea0      0xf1c cmd/built-in.o
 .text.do_size_wrapper
                0x000000004a004dbc       0x18 cmd/built-in.o
 .text.do_load_wrapper
                0x000000004a004dd4       0x64 cmd/built-in.o
 .text.do_save_wrapper
                0x000000004a004e38       0x18 cmd/built-in.o
 .text.do_ls_wrapper
                0x000000004a004e50       0x18 cmd/built-in.o
 .text.do_fstype_wrapper
                0x000000004a004e68        0x4 cmd/built-in.o
 .text.gpio_get_description
                0x000000004a004e6c       0xc8 cmd/built-in.o
 .text.do_gpio  0x000000004a004f34      0x36c cmd/built-in.o
 .text.do_edid  0x000000004a0052a0       0x9c cmd/built-in.o
                0x000000004a0052a0                do_edid
 .text.do_i2c   0x000000004a00533c       0x68 cmd/built-in.o
 .text.do_i2c_bus_speed
                0x000000004a0053a4       0x78 cmd/built-in.o
 .text.do_i2c_reset
                0x000000004a00541c       0x2c cmd/built-in.o
 .text.do_i2c_probe
                0x000000004a005448       0x9c cmd/built-in.o
 .text.do_i2c_bus_num
                0x000000004a0054e4       0xb8 cmd/built-in.o
 .text.do_i2c_show_bus
                0x000000004a00559c       0xd0 cmd/built-in.o
 .text.get_alen.constprop.5
                0x000000004a00566c       0x3c cmd/built-in.o
 .text.do_i2c_crc
                0x000000004a0056a8      0x120 cmd/built-in.o
 .text.mod_i2c_mem.isra.3
                0x000000004a0057c8      0x1f0 cmd/built-in.o
 .text.do_i2c_nm
                0x000000004a0059b8        0x8 cmd/built-in.o
 .text.do_i2c_mm
                0x000000004a0059c0        0x8 cmd/built-in.o
 .text.do_i2c_md
                0x000000004a0059c8      0x1e4 cmd/built-in.o
 .text.do_i2c_mw
                0x000000004a005bac       0xfc cmd/built-in.o
 .text.do_i2c_write
                0x000000004a005ca8      0x14c cmd/built-in.o
 .text.do_i2c_read
                0x000000004a005df4       0xbc cmd/built-in.o
 .text.do_i2c_loop
                0x000000004a005eb0       0xe4 cmd/built-in.o
 .text.evalexp  0x000000004a005f94       0x7c cmd/built-in.o
 .text.evalstr  0x000000004a006010       0x6c cmd/built-in.o
 .text.binary_test
                0x000000004a00607c      0x1c0 cmd/built-in.o
 .text.do_itest
                0x000000004a00623c       0x88 cmd/built-in.o
 .text.bin_data_init
                0x000000004a0062c4       0x2c cmd/built-in.o
 .text.k_data_save
                0x000000004a0062f0       0x4c cmd/built-in.o
 .text.k_data_restore
                0x000000004a00633c       0x4c cmd/built-in.o
 .text.getcxmodem
                0x000000004a006388       0x20 cmd/built-in.o
 .text.load_serial_ymodem
                0x000000004a0063a8       0xd0 cmd/built-in.o
 .text.bin_data_char
                0x000000004a006478       0x2c cmd/built-in.o
 .text.chk1.constprop.1
                0x000000004a0064a4       0x2c cmd/built-in.o
 .text.s1_sendpacket.constprop.2
                0x000000004a0064d0       0x50 cmd/built-in.o
 .text.load_serial
                0x000000004a006520      0x1f0 cmd/built-in.o
 .text.do_load_serial
                0x000000004a006710       0xdc cmd/built-in.o
 .text.do_load_serial_bin
                0x000000004a0067ec      0x7a4 cmd/built-in.o
 .text.do_mem_mw
                0x000000004a006f90       0xc0 cmd/built-in.o
 .text.do_mem_loop
                0x000000004a007050       0xec cmd/built-in.o
 .text.do_mem_md
                0x000000004a00713c       0xe4 cmd/built-in.o
 .text.do_mem_cmp
                0x000000004a007220      0x168 cmd/built-in.o
 .text.do_mem_base
                0x000000004a007388       0x40 cmd/built-in.o
 .text.do_mem_cp
                0x000000004a0073c8       0xac cmd/built-in.o
 .text.do_mem_crc
                0x000000004a007474       0x48 cmd/built-in.o
 .text.mod_mem.isra.0
                0x000000004a0074bc      0x16c cmd/built-in.o
 .text.do_mem_mm
                0x000000004a007628        0x8 cmd/built-in.o
 .text.do_mem_nm
                0x000000004a007630        0x8 cmd/built-in.o
 .text.extract_range
                0x000000004a007638       0xe4 cmd/built-in.o
 .text.do_mii   0x000000004a00771c      0x8f0 cmd/built-in.o
 .text.do_mdio  0x000000004a00800c      0x4ec cmd/built-in.o
 .text.do_sleep
                0x000000004a0084f8       0xcc cmd/built-in.o
 .text.do_mmcops
                0x000000004a0085c4       0xb8 cmd/built-in.o
 .text.init_mmc_device
                0x000000004a00867c       0x54 cmd/built-in.o
 .text.do_mmc_rescan
                0x000000004a0086d0       0x24 cmd/built-in.o
 .text.do_mmc_hwpartition
                0x000000004a0086f4      0x510 cmd/built-in.o
 .text.do_mmc_list
                0x000000004a008c04       0x14 cmd/built-in.o
 .text.do_mmc_dev
                0x000000004a008c18      0x140 cmd/built-in.o
 .text.do_mmc_part
                0x000000004a008d58       0x60 cmd/built-in.o
 .text.do_mmc_erase
                0x000000004a008db8       0xf8 cmd/built-in.o
 .text.do_mmc_write
                0x000000004a008eb0      0x110 cmd/built-in.o
 .text.do_mmc_read
                0x000000004a008fc0       0xf4 cmd/built-in.o
 .text.do_mmcinfo
                0x000000004a0090b4      0x370 cmd/built-in.o
 .text.do_mmc_setdsr
                0x000000004a009424       0xb0 cmd/built-in.o
 .text.netboot_common
                0x000000004a0094d4      0x284 cmd/built-in.o
 .text.do_bootp
                0x000000004a009758        0xc cmd/built-in.o
 .text.do_dhcp  0x000000004a009764        0xc cmd/built-in.o
 .text.do_nfs   0x000000004a009770        0xc cmd/built-in.o
 .text.do_tftpb
                0x000000004a00977c       0x40 cmd/built-in.o
                0x000000004a00977c                do_tftpb
 .text.do_ping  0x000000004a0097bc       0x78 cmd/built-in.o
 .text.do_part_list
                0x000000004a009834      0x17c cmd/built-in.o
 .text.do_part_start
                0x000000004a0099b0       0xc4 cmd/built-in.o
 .text.do_part_size
                0x000000004a009a74       0xc4 cmd/built-in.o
 .text.do_part  0x000000004a009b38      0x118 cmd/built-in.o
 .text.eol_or_eof
                0x000000004a009c50       0x20 cmd/built-in.o
 .text.do_pxe   0x000000004a009c70       0x7c cmd/built-in.o
 .text.label_print
                0x000000004a009cec       0x1c cmd/built-in.o
 .text.do_get_tftp
                0x000000004a009d08       0x44 cmd/built-in.o
 .text.from_env
                0x000000004a009d4c       0x2c cmd/built-in.o
 .text.get_string
                0x000000004a009d78       0xd0 cmd/built-in.o
 .text.label_destroy
                0x000000004a009e48       0x74 cmd/built-in.o
 .text.destroy_pxe_menu
                0x000000004a009ebc       0x5c cmd/built-in.o
 .text.get_token
                0x000000004a009f18      0x120 cmd/built-in.o
 .text.parse_sliteral
                0x000000004a00a038       0x54 cmd/built-in.o
 .text.parse_integer
                0x000000004a00a08c       0x70 cmd/built-in.o
 .text.do_get_any
                0x000000004a00a0fc       0x44 cmd/built-in.o
 .text.do_get_fat
                0x000000004a00a140       0x3c cmd/built-in.o
 .text.do_get_ext2
                0x000000004a00a17c       0x3c cmd/built-in.o
 .text.format_mac_pxe.constprop.6
                0x000000004a00a1b8       0x74 cmd/built-in.o
 .text.get_relfile
                0x000000004a00a22c      0x138 cmd/built-in.o
 .text.get_pxe_file
                0x000000004a00a364       0x58 cmd/built-in.o
 .text.handle_include
                0x000000004a00a3bc       0xa0 cmd/built-in.o
 .text.parse_pxefile_top
                0x000000004a00a45c      0x468 cmd/built-in.o
 .text.parse_pxefile
                0x000000004a00a8c4       0x6c cmd/built-in.o
 .text.get_pxelinux_path
                0x000000004a00a930       0x7c cmd/built-in.o
 .text.do_pxe_get
                0x000000004a00a9ac      0x164 cmd/built-in.o
 .text.get_relfile_envaddr
                0x000000004a00ab10       0x50 cmd/built-in.o
 .text.label_boot
                0x000000004a00ab60      0x5b4 cmd/built-in.o
 .text.handle_pxe_menu
                0x000000004a00b114      0x160 cmd/built-in.o
 .text.do_pxe_boot
                0x000000004a00b274       0xdc cmd/built-in.o
 .text.do_sysboot
                0x000000004a00b350      0x1e8 cmd/built-in.o
 .text.do_scsi  0x000000004a00b538      0x358 cmd/built-in.o
 .text.do_scsiboot
                0x000000004a00b890        0xc cmd/built-in.o
 .text.common_diskboot
                0x000000004a00b89c      0x248 cmd/built-in.o
                0x000000004a00b89c                common_diskboot
 .text.substitute
                0x000000004a00bae4       0xf0 cmd/built-in.o
 .text.get_arg  0x000000004a00bbd4       0x58 cmd/built-in.o
 .text.regex_sub
                0x000000004a00bc2c      0x450 cmd/built-in.o
 .text.do_setexpr
                0x000000004a00c07c      0x1a0 cmd/built-in.o
 .text.do_false
                0x000000004a00c21c        0x8 cmd/built-in.o
 .text.do_true  0x000000004a00c224        0x8 cmd/built-in.o
 .text.do_test  0x000000004a00c22c      0x338 cmd/built-in.o
 .text.usb_get_class_desc
                0x000000004a00c564       0xbc cmd/built-in.o
 .text.usb_display_class_sub
                0x000000004a00c620      0x170 cmd/built-in.o
 .text.usb_show_tree_graph
                0x000000004a00c790      0x1dc cmd/built-in.o
 .text.usb_show_subtree
                0x000000004a00c96c       0x30 cmd/built-in.o
 .text.usb_for_each_root_dev
                0x000000004a00c99c       0x68 cmd/built-in.o
 .text.usb_display_string
                0x000000004a00ca04       0x44 cmd/built-in.o
 .text.usb_display_config
                0x000000004a00ca48      0x20c cmd/built-in.o
 .text.usb_find_device
                0x000000004a00cc54       0xb4 cmd/built-in.o
 .text.do_usbboot
                0x000000004a00cd08        0xc cmd/built-in.o
 .text.usb_display_desc.part.1
                0x000000004a00cd14      0x12c cmd/built-in.o
 .text.do_usb_start
                0x000000004a00ce40       0x30 cmd/built-in.o
 .text.usb_show_info
                0x000000004a00ce70       0x60 cmd/built-in.o
 .text.usb_show_tree
                0x000000004a00ced0        0xc cmd/built-in.o
                0x000000004a00ced0                usb_show_tree
 .text.do_usb   0x000000004a00cedc      0x754 cmd/built-in.o
 .text.do_imgextract
                0x000000004a00d630      0x290 cmd/built-in.o
 .text.do_env_delete
                0x000000004a00d8c0       0x9c cmd/built-in.o
 .text.do_env_exists
                0x000000004a00d95c       0x64 cmd/built-in.o
 .text.do_env_save
                0x000000004a00d9c0       0x2c cmd/built-in.o
 .text.do_env   0x000000004a00d9ec       0x68 cmd/built-in.o
 .text.env_print
                0x000000004a00da54       0xc0 cmd/built-in.o
 .text.do_env_print
                0x000000004a00db14       0xc8 cmd/built-in.o
 .text.do_env_import
                0x000000004a00dbdc      0x284 cmd/built-in.o
 .text.do_env_default
                0x000000004a00de60       0xa8 cmd/built-in.o
 .text._do_env_set.isra.0
                0x000000004a00df08      0x1bc cmd/built-in.o
 .text.do_env_set
                0x000000004a00e0c4       0x20 cmd/built-in.o
 .text.get_env_id
                0x000000004a00e0e4       0x10 cmd/built-in.o
                0x000000004a00e0e4                get_env_id
 .text.setenv   0x000000004a00e0f4       0x60 cmd/built-in.o
                0x000000004a00e0f4                setenv
 .text.setenv_ulong
                0x000000004a00e154       0x20 cmd/built-in.o
                0x000000004a00e154                setenv_ulong
 .text.setenv_hex
                0x000000004a00e174       0x34 cmd/built-in.o
                0x000000004a00e174                setenv_hex
 .text.do_env_export
                0x000000004a00e1a8      0x25c cmd/built-in.o
 .text.envmatch
                0x000000004a00e404       0x6c cmd/built-in.o
                0x000000004a00e404                envmatch
 .text.getenv_f
                0x000000004a00e470       0xc8 cmd/built-in.o
                0x000000004a00e470                getenv_f
 .text.getenv   0x000000004a00e538       0x78 cmd/built-in.o
                0x000000004a00e538                getenv
 .text.getenv_hex
                0x000000004a00e5b0       0x3c cmd/built-in.o
                0x000000004a00e5b0                getenv_hex
 .text.getenv_ulong
                0x000000004a00e5ec       0x30 cmd/built-in.o
                0x000000004a00e5ec                getenv_ulong
 .text.do_env_edit.part.2
                0x000000004a00e61c       0xac cmd/built-in.o
 .text.do_env_edit
                0x000000004a00e6c8       0x2c cmd/built-in.o
 .text.board_init_f_alloc_reserve
                0x000000004a00e6f4        0xc common/built-in.o
                0x000000004a00e6f4                board_init_f_alloc_reserve
 .text.board_init_f_init_reserve
                0x000000004a00e700       0x20 common/built-in.o
                0x000000004a00e700                board_init_f_init_reserve
 .text.show_boot_progress
                0x000000004a00e720        0x8 common/built-in.o
                0x000000004a00e720                show_boot_progress
 .text.main_loop
                0x000000004a00e728       0x6c common/built-in.o
                0x000000004a00e728                main_loop
 .text.mdelay   0x000000004a00e794       0x24 common/built-in.o
 .text.dummy    0x000000004a00e7b8        0x4 common/built-in.o
 .text.get_version
                0x000000004a00e7bc        0x8 common/built-in.o
                0x000000004a00e7bc                get_version
 .text.jumptable_init
                0x000000004a00e7c4      0x1f0 common/built-in.o
                0x000000004a00e7c4                jumptable_init
 .text.hash_command
                0x000000004a00e9b4       0xb4 common/built-in.o
                0x000000004a00e9b4                hash_command
 .text.b_reset  0x000000004a00ea68       0x1c common/built-in.o
 .text.static_get
                0x000000004a00ea84       0x1c common/built-in.o
 .text.file_peek
                0x000000004a00eaa0        0xc common/built-in.o
 .text.mapset   0x000000004a00eaac       0x20 common/built-in.o
 .text.syntax_err
                0x000000004a00eacc        0xc common/built-in.o
 .text.free_pipe_list
                0x000000004a00ead8       0xf4 common/built-in.o
 .text.xmalloc  0x000000004a00ebcc       0x20 common/built-in.o
 .text.new_pipe
                0x000000004a00ebec       0x28 common/built-in.o
 .text.xrealloc
                0x000000004a00ec14       0x20 common/built-in.o
 .text.done_command
                0x000000004a00ec34       0x88 common/built-in.o
 .text.done_pipe
                0x000000004a00ecbc       0x48 common/built-in.o
 .text.done_word
                0x000000004a00ed04      0x2e4 common/built-in.o
 .text.do_showvar
                0x000000004a00efe8       0xf4 common/built-in.o
 .text.is_assignment
                0x000000004a00f0dc       0x5c common/built-in.o
 .text.file_get
                0x000000004a00f138      0x1f0 common/built-in.o
 .text.b_addchr
                0x000000004a00f328       0x80 common/built-in.o
 .text.b_addqchr
                0x000000004a00f3a8       0x50 common/built-in.o
 .text.static_peek
                0x000000004a00f3f8        0xc common/built-in.o
 .text.get_local_var
                0x000000004a00f404       0xa0 common/built-in.o
                0x000000004a00f404                get_local_var
 .text.set_local_var
                0x000000004a00f4a4      0x1bc common/built-in.o
                0x000000004a00f4a4                set_local_var
 .text.insert_var_value_sub
                0x000000004a00f660      0x2c0 common/built-in.o
 .text.parse_string_outer
                0x000000004a00f920       0xe4 common/built-in.o
                0x000000004a00f920                parse_string_outer
 .text.run_list_real
                0x000000004a00fa04      0x7b8 common/built-in.o
 .text.parse_stream_outer
                0x000000004a0101bc      0x6d0 common/built-in.o
 .text.parse_file_outer
                0x000000004a01088c       0x44 common/built-in.o
                0x000000004a01088c                parse_file_outer
 .text.u_boot_hush_start
                0x000000004a0108d0       0x54 common/built-in.o
                0x000000004a0108d0                u_boot_hush_start
 .text.bootdelay_process
                0x000000004a010924       0xbc common/built-in.o
                0x000000004a010924                bootdelay_process
 .text.autoboot_command
                0x000000004a0109e0       0xf8 common/built-in.o
                0x000000004a0109e0                autoboot_command
 .text.setup_mon_len
                0x000000004a010ad8       0x20 common/built-in.o
 .text.reserve_round_4k
                0x000000004a010af8       0x18 common/built-in.o
 .text.reserve_mmu
                0x000000004a010b10       0x38 common/built-in.o
 .text.reserve_uboot
                0x000000004a010b48       0x30 common/built-in.o
 .text.reserve_malloc
                0x000000004a010b78       0x18 common/built-in.o
 .text.setup_machine
                0x000000004a010b90       0x18 common/built-in.o
 .text.reserve_global_data
                0x000000004a010ba8       0x1c common/built-in.o
 .text.reserve_fdt
                0x000000004a010bc4       0x4c common/built-in.o
 .text.initf_console_record
                0x000000004a010c10        0x8 common/built-in.o
 .text.arch_cpu_init_dm
                0x000000004a010c18        0x8 common/built-in.o
                0x000000004a010c18                arch_cpu_init_dm
 .text.dram_init_banksize
                0x000000004a010c20       0x24 common/built-in.o
                0x000000004a010c20                dram_init_banksize
 .text.announce_dram_init
                0x000000004a010c44       0x18 common/built-in.o
 .text.init_func_i2c
                0x000000004a010c5c       0x28 common/built-in.o
 .text.init_baud_rate
                0x000000004a010c84       0x2c common/built-in.o
 .text.mark_bootstage
                0x000000004a010cb0       0x14 common/built-in.o
 .text.initf_dm
                0x000000004a010cc4        0x8 common/built-in.o
 .text.setup_reloc
                0x000000004a010ccc       0x3c common/built-in.o
 .text.reloc_fdt
                0x000000004a010d08       0x44 common/built-in.o
 .text.reserve_board
                0x000000004a010d4c       0x40 common/built-in.o
 .text.reserve_arch
                0x000000004a010d8c        0x8 common/built-in.o
                0x000000004a010d8c                reserve_arch
 .text.display_text_info
                0x000000004a010d94        0x8 common/built-in.o
 .text.arch_cpu_init
                0x000000004a010d9c        0x8 common/built-in.o
                0x000000004a010d9c                arch_cpu_init
 .text.mach_cpu_init
                0x000000004a010da4        0x8 common/built-in.o
                0x000000004a010da4                mach_cpu_init
 .text.reserve_video
                0x000000004a010dac        0x8 common/built-in.o
 .text.reserve_trace
                0x000000004a010db4        0x8 common/built-in.o
 .text.display_new_sp
                0x000000004a010dbc        0x8 common/built-in.o
 .text.coloured_LED_init
                0x000000004a010dc4        0x4 common/built-in.o
                0x000000004a010dc4                coloured_LED_init
 .text.red_led_on
                0x000000004a010dc8        0x4 common/built-in.o
                0x000000004a010dc8                red_led_on
 .text.board_add_ram_info
                0x000000004a010dcc        0x4 common/built-in.o
                0x000000004a010dcc                board_add_ram_info
 .text.show_dram_config
                0x000000004a010dd0       0x38 common/built-in.o
 .text.setup_dest_addr
                0x000000004a010e08       0x3c common/built-in.o
 .text.reserve_stacks
                0x000000004a010e44       0x1c common/built-in.o
 .text.board_init_f
                0x000000004a010e60       0x28 common/built-in.o
                0x000000004a010e60                board_init_f
 .text.bootstage_relocate
                0x000000004a010e88        0x8 common/built-in.o
 .text.initr_reloc
                0x000000004a010e90       0x18 common/built-in.o
 .text.power_init_board
                0x000000004a010ea8        0x8 common/built-in.o
                0x000000004a010ea8                power_init_board
 .text.initr_announce
                0x000000004a010eb0        0x8 common/built-in.o
 .text.run_main_loop
                0x000000004a010eb8        0xc common/built-in.o
 .text.initr_net
                0x000000004a010ec4       0x1c common/built-in.o
 .text.initr_scsi
                0x000000004a010ee0       0x1c common/built-in.o
 .text.initr_ethaddr
                0x000000004a010efc       0x20 common/built-in.o
 .text.initr_enable_interrupts
                0x000000004a010f1c       0x10 common/built-in.o
 .text.initr_jumptable
                0x000000004a010f2c       0x10 common/built-in.o
 .text.initr_env
                0x000000004a010f3c       0x64 common/built-in.o
 .text.initr_mmc
                0x000000004a010fa0       0x20 common/built-in.o
 .text.initr_serial
                0x000000004a010fc0       0x10 common/built-in.o
 .text.initr_bootstage
                0x000000004a010fd0       0x14 common/built-in.o
 .text.initr_dm
                0x000000004a010fe4       0x14 common/built-in.o
 .text.initr_malloc
                0x000000004a010ff8       0x24 common/built-in.o
 .text.initr_reloc_global_data
                0x000000004a01101c       0x38 common/built-in.o
 .text.initr_caches
                0x000000004a011054       0x10 common/built-in.o
 .text.initr_console_record
                0x000000004a011064        0x8 common/built-in.o
 .text.initr_trace
                0x000000004a01106c        0x8 common/built-in.o
 .text.initr_barrier
                0x000000004a011074        0x8 common/built-in.o
 .text.cpu_secondary_init_r
                0x000000004a01107c        0x4 common/built-in.o
                0x000000004a01107c                cpu_secondary_init_r
 .text.initr_secondary_cpu
                0x000000004a011080       0x10 common/built-in.o
 .text.board_init_r
                0x000000004a011090       0x14 common/built-in.o
                0x000000004a011090                board_init_r
 .text.checkboard
                0x000000004a0110a4        0x8 common/built-in.o
                0x000000004a0110a4                checkboard
 .text.show_board_info
                0x000000004a0110ac       0x38 common/built-in.o
                0x000000004a0110ac                show_board_info
 .text.bootm_find_images
                0x000000004a0110e4       0xa8 common/built-in.o
                0x000000004a0110e4                bootm_find_images
 .text.bootm_decomp_image
                0x000000004a01118c      0x14c common/built-in.o
                0x000000004a01118c                bootm_decomp_image
 .text.bootm_disable_interrupts
                0x000000004a0112d8       0x18 common/built-in.o
                0x000000004a0112d8                bootm_disable_interrupts
 .text.do_bootm_states
                0x000000004a0112f0      0x73c common/built-in.o
                0x000000004a0112f0                do_bootm_states
 .text.copy_args
                0x000000004a011a2c       0x50 common/built-in.o
 .text.do_bootm_rtems
                0x000000004a011a7c       0x40 common/built-in.o
 .text.do_bootm_plan9
                0x000000004a011abc       0xa4 common/built-in.o
 .text.do_bootm_standalone
                0x000000004a011b60       0x64 common/built-in.o
 .text.do_bootm_qnxelf
                0x000000004a011bc4       0x78 common/built-in.o
 .text.do_bootm_netbsd
                0x000000004a011c3c       0xf8 common/built-in.o
 .text.do_bootvx_fdt
                0x000000004a011d34      0x118 common/built-in.o
                0x000000004a011d34                do_bootvx_fdt
 .text.do_bootm_vxworks
                0x000000004a011e4c       0x24 common/built-in.o
 .text.arch_preboot_os
                0x000000004a011e70        0x4 common/built-in.o
                0x000000004a011e70                arch_preboot_os
 .text.boot_selected_os
                0x000000004a011e74       0x58 common/built-in.o
                0x000000004a011e74                boot_selected_os
 .text.bootm_os_get_boot_func
                0x000000004a011ecc       0x10 common/built-in.o
                0x000000004a011ecc                bootm_os_get_boot_func
 .text.regex_callback
                0x000000004a011edc      0x134 common/built-in.o
 .text.env_attr_walk
                0x000000004a012010      0x128 common/built-in.o
                0x000000004a012010                env_attr_walk
 .text.env_attr_lookup
                0x000000004a012138       0x84 common/built-in.o
                0x000000004a012138                env_attr_lookup
 .text.clear_callback
                0x000000004a0121bc       0x10 common/built-in.o
 .text.find_env_callback
                0x000000004a0121cc       0x64 common/built-in.o
 .text.on_callbacks
                0x000000004a012230       0x50 common/built-in.o
 .text.set_callback
                0x000000004a012280       0x98 common/built-in.o
 .text.env_callback_init
                0x000000004a012318       0xc4 common/built-in.o
                0x000000004a012318                env_callback_init
 .text.skip_num
                0x000000004a0123dc       0x78 common/built-in.o
 .text.clear_flags
                0x000000004a012454       0x10 common/built-in.o
 .text.on_flags
                0x000000004a012464       0x50 common/built-in.o
 .text.env_flags_parse_vartype
                0x000000004a0124b4       0x50 common/built-in.o
                0x000000004a0124b4                env_flags_parse_vartype
 .text.env_flags_parse_varaccess
                0x000000004a012504       0x58 common/built-in.o
                0x000000004a012504                env_flags_parse_varaccess
 .text.set_flags
                0x000000004a01255c       0xb0 common/built-in.o
 .text.eth_validate_ethaddr_str
                0x000000004a01260c       0x94 common/built-in.o
                0x000000004a01260c                eth_validate_ethaddr_str
 .text.env_flags_init
                0x000000004a0126a0       0xd8 common/built-in.o
                0x000000004a0126a0                env_flags_init
 .text.env_flags_validate
                0x000000004a012778      0x2b8 common/built-in.o
                0x000000004a012778                env_flags_validate
 .text.mmc_get_env_addr
                0x000000004a012a30       0x10 common/built-in.o
                0x000000004a012a30                mmc_get_env_addr
 .text.mmc_get_env_dev
                0x000000004a012a40        0x8 common/built-in.o
                0x000000004a012a40                mmc_get_env_dev
 .text.env_init
                0x000000004a012a48       0x1c common/built-in.o
                0x000000004a012a48                env_init
 .text.saveenv  0x000000004a012a64      0x134 common/built-in.o
                0x000000004a012a64                saveenv
 .text.env_relocate_spec
                0x000000004a012b98       0xf8 common/built-in.o
                0x000000004a012b98                env_relocate_spec
 .text.of_bus_default_map
                0x000000004a012c90       0xdc common/built-in.o
 .text.of_bus_default_count_cells
                0x000000004a012d6c       0x58 common/built-in.o
                0x000000004a012d6c                of_bus_default_count_cells
 .text.of_bus_default_translate
                0x000000004a012dc4       0xa0 common/built-in.o
 .text.fdt_find_and_setprop
                0x000000004a012e64       0x70 common/built-in.o
                0x000000004a012e64                fdt_find_and_setprop
 .text.fdt_find_or_add_subnode
                0x000000004a012ed4       0x60 common/built-in.o
                0x000000004a012ed4                fdt_find_or_add_subnode
 .text.fdt_root
                0x000000004a012f34       0x90 common/built-in.o
                0x000000004a012f34                fdt_root
 .text.fdt_initrd
                0x000000004a012fc4      0x1cc common/built-in.o
                0x000000004a012fc4                fdt_initrd
 .text.fdt_chosen
                0x000000004a013190       0xdc common/built-in.o
                0x000000004a013190                fdt_chosen
 .text.do_fixup_by_path
                0x000000004a01326c       0x54 common/built-in.o
                0x000000004a01326c                do_fixup_by_path
 .text.fdt_fixup_memory_banks
                0x000000004a0132c0      0x1b0 common/built-in.o
                0x000000004a0132c0                fdt_fixup_memory_banks
 .text.fdt_fixup_memory
                0x000000004a013470       0x20 common/built-in.o
                0x000000004a013470                fdt_fixup_memory
 .text.fdt_fixup_ethernet
                0x000000004a013490      0x1a4 common/built-in.o
                0x000000004a013490                fdt_fixup_ethernet
 .text.fdt_shrink_to_minimum
                0x000000004a013634       0xd4 common/built-in.o
                0x000000004a013634                fdt_shrink_to_minimum
 .text.fdt_translate_address
                0x000000004a013708      0x29c common/built-in.o
                0x000000004a013708                fdt_translate_address
 .text.fdt_setup_simplefb_node
                0x000000004a0139a4      0x200 common/built-in.o
                0x000000004a0139a4                fdt_setup_simplefb_node
 .text.miiphy_get_dev_by_name
                0x000000004a013ba4       0x60 common/built-in.o
                0x000000004a013ba4                miiphy_get_dev_by_name
 .text.miiphy_init
                0x000000004a013c04       0x24 common/built-in.o
                0x000000004a013c04                miiphy_init
 .text.mdio_alloc
                0x000000004a013c28       0x30 common/built-in.o
                0x000000004a013c28                mdio_alloc
 .text.mdio_free
                0x000000004a013c58        0x4 common/built-in.o
                0x000000004a013c58                mdio_free
 .text.mdio_register
                0x000000004a013c5c       0x94 common/built-in.o
                0x000000004a013c5c                mdio_register
 .text.mdio_unregister
                0x000000004a013cf0       0x3c common/built-in.o
                0x000000004a013cf0                mdio_unregister
 .text.mdio_list_devices
                0x000000004a013d2c       0x9c common/built-in.o
                0x000000004a013d2c                mdio_list_devices
 .text.miiphy_set_current_dev
                0x000000004a013dc8       0x40 common/built-in.o
                0x000000004a013dc8                miiphy_set_current_dev
 .text.miiphy_get_active_dev
                0x000000004a013e08       0x54 common/built-in.o
 .text.mdio_get_current_dev
                0x000000004a013e5c       0x10 common/built-in.o
                0x000000004a013e5c                mdio_get_current_dev
 .text.mdio_phydev_for_ethname
                0x000000004a013e6c       0x8c common/built-in.o
                0x000000004a013e6c                mdio_phydev_for_ethname
 .text.miiphy_get_current_dev
                0x000000004a013ef8       0x18 common/built-in.o
                0x000000004a013ef8                miiphy_get_current_dev
 .text.miiphy_read
                0x000000004a013f10       0x4c common/built-in.o
                0x000000004a013f10                miiphy_read
 .text.miiphy_write
                0x000000004a013f5c       0x40 common/built-in.o
                0x000000004a013f5c                miiphy_write
 .text.miiphy_listdev
                0x000000004a013f9c       0x74 common/built-in.o
                0x000000004a013f9c                miiphy_listdev
 .text.miiphy_info
                0x000000004a014010       0x88 common/built-in.o
                0x000000004a014010                miiphy_info
 .text.miiphy_is_1000base_x
                0x000000004a014098       0x44 common/built-in.o
                0x000000004a014098                miiphy_is_1000base_x
 .text.miiphy_speed
                0x000000004a0140dc      0x120 common/built-in.o
                0x000000004a0140dc                miiphy_speed
 .text.miiphy_duplex
                0x000000004a0141fc      0x148 common/built-in.o
                0x000000004a0141fc                miiphy_duplex
 .text.usb_set_maxpacket_ep
                0x000000004a014344       0x70 common/built-in.o
 .text.usb_control_msg
                0x000000004a0143b4       0x9c common/built-in.o
                0x000000004a0143b4                usb_control_msg
 .text.usb_get_descriptor
                0x000000004a014450       0x58 common/built-in.o
 .text.get_descriptor_len
                0x000000004a0144a8       0x90 common/built-in.o
 .text.usb_get_string
                0x000000004a014538       0x70 common/built-in.o
 .text.usb_string_sub
                0x000000004a0145a8      0x108 common/built-in.o
 .text.usb_bulk_msg
                0x000000004a0146b0       0x70 common/built-in.o
                0x000000004a0146b0                usb_bulk_msg
 .text.usb_maxpacket
                0x000000004a014720       0x1c common/built-in.o
                0x000000004a014720                usb_maxpacket
 .text.usb_clear_halt
                0x000000004a01473c       0x90 common/built-in.o
                0x000000004a01473c                usb_clear_halt
 .text.usb_get_configuration_len
                0x000000004a0147cc       0x74 common/built-in.o
                0x000000004a0147cc                usb_get_configuration_len
 .text.usb_get_configuration_no
                0x000000004a014840       0x34 common/built-in.o
                0x000000004a014840                usb_get_configuration_no
 .text.usb_set_interface
                0x000000004a014874       0xb4 common/built-in.o
                0x000000004a014874                usb_set_interface
 .text.usb_set_protocol
                0x000000004a014928       0x4c common/built-in.o
                0x000000004a014928                usb_set_protocol
 .text.usb_set_idle
                0x000000004a014974       0x54 common/built-in.o
                0x000000004a014974                usb_set_idle
 .text.usb_string
                0x000000004a0149c8      0x100 common/built-in.o
                0x000000004a0149c8                usb_string
 .text.usb_select_config
                0x000000004a014ac8      0x47c common/built-in.o
                0x000000004a014ac8                usb_select_config
 .text.usb_setup_device
                0x000000004a014f44      0x198 common/built-in.o
                0x000000004a014f44                usb_setup_device
 .text.usb_device_has_child_on_port
                0x000000004a0150dc        0x8 common/built-in.o
                0x000000004a0150dc                usb_device_has_child_on_port
 .text.usb_find_usb2_hub_address_port
                0x000000004a0150e4       0x78 common/built-in.o
                0x000000004a0150e4                usb_find_usb2_hub_address_port
 .text.usb_set_port_feature
                0x000000004a01515c       0x4c common/built-in.o
 .text.usb_clear_port_feature
                0x000000004a0151a8       0x4c common/built-in.o
 .text.usb_get_hub_descriptor
                0x000000004a0151f4       0x4c common/built-in.o
 .text.usb_hub_reset_devices
                0x000000004a015240        0x4 common/built-in.o
                0x000000004a015240                usb_hub_reset_devices
 .text.usb_get_port_status
                0x000000004a015244       0x4c common/built-in.o
                0x000000004a015244                usb_get_port_status
 .text.usb_hub_reset
                0x000000004a015290       0x20 common/built-in.o
                0x000000004a015290                usb_hub_reset
 .text.legacy_hub_port_reset
                0x000000004a0152b0       0xac common/built-in.o
                0x000000004a0152b0                legacy_hub_port_reset
 .text.usb_hub_port_connect_change
                0x000000004a01535c      0x118 common/built-in.o
                0x000000004a01535c                usb_hub_port_connect_change
 .text.usb_hub_configure
                0x000000004a015474      0x4b8 common/built-in.o
 .text.usb_hub_scan
                0x000000004a01592c       0x10 common/built-in.o
                0x000000004a01592c                usb_hub_scan
 .text.usb_hub_post_probe
                0x000000004a01593c        0x4 common/built-in.o
 .text.usb_stor_irq
                0x000000004a015940       0x1c common/built-in.o
 .text.usb_stor_BBB_reset
                0x000000004a01595c      0x100 common/built-in.o
 .text.usb_stor_CB_reset
                0x000000004a015a5c       0xdc common/built-in.o
 .text.usb_stor_BBB_clear_endpt_stall.isra.0
                0x000000004a015b38       0x40 common/built-in.o
 .text.usb_stor_BBB_transport
                0x000000004a015b78      0x270 common/built-in.o
 .text.usb_stor_CB_comdat
                0x000000004a015de8      0x204 common/built-in.o
 .text.usb_stor_CBI_get_status.isra.2
                0x000000004a015fec       0xd4 common/built-in.o
 .text.usb_stor_CB_transport
                0x000000004a0160c0      0x234 common/built-in.o
 .text.usb_request_sense.constprop.10
                0x000000004a0162f4       0x70 common/built-in.o
 .text.usb_stor_read
                0x000000004a016364      0x1b0 common/built-in.o
 .text.usb_stor_write
                0x000000004a016514      0x1b0 common/built-in.o
 .text.usb_stor_info
                0x000000004a0166c4       0x74 common/built-in.o
                0x000000004a0166c4                usb_stor_info
 .text.usb_stor_reset
                0x000000004a016738       0x14 common/built-in.o
                0x000000004a016738                usb_stor_reset
 .text.usb_stor_scan
                0x000000004a01674c       0x48 common/built-in.o
                0x000000004a01674c                usb_stor_scan
 .text.usb_storage_probe
                0x000000004a016794      0x204 common/built-in.o
                0x000000004a016794                usb_storage_probe
 .text.usb_stor_get_info
                0x000000004a016998      0x328 common/built-in.o
                0x000000004a016998                usb_stor_get_info
 .text.usb_mass_storage_probe
                0x000000004a016cc0      0x1c4 common/built-in.o
 .text.iomux_doenv
                0x000000004a016e84      0x1c8 common/built-in.o
                0x000000004a016e84                iomux_doenv
 .text.snip     0x000000004a01704c       0x64 common/built-in.o
 .text.edid_check_info
                0x000000004a0170b0       0x54 common/built-in.o
                0x000000004a0170b0                edid_check_info
 .text.edid_check_checksum
                0x000000004a017104       0x30 common/built-in.o
                0x000000004a017104                edid_check_checksum
 .text.edid_print_info
                0x000000004a017134      0x610 common/built-in.o
                0x000000004a017134                edid_print_info
 .text.menu_display_statusline
                0x000000004a017744        0x4 common/built-in.o
                0x000000004a017744                menu_display_statusline
 .text.menu_default_set
                0x000000004a017748       0x88 common/built-in.o
                0x000000004a017748                menu_default_set
 .text.menu_get_choice
                0x000000004a0177d0      0x1dc common/built-in.o
                0x000000004a0177d0                menu_get_choice
 .text.menu_item_add
                0x000000004a0179ac       0xdc common/built-in.o
                0x000000004a0179ac                menu_item_add
 .text.menu_create
                0x000000004a017a88       0x90 common/built-in.o
                0x000000004a017a88                menu_create
 .text.menu_destroy
                0x000000004a017b18       0x74 common/built-in.o
                0x000000004a017b18                menu_destroy
 .text.scsi_ident_cpy
                0x000000004a017b8c       0x60 common/built-in.o
 .text.scsi_write
                0x000000004a017bec      0x180 common/built-in.o
 .text.scsi_setup_read16
                0x000000004a017d6c       0x8c common/built-in.o
                0x000000004a017d6c                scsi_setup_read16
 .text.scsi_read
                0x000000004a017df8      0x1ec common/built-in.o
 .text.scsi_scan
                0x000000004a017fe4      0x478 common/built-in.o
                0x000000004a017fe4                scsi_scan
 .text.usb_kbd_remove
                0x000000004a01845c       0xa0 common/built-in.o
 .text.usb_kbd_translate.part.0
                0x000000004a0184fc      0x138 common/built-in.o
 .text.usb_kbd_probe
                0x000000004a018634      0x1e4 common/built-in.o
 .text.usb_kbd_irq_worker
                0x000000004a018818      0x1b4 common/built-in.o
 .text.usb_kbd_getc
                0x000000004a0189cc       0xd8 common/built-in.o
 .text.usb_kbd_testc
                0x000000004a018aa4       0xf4 common/built-in.o
 .text.usb_kbd_irq
                0x000000004a018b98       0x24 common/built-in.o
 .text.env_get_char_spec
                0x000000004a018bbc        0xc common/built-in.o
                0x000000004a018bbc                env_get_char_spec
 .text.env_get_addr
                0x000000004a018bc8       0x20 common/built-in.o
                0x000000004a018bc8                env_get_addr
 .text.env_get_char_memory
                0x000000004a018be8       0x10 common/built-in.o
                0x000000004a018be8                env_get_char_memory
 .text.env_get_char
                0x000000004a018bf8       0x30 common/built-in.o
                0x000000004a018bf8                env_get_char
 .text.getenv_yesno
                0x000000004a018c28       0x40 common/built-in.o
                0x000000004a018c28                getenv_yesno
 .text.getenv_default
                0x000000004a018c68       0x30 common/built-in.o
                0x000000004a018c68                getenv_default
 .text.set_default_env
                0x000000004a018c98       0xcc common/built-in.o
                0x000000004a018c98                set_default_env
 .text.set_default_vars
                0x000000004a018d64       0x38 common/built-in.o
                0x000000004a018d64                set_default_vars
 .text.env_import
                0x000000004a018d9c       0xe0 common/built-in.o
                0x000000004a018d9c                env_import
 .text.env_export
                0x000000004a018e7c       0xa4 common/built-in.o
                0x000000004a018e7c                env_export
 .text.env_relocate
                0x000000004a018f20       0x2c common/built-in.o
                0x000000004a018f20                env_relocate
 .text.env_complete
                0x000000004a018f4c       0xf0 common/built-in.o
                0x000000004a018f4c                env_complete
 .text.console_tstc
                0x000000004a01903c       0x88 common/built-in.o
 .text.console_putc
                0x000000004a0190c4       0x54 common/built-in.o
 .text.console_puts
                0x000000004a019118       0x54 common/built-in.o
 .text.pre_console_putc
                0x000000004a01916c       0x1c common/built-in.o
 .text.on_console
                0x000000004a019188       0xbc common/built-in.o
 .text.serial_printf
                0x000000004a019244       0x50 common/built-in.o
                0x000000004a019244                serial_printf
 .text.console_getc.isra.0
                0x000000004a019294       0x28 common/built-in.o
 .text.putc     0x000000004a0192bc       0x38 common/built-in.o
                0x000000004a0192bc                putc
 .text.tstc     0x000000004a0192f4       0x24 common/built-in.o
                0x000000004a0192f4                tstc
 .text.getc     0x000000004a019318       0x44 common/built-in.o
                0x000000004a019318                getc
 .text.puts     0x000000004a01935c       0x70 common/built-in.o
                0x000000004a01935c                puts
 .text.print_pre_console_buffer
                0x000000004a0193cc       0xf4 common/built-in.o
 .text.fputs    0x000000004a0194c0        0xc common/built-in.o
                0x000000004a0194c0                fputs
 .text.fprintf  0x000000004a0194cc       0x58 common/built-in.o
                0x000000004a0194cc                fprintf
 .text.ctrlc    0x000000004a019524       0x58 common/built-in.o
                0x000000004a019524                ctrlc
 .text.disable_ctrlc
                0x000000004a01957c       0x18 common/built-in.o
                0x000000004a01957c                disable_ctrlc
 .text.had_ctrlc
                0x000000004a019594       0x10 common/built-in.o
                0x000000004a019594                had_ctrlc
 .text.clear_ctrlc
                0x000000004a0195a4       0x14 common/built-in.o
                0x000000004a0195a4                clear_ctrlc
 .text.search_device
                0x000000004a0195b8       0x28 common/built-in.o
                0x000000004a0195b8                search_device
 .text.console_assign
                0x000000004a0195e0       0xd8 common/built-in.o
                0x000000004a0195e0                console_assign
 .text.console_init_f
                0x000000004a0196b8       0x1c common/built-in.o
                0x000000004a0196b8                console_init_f
 .text.stdio_print_current_devices
                0x000000004a0196d4       0xb0 common/built-in.o
                0x000000004a0196d4                stdio_print_current_devices
 .text.console_init_r
                0x000000004a019784      0x1bc common/built-in.o
                0x000000004a019784                console_init_r
 .text.sbrk     0x000000004a019940       0x6c common/built-in.o
                0x000000004a019940                sbrk
 .text.mem_malloc_init
                0x000000004a0199ac       0x2c common/built-in.o
                0x000000004a0199ac                mem_malloc_init
 .text.malloc_trim
                0x000000004a0199d8       0xcc common/built-in.o
                0x000000004a0199d8                malloc_trim
 .text.free     0x000000004a019aa4      0x24c common/built-in.o
                0x000000004a019aa4                free
 .text.malloc   0x000000004a019cf0      0x628 common/built-in.o
                0x000000004a019cf0                malloc
 .text.calloc   0x000000004a01a318      0x110 common/built-in.o
                0x000000004a01a318                calloc
 .text.realloc  0x000000004a01a428      0x4e0 common/built-in.o
                0x000000004a01a428                realloc
 .text.memalign
                0x000000004a01a908      0x170 common/built-in.o
                0x000000004a01a908                memalign
 .text.initf_malloc
                0x000000004a01aa78       0x18 common/built-in.o
                0x000000004a01aa78                initf_malloc
 .text.malloc_simple
                0x000000004a01aa90       0x30 common/built-in.o
                0x000000004a01aa90                malloc_simple
 .text.on_loadaddr
                0x000000004a01aac0       0x38 common/built-in.o
 .text.image_check_hcrc
                0x000000004a01aaf8       0x4c common/built-in.o
                0x000000004a01aaf8                image_check_hcrc
 .text.image_check_dcrc
                0x000000004a01ab44       0x38 common/built-in.o
                0x000000004a01ab44                image_check_dcrc
 .text.image_multi_count
                0x000000004a01ab7c       0x1c common/built-in.o
                0x000000004a01ab7c                image_multi_count
 .text.image_multi_getimg
                0x000000004a01ab98       0x80 common/built-in.o
                0x000000004a01ab98                image_multi_getimg
 .text.getenv_bootm_low
                0x000000004a01ac18       0x30 common/built-in.o
                0x000000004a01ac18                getenv_bootm_low
 .text.getenv_bootm_size
                0x000000004a01ac48       0x68 common/built-in.o
                0x000000004a01ac48                getenv_bootm_size
 .text.getenv_bootm_mapsize
                0x000000004a01acb0       0x30 common/built-in.o
                0x000000004a01acb0                getenv_bootm_mapsize
 .text.memmove_wd
                0x000000004a01ace0        0xc common/built-in.o
                0x000000004a01ace0                memmove_wd
 .text.genimg_print_size
                0x000000004a01acec       0x30 common/built-in.o
                0x000000004a01acec                genimg_print_size
 .text.get_table_entry
                0x000000004a01ad1c       0x24 common/built-in.o
                0x000000004a01ad1c                get_table_entry
 .text.get_table_entry_name
                0x000000004a01ad40       0x20 common/built-in.o
                0x000000004a01ad40                get_table_entry_name
 .text.genimg_get_os_name
                0x000000004a01ad60       0x18 common/built-in.o
                0x000000004a01ad60                genimg_get_os_name
 .text.genimg_get_arch_name
                0x000000004a01ad78       0x18 common/built-in.o
                0x000000004a01ad78                genimg_get_arch_name
 .text.genimg_get_type_name
                0x000000004a01ad90       0x18 common/built-in.o
                0x000000004a01ad90                genimg_get_type_name
 .text.genimg_get_comp_name
                0x000000004a01ada8       0x18 common/built-in.o
                0x000000004a01ada8                genimg_get_comp_name
 .text.image_print_contents
                0x000000004a01adc0      0x1a8 common/built-in.o
                0x000000004a01adc0                image_print_contents
 .text.genimg_get_kernel_addr_fit
                0x000000004a01af68       0x24 common/built-in.o
                0x000000004a01af68                genimg_get_kernel_addr_fit
 .text.genimg_get_kernel_addr
                0x000000004a01af8c       0x24 common/built-in.o
                0x000000004a01af8c                genimg_get_kernel_addr
 .text.genimg_get_format
                0x000000004a01afb0       0x34 common/built-in.o
                0x000000004a01afb0                genimg_get_format
 .text.genimg_get_image
                0x000000004a01afe4        0x4 common/built-in.o
                0x000000004a01afe4                genimg_get_image
 .text.genimg_has_config
                0x000000004a01afe8        0x8 common/built-in.o
                0x000000004a01afe8                genimg_has_config
 .text.boot_get_ramdisk
                0x000000004a01aff0      0x274 common/built-in.o
                0x000000004a01aff0                boot_get_ramdisk
 .text.boot_ramdisk_high
                0x000000004a01b264      0x138 common/built-in.o
                0x000000004a01b264                boot_ramdisk_high
 .text.boot_get_setup
                0x000000004a01b39c        0x8 common/built-in.o
                0x000000004a01b39c                boot_get_setup
 .text.image_setup_linux
                0x000000004a01b3a4       0x68 common/built-in.o
                0x000000004a01b3a4                image_setup_linux
 .text.fdt_error
                0x000000004a01b40c       0x2c common/built-in.o
 .text.boot_fdt_add_mem_rsv_regions
                0x000000004a01b438       0x88 common/built-in.o
                0x000000004a01b438                boot_fdt_add_mem_rsv_regions
 .text.boot_relocate_fdt
                0x000000004a01b4c0      0x198 common/built-in.o
                0x000000004a01b4c0                boot_relocate_fdt
 .text.boot_get_fdt
                0x000000004a01b658      0x2ac common/built-in.o
                0x000000004a01b658                boot_get_fdt
 .text.ft_verify_fdt
                0x000000004a01b904        0x8 common/built-in.o
                0x000000004a01b904                ft_verify_fdt
 .text.image_setup_libfdt
                0x000000004a01b90c      0x138 common/built-in.o
                0x000000004a01b90c                image_setup_libfdt
 .text.get_ram_size
                0x000000004a01ba44       0xe0 common/built-in.o
                0x000000004a01ba44                get_ram_size
 .text.get_effective_memsize
                0x000000004a01bb24        0x8 common/built-in.o
                0x000000004a01bb24                get_effective_memsize
 .text.nulldev_putc
                0x000000004a01bb2c        0x4 common/built-in.o
 .text.nulldev_puts
                0x000000004a01bb30        0x4 common/built-in.o
 .text.nulldev_input
                0x000000004a01bb34        0x8 common/built-in.o
 .text.stdio_serial_tstc
                0x000000004a01bb3c        0x4 common/built-in.o
 .text.stdio_serial_getc
                0x000000004a01bb40        0x4 common/built-in.o
 .text.stdio_serial_puts
                0x000000004a01bb44        0x8 common/built-in.o
 .text.stdio_serial_putc
                0x000000004a01bb4c        0x8 common/built-in.o
 .text.stdio_get_list
                0x000000004a01bb54        0xc common/built-in.o
                0x000000004a01bb54                stdio_get_list
 .text.stdio_get_by_name
                0x000000004a01bb60       0x5c common/built-in.o
                0x000000004a01bb60                stdio_get_by_name
 .text.stdio_clone
                0x000000004a01bbbc       0x38 common/built-in.o
                0x000000004a01bbbc                stdio_clone
 .text.stdio_register_dev
                0x000000004a01bbf4       0x50 common/built-in.o
                0x000000004a01bbf4                stdio_register_dev
 .text.stdio_register
                0x000000004a01bc44        0x8 common/built-in.o
                0x000000004a01bc44                stdio_register
 .text.stdio_deregister_dev
                0x000000004a01bc4c       0xf0 common/built-in.o
                0x000000004a01bc4c                stdio_deregister_dev
 .text.stdio_init_tables
                0x000000004a01bd3c       0x1c common/built-in.o
                0x000000004a01bd3c                stdio_init_tables
 .text.stdio_add_devices
                0x000000004a01bd58      0x130 common/built-in.o
                0x000000004a01bd58                stdio_add_devices
 .text.cli_simple_process_macros
                0x000000004a01be88      0x218 common/built-in.o
                0x000000004a01be88                cli_simple_process_macros
 .text.run_command
                0x000000004a01c0a0       0x10 common/built-in.o
                0x000000004a01c0a0                run_command
 .text.run_command_list
                0x000000004a01c0b0       0x7c common/built-in.o
                0x000000004a01c0b0                run_command_list
 .text.do_run   0x000000004a01c12c       0x78 common/built-in.o
                0x000000004a01c12c                do_run
 .text.cli_process_fdt
                0x000000004a01c1a4       0x40 common/built-in.o
                0x000000004a01c1a4                cli_process_fdt
 .text.cli_secure_boot_cmd
                0x000000004a01c1e4       0x78 common/built-in.o
                0x000000004a01c1e4                cli_secure_boot_cmd
 .text.cli_loop
                0x000000004a01c25c        0xc common/built-in.o
                0x000000004a01c25c                cli_loop
 .text.cli_init
                0x000000004a01c268        0x4 common/built-in.o
                0x000000004a01c268                cli_init
 .text.delete_char.part.0
                0x000000004a01c26c       0xd0 common/built-in.o
 .text.cread_add_char
                0x000000004a01c33c       0xe8 common/built-in.o
 .text.cli_readline_into_buffer
                0x000000004a01c424      0xa74 common/built-in.o
                0x000000004a01c424                cli_readline_into_buffer
 .text.cli_readline
                0x000000004a01ce98       0x14 common/built-in.o
                0x000000004a01ce98                cli_readline
 .text.find_cmd_tbl
                0x000000004a01ceac       0xa4 common/built-in.o
                0x000000004a01ceac                find_cmd_tbl
 .text.find_cmd
                0x000000004a01cf50       0x28 common/built-in.o
                0x000000004a01cf50                find_cmd
 .text.cmd_usage
                0x000000004a01cf78       0x5c common/built-in.o
                0x000000004a01cf78                cmd_usage
 .text._do_help
                0x000000004a01cfd4      0x178 common/built-in.o
                0x000000004a01cfd4                _do_help
 .text.var_complete
                0x000000004a01d14c       0x84 common/built-in.o
                0x000000004a01d14c                var_complete
 .text.cmd_auto_complete
                0x000000004a01d1d0      0x4b4 common/built-in.o
                0x000000004a01d1d0                cmd_auto_complete
 .text.cmd_get_data_size
                0x000000004a01d684       0x5c common/built-in.o
                0x000000004a01d684                cmd_get_data_size
 .text.cmd_process
                0x000000004a01d6e0       0xec common/built-in.o
                0x000000004a01d6e0                cmd_process
 .text.cmd_process_error
                0x000000004a01d7cc       0x30 common/built-in.o
                0x000000004a01d7cc                cmd_process_error
 .text.hex1_bin
                0x000000004a01d7fc       0x40 common/built-in.o
 .text.hex2_bin
                0x000000004a01d83c       0x38 common/built-in.o
 .text.srec_decode
                0x000000004a01d874      0x254 common/built-in.o
                0x000000004a01d874                srec_decode
 .text.CYGACC_COMM_IF_GETC_TIMEOUT.isra.0
                0x000000004a01dac8       0x4c common/built-in.o
 .text.xyzModem_flush
                0x000000004a01db14       0x1c common/built-in.o
 .text.xyzModem_get_hdr
                0x000000004a01db30      0x238 common/built-in.o
 .text.xyzModem_stream_open
                0x000000004a01dd68      0x224 common/built-in.o
                0x000000004a01dd68                xyzModem_stream_open
 .text.xyzModem_stream_read
                0x000000004a01df8c      0x254 common/built-in.o
                0x000000004a01df8c                xyzModem_stream_read
 .text.xyzModem_stream_close
                0x000000004a01e1e0       0x54 common/built-in.o
                0x000000004a01e1e0                xyzModem_stream_close
 .text.xyzModem_stream_terminate
                0x000000004a01e234       0x94 common/built-in.o
                0x000000004a01e234                xyzModem_stream_terminate
 .text.xyzModem_error
                0x000000004a01e2c8       0x20 common/built-in.o
                0x000000004a01e2c8                xyzModem_error
 .text.blk_get_dev
                0x000000004a01e2e8       0x30 disk/built-in.o
                0x000000004a01e2e8                blk_get_dev
 .text.dev_print
                0x000000004a01e318      0x238 disk/built-in.o
                0x000000004a01e318                dev_print
 .text.part_init
                0x000000004a01e550       0x54 disk/built-in.o
                0x000000004a01e550                part_init
 .text.part_print
                0x000000004a01e5a4      0x12c disk/built-in.o
                0x000000004a01e5a4                part_print
 .text.part_get_info
                0x000000004a01e6d0       0x70 disk/built-in.o
                0x000000004a01e6d0                part_get_info
 .text.blk_get_device_by_str
                0x000000004a01e740      0x150 disk/built-in.o
                0x000000004a01e740                blk_get_device_by_str
 .text.blk_get_device_part_str
                0x000000004a01e890      0x40c disk/built-in.o
                0x000000004a01e890                blk_get_device_part_str
 .text.part_set_generic_name
                0x000000004a01ec9c       0x4c disk/built-in.o
                0x000000004a01ec9c                part_set_generic_name
 .text.test_block_type
                0x000000004a01ece8       0x84 disk/built-in.o
 .text.print_partition_extended
                0x000000004a01ed6c      0x2b4 disk/built-in.o
 .text.part_print_dos
                0x000000004a01f020       0x40 disk/built-in.o
                0x000000004a01f020                part_print_dos
 .text.part_test_dos
                0x000000004a01f060       0x70 disk/built-in.o
 .text.part_get_info_extended
                0x000000004a01f0d0      0x310 disk/built-in.o
 .text.part_get_info_dos
                0x000000004a01f3e0       0x34 disk/built-in.o
                0x000000004a01f3e0                part_get_info_dos
 .text.iso_dread
                0x000000004a01f414       0x58 disk/built-in.o
                0x000000004a01f414                iso_dread
 .text.part_get_info_iso_verb
                0x000000004a01f46c      0x44c disk/built-in.o
                0x000000004a01f46c                part_get_info_iso_verb
 .text.part_test_iso
                0x000000004a01f8b8       0x20 disk/built-in.o
 .text.part_print_iso
                0x000000004a01f8d8       0x9c disk/built-in.o
 .text.part_get_info_iso
                0x000000004a01f974        0x8 disk/built-in.o
 .text.print_efiname
                0x000000004a01f97c       0x58 disk/built-in.o
 .text.part_test_efi
                0x000000004a01f9d4       0xd8 disk/built-in.o
 .text.validate_gpt_entries
                0x000000004a01faac       0x98 disk/built-in.o
 *fill*         0x000000004a01fb44        0x4 
 .text.validate_gpt_header
                0x000000004a01fb48      0x230 disk/built-in.o
 .text.is_gpt_valid
                0x000000004a01fd78      0x1f0 disk/built-in.o
 .text.is_pte_valid
                0x000000004a01ff68       0x58 disk/built-in.o
 .text.part_print_efi
                0x000000004a01ffc0      0x270 disk/built-in.o
                0x000000004a01ffc0                part_print_efi
 .text.part_get_info_efi
                0x000000004a020230      0x234 disk/built-in.o
                0x000000004a020230                part_get_info_efi
 .text.device_bind_common.isra.0
                0x000000004a020464      0x348 drivers/built-in.o
 .text.alloc_priv
                0x000000004a0207ac       0x54 drivers/built-in.o
 .text.device_bind_with_driver_data
                0x000000004a020800       0x24 drivers/built-in.o
                0x000000004a020800                device_bind_with_driver_data
 .text.device_bind
                0x000000004a020824       0x28 drivers/built-in.o
                0x000000004a020824                device_bind
 .text.device_bind_by_name
                0x000000004a02084c       0x68 drivers/built-in.o
                0x000000004a02084c                device_bind_by_name
 .text.device_probe
                0x000000004a0208b4      0x238 drivers/built-in.o
                0x000000004a0208b4                device_probe
 .text.dev_get_platdata
                0x000000004a020aec       0x34 drivers/built-in.o
                0x000000004a020aec                dev_get_platdata
 .text.dev_get_parent_platdata
                0x000000004a020b20       0x34 drivers/built-in.o
                0x000000004a020b20                dev_get_parent_platdata
 .text.dev_get_uclass_platdata
                0x000000004a020b54       0x34 drivers/built-in.o
                0x000000004a020b54                dev_get_uclass_platdata
 .text.dev_get_priv
                0x000000004a020b88       0x34 drivers/built-in.o
                0x000000004a020b88                dev_get_priv
 .text.dev_get_uclass_priv
                0x000000004a020bbc       0x34 drivers/built-in.o
                0x000000004a020bbc                dev_get_uclass_priv
 .text.dev_get_parent_priv
                0x000000004a020bf0       0x34 drivers/built-in.o
                0x000000004a020bf0                dev_get_parent_priv
 .text.device_get_child
                0x000000004a020c24       0x58 drivers/built-in.o
                0x000000004a020c24                device_get_child
 .text.device_find_first_child
                0x000000004a020c7c       0x1c drivers/built-in.o
                0x000000004a020c7c                device_find_first_child
 .text.device_find_next_child
                0x000000004a020c98       0x28 drivers/built-in.o
                0x000000004a020c98                device_find_next_child
 .text.dev_get_driver_data
                0x000000004a020cc0        0x8 drivers/built-in.o
                0x000000004a020cc0                dev_get_driver_data
 .text.device_get_uclass_id
                0x000000004a020cc8       0x10 drivers/built-in.o
                0x000000004a020cc8                device_get_uclass_id
 .text.dev_get_addr_index
                0x000000004a020cd8       0xac drivers/built-in.o
                0x000000004a020cd8                dev_get_addr_index
 .text.dev_get_addr
                0x000000004a020d84        0x8 drivers/built-in.o
                0x000000004a020d84                dev_get_addr
 .text.device_has_active_children
                0x000000004a020d8c       0x3c drivers/built-in.o
                0x000000004a020d8c                device_has_active_children
 .text.device_is_last_sibling
                0x000000004a020dc8       0x24 drivers/built-in.o
                0x000000004a020dc8                device_is_last_sibling
 .text.lists_driver_lookup_name
                0x000000004a020dec       0x4c drivers/built-in.o
                0x000000004a020dec                lists_driver_lookup_name
 .text.lists_uclass_lookup
                0x000000004a020e38       0x3c drivers/built-in.o
                0x000000004a020e38                lists_uclass_lookup
 .text.lists_bind_drivers
                0x000000004a020e74       0x88 drivers/built-in.o
                0x000000004a020e74                lists_bind_drivers
 .text.device_bind_driver_to_node
                0x000000004a020efc       0x48 drivers/built-in.o
                0x000000004a020efc                device_bind_driver_to_node
 .text.device_bind_driver
                0x000000004a020f44       0x18 drivers/built-in.o
                0x000000004a020f44                device_bind_driver
 .text.lists_bind_fdt
                0x000000004a020f5c      0x190 drivers/built-in.o
                0x000000004a020f5c                lists_bind_fdt
 .text.dm_root  0x000000004a0210ec       0x2c drivers/built-in.o
                0x000000004a0210ec                dm_root
 .text.dm_get_translation_offset
                0x000000004a021118       0x14 drivers/built-in.o
                0x000000004a021118                dm_get_translation_offset
 .text.dm_init  0x000000004a02112c       0x64 drivers/built-in.o
                0x000000004a02112c                dm_init
 .text.dm_remove_devices_flags
                0x000000004a021190       0x1c drivers/built-in.o
                0x000000004a021190                dm_remove_devices_flags
 .text.dm_scan_platdata
                0x000000004a0211ac       0x2c drivers/built-in.o
                0x000000004a0211ac                dm_scan_platdata
 .text.dm_scan_fdt_node
                0x000000004a0211d8       0xbc drivers/built-in.o
                0x000000004a0211d8                dm_scan_fdt_node
 .text.dm_scan_fdt_dev
                0x000000004a021294       0x28 drivers/built-in.o
                0x000000004a021294                dm_scan_fdt_dev
 .text.dm_scan_fdt
                0x000000004a0212bc       0x18 drivers/built-in.o
                0x000000004a0212bc                dm_scan_fdt
 .text.dm_scan_other
                0x000000004a0212d4        0x8 drivers/built-in.o
                0x000000004a0212d4                dm_scan_other
 .text.dm_init_and_scan
                0x000000004a0212dc       0x44 drivers/built-in.o
                0x000000004a0212dc                dm_init_and_scan
 .text.uclass_find
                0x000000004a021320       0x4c drivers/built-in.o
                0x000000004a021320                uclass_find
 .text.uclass_get
                0x000000004a02136c      0x124 drivers/built-in.o
                0x000000004a02136c                uclass_get
 .text.uclass_find_device
                0x000000004a021490       0x74 drivers/built-in.o
                0x000000004a021490                uclass_find_device
 .text.uclass_find_first_device
                0x000000004a021504       0x3c drivers/built-in.o
                0x000000004a021504                uclass_find_first_device
 .text.uclass_find_next_device
                0x000000004a021540       0x2c drivers/built-in.o
                0x000000004a021540                uclass_find_next_device
 .text.uclass_find_device_by_seq
                0x000000004a02156c       0x7c drivers/built-in.o
                0x000000004a02156c                uclass_find_device_by_seq
 .text.uclass_find_device_by_of_offset
                0x000000004a0215e8       0x6c drivers/built-in.o
                0x000000004a0215e8                uclass_find_device_by_of_offset
 .text.uclass_get_device_tail
                0x000000004a021654       0x2c drivers/built-in.o
                0x000000004a021654                uclass_get_device_tail
 .text.uclass_get_device
                0x000000004a021680       0x30 drivers/built-in.o
                0x000000004a021680                uclass_get_device
 .text.uclass_get_device_by_seq
                0x000000004a0216b0       0x54 drivers/built-in.o
                0x000000004a0216b0                uclass_get_device_by_seq
 .text.uclass_get_device_by_of_offset
                0x000000004a021704       0x30 drivers/built-in.o
                0x000000004a021704                uclass_get_device_by_of_offset
 .text.uclass_first_device
                0x000000004a021734       0x38 drivers/built-in.o
                0x000000004a021734                uclass_first_device
 .text.uclass_next_device
                0x000000004a02176c       0x40 drivers/built-in.o
                0x000000004a02176c                uclass_next_device
 .text.uclass_bind_device
                0x000000004a0217ac       0x7c drivers/built-in.o
                0x000000004a0217ac                uclass_bind_device
 .text.uclass_unbind_device
                0x000000004a021828       0x4c drivers/built-in.o
                0x000000004a021828                uclass_unbind_device
 .text.uclass_resolve_seq
                0x000000004a021874       0xb0 drivers/built-in.o
                0x000000004a021874                uclass_resolve_seq
 .text.uclass_pre_probe_device
                0x000000004a021924       0x64 drivers/built-in.o
                0x000000004a021924                uclass_pre_probe_device
 .text.uclass_post_probe_device
                0x000000004a021988       0x20 drivers/built-in.o
                0x000000004a021988                uclass_post_probe_device
 .text.uclass_pre_remove_device
                0x000000004a0219a8       0x20 drivers/built-in.o
                0x000000004a0219a8                uclass_pre_remove_device
 .text.dm_warn  0x000000004a0219c8       0x28 drivers/built-in.o
                0x000000004a0219c8                dm_warn
 .text.dm_fdt_pre_reloc
                0x000000004a0219f0       0x68 drivers/built-in.o
                0x000000004a0219f0                dm_fdt_pre_reloc
 .text.device_unbind
                0x000000004a021a58      0x150 drivers/built-in.o
                0x000000004a021a58                device_unbind
 .text.device_free
                0x000000004a021ba8       0x90 drivers/built-in.o
                0x000000004a021ba8                device_free
 .text.device_remove
                0x000000004a021c38      0x178 drivers/built-in.o
                0x000000004a021c38                device_remove
 .text.simple_bus_post_bind
                0x000000004a021db0       0x64 drivers/built-in.o
 .text.show_devices
                0x000000004a021e14       0xfc drivers/built-in.o
 .text.dm_dump_all
                0x000000004a021f10       0x3c drivers/built-in.o
                0x000000004a021f10                dm_dump_all
 .text.dm_dump_uclass
                0x000000004a021f4c       0xdc drivers/built-in.o
                0x000000004a021f4c                dm_dump_uclass
 .text.get_desc
                0x000000004a022028       0x6c drivers/built-in.o
 .text.blk_driver_lookup_type
                0x000000004a022094       0x3c drivers/built-in.o
                0x000000004a022094                blk_driver_lookup_type
 .text.blk_list_part