i2c.c:1644:5:do_edid	144	static
i2c.c:1991:12:do_i2c	24	static
i2c.c:1849:12:do_i2c_bus_speed	8	static
i2c.c:1921:12:do_i2c_reset	8	static
i2c.c:951:12:do_i2c_probe	24	static
i2c.c:1798:12:do_i2c_bus_num	8	static
i2c.c:1711:12:do_i2c_show_bus	24	static
i2c.c:252:13:get_alen.constprop	0	static
i2c.c:718:12:do_i2c_crc	48	static
i2c.c:803:1:mod_i2c_mem.isra.3	48	static
i2c.c:1907:12:do_i2c_nm	0	static
i2c.c:1892:12:do_i2c_mm	0	static
i2c.c:513:12:do_i2c_md	64	static
i2c.c:632:12:do_i2c_mw	40	static
i2c.c:347:12:do_i2c_write	40	static
i2c.c:294:12:do_i2c_read	32	static
i2c.c:1026:12:do_i2c_loop	56	static
i2c.c:195:6:i2c_init_board	0	static
