designware.c:640:12:designware_eth_bind	0	static
designware.c:618:5:designware_eth_free_pkt	16	static
designware.c:52:12:dw_mdio_write	16	static
designware.c:25:12:dw_mdio_read	16	static
designware.c:611:5:designware_eth_recv	24	static
designware.c:604:5:designware_eth_send	48	static
designware.c:625:6:designware_eth_stop	8	static
designware.c:84:12:dw_mdio_reset	16	static
designware.c:656:5:designware_eth_probe	24	static
designware.c:715:5:designware_eth_ofdata_to_platdata	24	static
designware.c:695:12:designware_eth_remove	8	static
designware.c:632:5:designware_eth_write_hwaddr	16	static
designware.c:274:5:designware_eth_init	40	static
designware.c:333:5:designware_eth_enable	0	static
designware.c:588:12:designware_eth_start	16	static
